../LWIP/Target/ethernetif.c:93:13:phy_build_local_mac	24	static
../LWIP/Target/ethernetif.c:117:13:phy_addr_is_valid	24	static
../LWIP/Target/ethernetif.c:148:13:phy_find_address	24	static
../LWIP/Target/ethernetif.c:184:16:phy_get_link_state	32	static
../LWIP/Target/ethernetif.c:216:13:eth_hal_init_retry	16	static
../LWIP/Target/ethernetif.c:231:13:eth_start_it_retry	8	static
../LWIP/Target/ethernetif.c:245:13:phy_software_reset	24	static
../LWIP/Target/ethernetif.c:356:6:HAL_ETH_RxCpltCallback	16	static
../LWIP/Target/ethernetif.c:365:6:HAL_ETH_TxCpltCallback	16	static
../LWIP/Target/ethernetif.c:374:6:HAL_ETH_ErrorCallback	16	static
../LWIP/Target/ethernetif.c:396:13:low_level_init	168	static
../LWIP/Target/ethernetif.c:555:14:low_level_output	80	static
../LWIP/Target/ethernetif.c:627:22:low_level_input	24	static
../LWIP/Target/ethernetif.c:648:6:ethernetif_input	24	static
../LWIP/Target/ethernetif.c:705:7:ethernetif_init	16	static
../LWIP/Target/ethernetif.c:756:6:pbuf_free_custom	24	static
../LWIP/Target/ethernetif.c:779:7:sys_now	8	static
../LWIP/Target/ethernetif.c:792:6:HAL_ETH_MspInit	64	static
../LWIP/Target/ethernetif.c:847:6:HAL_ETH_MspDeInit	16	static
../LWIP/Target/ethernetif.c:891:9:ETH_PHY_IO_Init	8	static
../LWIP/Target/ethernetif.c:908:9:ETH_PHY_IO_DeInit	4	static
../LWIP/Target/ethernetif.c:920:9:ETH_PHY_IO_ReadReg	24	static
../LWIP/Target/ethernetif.c:937:9:ETH_PHY_IO_WriteReg	24	static
../LWIP/Target/ethernetif.c:951:9:ETH_PHY_IO_GetTick	8	static
../LWIP/Target/ethernetif.c:960:6:ethernet_link_thread	152	static
../LWIP/Target/ethernetif.c:1051:6:HAL_ETH_RxAllocateCallback	32	static
../LWIP/Target/ethernetif.c:1073:6:HAL_ETH_RxLinkCallback	40	static
../LWIP/Target/ethernetif.c:1110:6:HAL_ETH_TxFreeCallback	16	static
