C:\Users\AUTcomp\STM32CubeIDE\workspace_1.17.0\greenhouseOS\Middlewares\Third_Party\LwIP\src\core\def.c:76:1:lwip_htons	0	static
C:\Users\AUTcomp\STM32CubeIDE\workspace_1.17.0\greenhouseOS\Middlewares\Third_Party\LwIP\src\core\def.c:90:1:lwip_htonl	0	static
C:\Users\AUTcomp\STM32CubeIDE\workspace_1.17.0\greenhouseOS\Middlewares\Third_Party\LwIP\src\core\def.c:105:1:lwip_strnstr	24	static
C:\Users\AUTcomp\STM32CubeIDE\workspace_1.17.0\greenhouseOS\Middlewares\Third_Party\LwIP\src\core\def.c:128:1:lwip_stricmp	8	static
C:\Users\AUTcomp\STM32CubeIDE\workspace_1.17.0\greenhouseOS\Middlewares\Third_Party\LwIP\src\core\def.c:163:1:lwip_strnicmp	12	static
C:\Users\AUTcomp\STM32CubeIDE\workspace_1.17.0\greenhouseOS\Middlewares\Third_Party\LwIP\src\core\def.c:199:1:lwip_itoa	12	static
