C:\Users\AUTcomp\STM32CubeIDE\workspace_1.17.0\greenhouseOS\Core\Src\gh_modbus_map.c:113:13:map_ensure_mutex	8	static
C:\Users\AUTcomp\STM32CubeIDE\workspace_1.17.0\greenhouseOS\Core\Src\gh_modbus_map.c:129:13:map_lock	8	static
C:\Users\AUTcomp\STM32CubeIDE\workspace_1.17.0\greenhouseOS\Core\Src\gh_modbus_map.c:144:13:map_unlock	8	static
C:\Users\AUTcomp\STM32CubeIDE\workspace_1.17.0\greenhouseOS\Core\Src\gh_modbus_map.c:152:13:addr_to_index	24	static
C:\Users\AUTcomp\STM32CubeIDE\workspace_1.17.0\greenhouseOS\Core\Src\gh_modbus_map.c:183:13:slave_to_base	24	static
C:\Users\AUTcomp\STM32CubeIDE\workspace_1.17.0\greenhouseOS\Core\Src\gh_modbus_map.c:195:13:bump_data_version	16	static
C:\Users\AUTcomp\STM32CubeIDE\workspace_1.17.0\greenhouseOS\Core\Src\gh_modbus_map.c:200:17:cfg_index	16	static
C:\Users\AUTcomp\STM32CubeIDE\workspace_1.17.0\greenhouseOS\Core\Src\gh_modbus_map.c:205:17:dbg_index	16	static
C:\Users\AUTcomp\STM32CubeIDE\workspace_1.17.0\greenhouseOS\Core\Src\gh_modbus_map.c:210:17:topo_index	16	static
C:\Users\AUTcomp\STM32CubeIDE\workspace_1.17.0\greenhouseOS\Core\Src\gh_modbus_map.c:215:13:cfg_set_u32	24	static
C:\Users\AUTcomp\STM32CubeIDE\workspace_1.17.0\greenhouseOS\Core\Src\gh_modbus_map.c:221:13:dbg_set_u32	24	static
C:\Users\AUTcomp\STM32CubeIDE\workspace_1.17.0\greenhouseOS\Core\Src\gh_modbus_map.c:227:13:topo_set_u32	24	static
C:\Users\AUTcomp\STM32CubeIDE\workspace_1.17.0\greenhouseOS\Core\Src\gh_modbus_map.c:233:17:cfg_get_u32	24	static
C:\Users\AUTcomp\STM32CubeIDE\workspace_1.17.0\greenhouseOS\Core\Src\gh_modbus_map.c:239:17:topo_get_u32	24	static
C:\Users\AUTcomp\STM32CubeIDE\workspace_1.17.0\greenhouseOS\Core\Src\gh_modbus_map.c:245:13:map_refresh_runtime_diag_nolock	16	static
C:\Users\AUTcomp\STM32CubeIDE\workspace_1.17.0\greenhouseOS\Core\Src\gh_modbus_map.c:271:13:cfg_report_result_nolock	16	static
C:\Users\AUTcomp\STM32CubeIDE\workspace_1.17.0\greenhouseOS\Core\Src\gh_modbus_map.c:280:13:topo_report_result_nolock	24	static
C:\Users\AUTcomp\STM32CubeIDE\workspace_1.17.0\greenhouseOS\Core\Src\gh_modbus_map.c:291:6:GH_ModbusMap_ReportConfigResult	16	static
C:\Users\AUTcomp\STM32CubeIDE\workspace_1.17.0\greenhouseOS\Core\Src\gh_modbus_map.c:303:6:GH_ModbusMap_ReportTopologyResult	24	static
C:\Users\AUTcomp\STM32CubeIDE\workspace_1.17.0\greenhouseOS\Core\Src\gh_modbus_map.c:316:13:cfg_try_submit	160	static
C:\Users\AUTcomp\STM32CubeIDE\workspace_1.17.0\greenhouseOS\Core\Src\gh_modbus_map.c:357:13:topo_try_submit	280	static
C:\Users\AUTcomp\STM32CubeIDE\workspace_1.17.0\greenhouseOS\Core\Src\gh_modbus_map.c:404:13:cfg_maybe_submit_after_write	24	static
C:\Users\AUTcomp\STM32CubeIDE\workspace_1.17.0\greenhouseOS\Core\Src\gh_modbus_map.c:423:13:topo_maybe_submit_after_write	24	static
C:\Users\AUTcomp\STM32CubeIDE\workspace_1.17.0\greenhouseOS\Core\Src\gh_modbus_map.c:442:6:GH_ModbusMap_Init	16	static
C:\Users\AUTcomp\STM32CubeIDE\workspace_1.17.0\greenhouseOS\Core\Src\gh_modbus_map.c:482:6:GH_ModbusMap_UpdateAges	32	static
C:\Users\AUTcomp\STM32CubeIDE\workspace_1.17.0\greenhouseOS\Core\Src\gh_modbus_map.c:516:6:GH_ModbusMap_ReadRange	24	static
C:\Users\AUTcomp\STM32CubeIDE\workspace_1.17.0\greenhouseOS\Core\Src\gh_modbus_map.c:535:6:GH_ModbusMap_WriteSingle	24	static
C:\Users\AUTcomp\STM32CubeIDE\workspace_1.17.0\greenhouseOS\Core\Src\gh_modbus_map.c:553:6:GH_ModbusMap_WriteRange	24	static
C:\Users\AUTcomp\STM32CubeIDE\workspace_1.17.0\greenhouseOS\Core\Src\gh_modbus_map.c:573:6:GH_ModbusMap_UpdateTelemetry	32	static
C:\Users\AUTcomp\STM32CubeIDE\workspace_1.17.0\greenhouseOS\Core\Src\gh_modbus_map.c:604:6:GH_ModbusMap_ReportTimeout	32	static
C:\Users\AUTcomp\STM32CubeIDE\workspace_1.17.0\greenhouseOS\Core\Src\gh_modbus_map.c:642:6:GH_ModbusMap_UpdateDiag	32	static
C:\Users\AUTcomp\STM32CubeIDE\workspace_1.17.0\greenhouseOS\Core\Src\gh_modbus_map.c:662:6:GH_ModbusMap_GetApplyRequest	24	static
C:\Users\AUTcomp\STM32CubeIDE\workspace_1.17.0\greenhouseOS\Core\Src\gh_modbus_map.c:699:6:GH_ModbusMap_MarkApplyResult	24	static
C:\Users\AUTcomp\STM32CubeIDE\workspace_1.17.0\greenhouseOS\Core\Src\gh_modbus_map.c:718:11:GH_ModbusMap_GetBackingStore	4	static
C:\Users\AUTcomp\STM32CubeIDE\workspace_1.17.0\greenhouseOS\Core\Src\gh_modbus_map.c:723:10:GH_ModbusMap_GetBackingStoreSize	4	static
