C:\Users\AUTcomp\STM32CubeIDE\workspace_1.17.0\greenhouseOS\Core\Src\gh_modbus_map.c:172:13:map_ensure_mutex	8	static
C:\Users\AUTcomp\STM32CubeIDE\workspace_1.17.0\greenhouseOS\Core\Src\gh_modbus_map.c:188:13:map_lock	8	static
C:\Users\AUTcomp\STM32CubeIDE\workspace_1.17.0\greenhouseOS\Core\Src\gh_modbus_map.c:203:13:map_unlock	8	static
C:\Users\AUTcomp\STM32CubeIDE\workspace_1.17.0\greenhouseOS\Core\Src\gh_modbus_map.c:211:13:addr_to_index	24	static
C:\Users\AUTcomp\STM32CubeIDE\workspace_1.17.0\greenhouseOS\Core\Src\gh_modbus_map.c:242:13:slave_status_base	16	static
C:\Users\AUTcomp\STM32CubeIDE\workspace_1.17.0\greenhouseOS\Core\Src\gh_modbus_map.c:253:13:point_base	16	static
C:\Users\AUTcomp\STM32CubeIDE\workspace_1.17.0\greenhouseOS\Core\Src\gh_modbus_map.c:263:13:bump_slave_data_version_nolock	16	static
C:\Users\AUTcomp\STM32CubeIDE\workspace_1.17.0\greenhouseOS\Core\Src\gh_modbus_map.c:268:17:cfg_index	16	static
C:\Users\AUTcomp\STM32CubeIDE\workspace_1.17.0\greenhouseOS\Core\Src\gh_modbus_map.c:273:17:dbg_index	16	static
C:\Users\AUTcomp\STM32CubeIDE\workspace_1.17.0\greenhouseOS\Core\Src\gh_modbus_map.c:278:17:topo_index	16	static
C:\Users\AUTcomp\STM32CubeIDE\workspace_1.17.0\greenhouseOS\Core\Src\gh_modbus_map.c:283:17:dir_index	16	static
C:\Users\AUTcomp\STM32CubeIDE\workspace_1.17.0\greenhouseOS\Core\Src\gh_modbus_map.c:288:13:cfg_set_u32	24	static
C:\Users\AUTcomp\STM32CubeIDE\workspace_1.17.0\greenhouseOS\Core\Src\gh_modbus_map.c:294:13:dbg_set_u32	24	static
C:\Users\AUTcomp\STM32CubeIDE\workspace_1.17.0\greenhouseOS\Core\Src\gh_modbus_map.c:300:13:topo_set_u32	24	static
C:\Users\AUTcomp\STM32CubeIDE\workspace_1.17.0\greenhouseOS\Core\Src\gh_modbus_map.c:306:13:dir_set_u32	24	static
C:\Users\AUTcomp\STM32CubeIDE\workspace_1.17.0\greenhouseOS\Core\Src\gh_modbus_map.c:312:17:cfg_get_u32	24	static
C:\Users\AUTcomp\STM32CubeIDE\workspace_1.17.0\greenhouseOS\Core\Src\gh_modbus_map.c:318:17:topo_get_u32	24	static
C:\Users\AUTcomp\STM32CubeIDE\workspace_1.17.0\greenhouseOS\Core\Src\gh_modbus_map.c:324:13:map_refresh_point_modules_nolock	16	static
C:\Users\AUTcomp\STM32CubeIDE\workspace_1.17.0\greenhouseOS\Core\Src\gh_modbus_map.c:371:13:map_refresh_points_nolock	24	static
C:\Users\AUTcomp\STM32CubeIDE\workspace_1.17.0\greenhouseOS\Core\Src\gh_modbus_map.c:415:13:map_refresh_directory_nolock	24	static
C:\Users\AUTcomp\STM32CubeIDE\workspace_1.17.0\greenhouseOS\Core\Src\gh_modbus_map.c:444:13:map_refresh_runtime_diag_nolock	80	static
C:\Users\AUTcomp\STM32CubeIDE\workspace_1.17.0\greenhouseOS\Core\Src\gh_modbus_map.c:492:13:cfg_report_result_nolock	16	static
C:\Users\AUTcomp\STM32CubeIDE\workspace_1.17.0\greenhouseOS\Core\Src\gh_modbus_map.c:501:13:topo_report_result_nolock	24	static
C:\Users\AUTcomp\STM32CubeIDE\workspace_1.17.0\greenhouseOS\Core\Src\gh_modbus_map.c:512:6:GH_ModbusMap_ReportConfigResult	16	static
C:\Users\AUTcomp\STM32CubeIDE\workspace_1.17.0\greenhouseOS\Core\Src\gh_modbus_map.c:524:6:GH_ModbusMap_ReportTopologyResult	24	static
C:\Users\AUTcomp\STM32CubeIDE\workspace_1.17.0\greenhouseOS\Core\Src\gh_modbus_map.c:537:13:cfg_try_submit	160	static
C:\Users\AUTcomp\STM32CubeIDE\workspace_1.17.0\greenhouseOS\Core\Src\gh_modbus_map.c:578:13:topo_try_submit	280	static
C:\Users\AUTcomp\STM32CubeIDE\workspace_1.17.0\greenhouseOS\Core\Src\gh_modbus_map.c:631:13:cfg_maybe_submit_after_write	24	static
C:\Users\AUTcomp\STM32CubeIDE\workspace_1.17.0\greenhouseOS\Core\Src\gh_modbus_map.c:650:13:topo_maybe_submit_after_write	24	static
C:\Users\AUTcomp\STM32CubeIDE\workspace_1.17.0\greenhouseOS\Core\Src\gh_modbus_map.c:669:13:cmd_validate_write_nolock	40	static
C:\Users\AUTcomp\STM32CubeIDE\workspace_1.17.0\greenhouseOS\Core\Src\gh_modbus_map.c:708:13:cmd_validate_request_nolock	16	static
C:\Users\AUTcomp\STM32CubeIDE\workspace_1.17.0\greenhouseOS\Core\Src\gh_modbus_map.c:735:13:cmd_try_submit	80	static
C:\Users\AUTcomp\STM32CubeIDE\workspace_1.17.0\greenhouseOS\Core\Src\gh_modbus_map.c:773:13:cmd_maybe_submit_after_write	24	static
C:\Users\AUTcomp\STM32CubeIDE\workspace_1.17.0\greenhouseOS\Core\Src\gh_modbus_map.c:793:13:dir_maybe_submit_rtc_set_after_write	24	static
C:\Users\AUTcomp\STM32CubeIDE\workspace_1.17.0\greenhouseOS\Core\Src\gh_modbus_map.c:829:6:GH_ModbusMap_Init	16	static
C:\Users\AUTcomp\STM32CubeIDE\workspace_1.17.0\greenhouseOS\Core\Src\gh_modbus_map.c:903:6:GH_ModbusMap_UpdateAges	40	static
C:\Users\AUTcomp\STM32CubeIDE\workspace_1.17.0\greenhouseOS\Core\Src\gh_modbus_map.c:958:6:GH_ModbusMap_UpdateRtcTime	16	static
C:\Users\AUTcomp\STM32CubeIDE\workspace_1.17.0\greenhouseOS\Core\Src\gh_modbus_map.c:975:6:GH_ModbusMap_GetRtcSetRequest	16	static
C:\Users\AUTcomp\STM32CubeIDE\workspace_1.17.0\greenhouseOS\Core\Src\gh_modbus_map.c:999:6:GH_ModbusMap_MarkRtcSetResult	24	static
C:\Users\AUTcomp\STM32CubeIDE\workspace_1.17.0\greenhouseOS\Core\Src\gh_modbus_map.c:1021:6:GH_ModbusMap_ReportRtcSyncDiag	24	static
C:\Users\AUTcomp\STM32CubeIDE\workspace_1.17.0\greenhouseOS\Core\Src\gh_modbus_map.c:1042:6:GH_ModbusMap_ReadRange	24	static
C:\Users\AUTcomp\STM32CubeIDE\workspace_1.17.0\greenhouseOS\Core\Src\gh_modbus_map.c:1061:6:GH_ModbusMap_WriteSingle	24	static
C:\Users\AUTcomp\STM32CubeIDE\workspace_1.17.0\greenhouseOS\Core\Src\gh_modbus_map.c:1089:6:GH_ModbusMap_WriteRange	24	static
C:\Users\AUTcomp\STM32CubeIDE\workspace_1.17.0\greenhouseOS\Core\Src\gh_modbus_map.c:1116:6:GH_ModbusMap_UpdateTelemetry	32	static
C:\Users\AUTcomp\STM32CubeIDE\workspace_1.17.0\greenhouseOS\Core\Src\gh_modbus_map.c:1144:6:GH_ModbusMap_ReportTimeout	32	static
C:\Users\AUTcomp\STM32CubeIDE\workspace_1.17.0\greenhouseOS\Core\Src\gh_modbus_map.c:1181:6:GH_ModbusMap_UpdateDiag	32	static
C:\Users\AUTcomp\STM32CubeIDE\workspace_1.17.0\greenhouseOS\Core\Src\gh_modbus_map.c:1201:6:GH_ModbusMap_GetDataDrivenCommandRequest	32	static
C:\Users\AUTcomp\STM32CubeIDE\workspace_1.17.0\greenhouseOS\Core\Src\gh_modbus_map.c:1222:6:GH_ModbusMap_MarkDataDrivenCommandResult	24	static
C:\Users\AUTcomp\STM32CubeIDE\workspace_1.17.0\greenhouseOS\Core\Src\gh_modbus_map.c:1252:11:GH_ModbusMap_GetBackingStore	4	static
C:\Users\AUTcomp\STM32CubeIDE\workspace_1.17.0\greenhouseOS\Core\Src\gh_modbus_map.c:1257:10:GH_ModbusMap_GetBackingStoreSize	4	static
