C:\Users\AUTcomp\STM32CubeIDE\workspace_1.17.0\greenhouseOS/Drivers/CMSIS/Include/core_cm4.h:1938:34:__NVIC_SystemReset	4	static
C:\Users\AUTcomp\STM32CubeIDE\workspace_1.17.0\greenhouseOS\Core\Src\main.c:201:6:task_heartbeat_kick	24	static
C:\Users\AUTcomp\STM32CubeIDE\workspace_1.17.0\greenhouseOS\Core\Src\main.c:228:13:store_reset_reason	56	static
C:\Users\AUTcomp\STM32CubeIDE\workspace_1.17.0\greenhouseOS\Core\Src\main.c:238:17:persist_diag_read	16	static
C:\Users\AUTcomp\STM32CubeIDE\workspace_1.17.0\greenhouseOS\Core\Src\main.c:243:13:persist_diag_write	16	static
C:\Users\AUTcomp\STM32CubeIDE\workspace_1.17.0\greenhouseOS\Core\Src\main.c:248:17:persist_diag_increment	24	static
C:\Users\AUTcomp\STM32CubeIDE\workspace_1.17.0\greenhouseOS\Core\Src\main.c:256:13:persist_diag_bootstrap	16	static
C:\Users\AUTcomp\STM32CubeIDE\workspace_1.17.0\greenhouseOS\Core\Src\main.c:310:13:persist_diag_update_last_event	16	static
C:\Users\AUTcomp\STM32CubeIDE\workspace_1.17.0\greenhouseOS\Core\Src\main.c:316:13:task_heartbeat_missed	24	static
C:\Users\AUTcomp\STM32CubeIDE\workspace_1.17.0\greenhouseOS\Core\Src\main.c:325:13:iwdg_init	16	static
C:\Users\AUTcomp\STM32CubeIDE\workspace_1.17.0\greenhouseOS\Core\Src\main.c:353:13:iwdg_refresh	4	static
C:\Users\AUTcomp\STM32CubeIDE\workspace_1.17.0\greenhouseOS\Core\Src\main.c:358:17:task_stack_hwm_words	24	static
C:\Users\AUTcomp\STM32CubeIDE\workspace_1.17.0\greenhouseOS\Core\Src\main.c:376:13:sensors_init_defaults	16	static
C:\Users\AUTcomp\STM32CubeIDE\workspace_1.17.0\greenhouseOS\Core\Src\main.c:388:13:flash_write_words	48	static
C:\Users\AUTcomp\STM32CubeIDE\workspace_1.17.0\greenhouseOS\Core\Src\main.c:407:13:config_slot_read	24	static
C:\Users\AUTcomp\STM32CubeIDE\workspace_1.17.0\greenhouseOS\Core\Src\main.c:431:6:config_write_to_slot	88	static
C:\Users\AUTcomp\STM32CubeIDE\workspace_1.17.0\greenhouseOS\Core\Src\main.c:470:13:config_load_or_default	288	static
C:\Users\AUTcomp\STM32CubeIDE\workspace_1.17.0\greenhouseOS\Core\Src\main.c:503:6:publish_event	24	static
C:\Users\AUTcomp\STM32CubeIDE\workspace_1.17.0\greenhouseOS\Core\Src\main.c:520:5:main	8	static
C:\Users\AUTcomp\STM32CubeIDE\workspace_1.17.0\greenhouseOS\Core\Src\main.c:604:6:SystemClock_Config	88	static
C:\Users\AUTcomp\STM32CubeIDE\workspace_1.17.0\greenhouseOS\Core\Src\main.c:647:13:MX_RTC_Init	32	static
C:\Users\AUTcomp\STM32CubeIDE\workspace_1.17.0\greenhouseOS\Core\Src\main.c:708:13:MX_USART2_UART_Init	8	static
C:\Users\AUTcomp\STM32CubeIDE\workspace_1.17.0\greenhouseOS\Core\Src\main.c:741:13:MX_IWDG_Init	8	static
C:\Users\AUTcomp\STM32CubeIDE\workspace_1.17.0\greenhouseOS\Core\Src\main.c:754:13:MX_GPIO_Init	48	static
C:\Users\AUTcomp\STM32CubeIDE\workspace_1.17.0\greenhouseOS\Core\Src\main.c:782:6:StartControlTask	160	static
C:\Users\AUTcomp\STM32CubeIDE\workspace_1.17.0\greenhouseOS\Core\Src\main.c:804:6:StartModbusMasterTask	16	static
C:\Users\AUTcomp\STM32CubeIDE\workspace_1.17.0\greenhouseOS\Core\Src\main.c:809:6:StartModbusTcpServerTask	16	static
C:\Users\AUTcomp\STM32CubeIDE\workspace_1.17.0\greenhouseOS\Core\Src\main.c:814:6:StartConfigStorageTask	16	static
C:\Users\AUTcomp\STM32CubeIDE\workspace_1.17.0\greenhouseOS\Core\Src\main.c:819:6:StartHealthWatchdogTask	56	static
C:\Users\AUTcomp\STM32CubeIDE\workspace_1.17.0\greenhouseOS\Core\Src\main.c:923:6:StartDefaultTask	16	static
C:\Users\AUTcomp\STM32CubeIDE\workspace_1.17.0\greenhouseOS\Core\Src\main.c:946:6:HAL_TIM_PeriodElapsedCallback	16	static
C:\Users\AUTcomp\STM32CubeIDE\workspace_1.17.0\greenhouseOS\Core\Src\main.c:963:6:Error_Handler	8	static
