C:\Users\AUTcomp\STM32CubeIDE\workspace_1.17.0\greenhouseOS\Core\Src\gh_config_storage.c:624:13:topo_section_bounds	8	static
C:\Users\AUTcomp\STM32CubeIDE\workspace_1.17.0\greenhouseOS\Core\Src\gh_config_storage.c:743:13:topo_find_module_by_id	56	static
C:\Users\AUTcomp\STM32CubeIDE\workspace_1.17.0\greenhouseOS\Core\Src\gh_config_storage.c:1359:13:topo_flash_write_words	32	static
C:\Users\AUTcomp\STM32CubeIDE\workspace_1.17.0\greenhouseOS\Core\Src\gh_config_storage.c:1378:13:topology_write_payload	40	static
C:\Users\AUTcomp\STM32CubeIDE\workspace_1.17.0\greenhouseOS\Core\Src\gh_config_storage.c:1448:13:cfg_write_slot_with_retries	32	static
C:\Users\AUTcomp\STM32CubeIDE\workspace_1.17.0\greenhouseOS\Core\Src\gh_config_storage.c:112:13:runtime_lock	16	static
C:\Users\AUTcomp\STM32CubeIDE\workspace_1.17.0\greenhouseOS\Core\Src\gh_config_storage.c:1478:13:topology_write_slot_with_retries.constprop	24	static
C:\Users\AUTcomp\STM32CubeIDE\workspace_1.17.0\greenhouseOS\Core\Src\gh_config_storage.c:185:6:GH_TopologyRuntime_Clear.part.0	16	static
C:\Users\AUTcomp\STM32CubeIDE\workspace_1.17.0\greenhouseOS\Core\Src\gh_config_storage.c:185:6:GH_TopologyRuntime_Clear	16	static
C:\Users\AUTcomp\STM32CubeIDE\workspace_1.17.0\greenhouseOS\Core\Src\gh_config_storage.c:428:6:GH_TopologyRuntime_CopyPollPlan	40	static
C:\Users\AUTcomp\STM32CubeIDE\workspace_1.17.0\greenhouseOS\Core\Src\gh_config_storage.c:472:6:GH_TopologyRuntime_CopyPointBindings	40	static
C:\Users\AUTcomp\STM32CubeIDE\workspace_1.17.0\greenhouseOS\Core\Src\gh_config_storage.c:513:6:GH_TopologyRuntime_CopyCommandBindings	40	static
C:\Users\AUTcomp\STM32CubeIDE\workspace_1.17.0\greenhouseOS\Core\Src\gh_config_storage.c:554:6:GH_TopologyRuntime_CopyPolicyBindings	40	static
C:\Users\AUTcomp\STM32CubeIDE\workspace_1.17.0\greenhouseOS\Core\Src\gh_config_storage.c:1160:6:GH_TopologyV2_IsPayload	0	static
C:\Users\AUTcomp\STM32CubeIDE\workspace_1.17.0\greenhouseOS\Core\Src\gh_config_storage.c:1173:6:GH_TopologyV2_ValidatePayload	384	static
C:\Users\AUTcomp\STM32CubeIDE\workspace_1.17.0\greenhouseOS\Core\Src\gh_config_storage.c:206:6:GH_TopologyRuntime_RebuildFromPayload	20112	static
C:\Users\AUTcomp\STM32CubeIDE\workspace_1.17.0\greenhouseOS\Core\Src\gh_config_storage.c:1411:13:topology_slot_read.constprop	40	static
C:\Users\AUTcomp\STM32CubeIDE\workspace_1.17.0\greenhouseOS\Core\Src\gh_config_storage.c:1287:6:GH_TopologyV2_SyncRuntimeFromPayload	72	static
C:\Users\AUTcomp\STM32CubeIDE\workspace_1.17.0\greenhouseOS\Core\Src\gh_config_storage.c:1313:6:GH_TopologyV2_SyncRuntimeFromConfig	8	static
C:\Users\AUTcomp\STM32CubeIDE\workspace_1.17.0\greenhouseOS\Core\Src\gh_config_storage.c:1621:6:GH_TopologyStorage_LoadActiveFromFlash	8232	static
C:\Users\AUTcomp\STM32CubeIDE\workspace_1.17.0\greenhouseOS\Core\Src\gh_config_storage.c:1664:6:GH_ConfigStorage_PayloadValuesValid	0	static
C:\Users\AUTcomp\STM32CubeIDE\workspace_1.17.0\greenhouseOS\Core\Src\gh_config_storage.c:1681:6:GH_ConfigStorage_ValidateRequest	16	static
C:\Users\AUTcomp\STM32CubeIDE\workspace_1.17.0\greenhouseOS\Core\Src\gh_config_storage.c:1836:6:GH_ConfigStorageTask_Run	1000	static
