C:\Users\AUTcomp\STM32CubeIDE\workspace_1.17.0\greenhouseOS\Core\Src\gh_config_storage.c:333:13:topo_section_bounds	8	static
C:\Users\AUTcomp\STM32CubeIDE\workspace_1.17.0\greenhouseOS\Core\Src\gh_config_storage.c:452:13:topo_find_module_by_id	56	static
C:\Users\AUTcomp\STM32CubeIDE\workspace_1.17.0\greenhouseOS\Core\Src\gh_config_storage.c:1004:13:topo_flash_write_words	32	static
C:\Users\AUTcomp\STM32CubeIDE\workspace_1.17.0\greenhouseOS\Core\Src\gh_config_storage.c:1023:13:topology_write_payload	40	static
C:\Users\AUTcomp\STM32CubeIDE\workspace_1.17.0\greenhouseOS\Core\Src\gh_config_storage.c:1093:13:cfg_write_slot_with_retries	32	static
C:\Users\AUTcomp\STM32CubeIDE\workspace_1.17.0\greenhouseOS\Core\Src\gh_config_storage.c:101:13:runtime_lock	16	static
C:\Users\AUTcomp\STM32CubeIDE\workspace_1.17.0\greenhouseOS\Core\Src\gh_config_storage.c:1123:13:topology_write_slot_with_retries.constprop	24	static
C:\Users\AUTcomp\STM32CubeIDE\workspace_1.17.0\greenhouseOS\Core\Src\gh_config_storage.c:157:6:GH_TopologyRuntime_Clear	8	static
C:\Users\AUTcomp\STM32CubeIDE\workspace_1.17.0\greenhouseOS\Core\Src\gh_config_storage.c:260:6:GH_TopologyRuntime_CopyPollPlan	40	static
C:\Users\AUTcomp\STM32CubeIDE\workspace_1.17.0\greenhouseOS\Core\Src\gh_config_storage.c:805:6:GH_TopologyV2_IsPayload	0	static
C:\Users\AUTcomp\STM32CubeIDE\workspace_1.17.0\greenhouseOS\Core\Src\gh_config_storage.c:818:6:GH_TopologyV2_ValidatePayload	376	static
C:\Users\AUTcomp\STM32CubeIDE\workspace_1.17.0\greenhouseOS\Core\Src\gh_config_storage.c:172:6:GH_TopologyRuntime_RebuildFromPayload	2376	static
C:\Users\AUTcomp\STM32CubeIDE\workspace_1.17.0\greenhouseOS\Core\Src\gh_config_storage.c:1056:13:topology_slot_read.constprop	40	static
C:\Users\AUTcomp\STM32CubeIDE\workspace_1.17.0\greenhouseOS\Core\Src\gh_config_storage.c:932:6:GH_TopologyV2_SyncRuntimeFromPayload	72	static
C:\Users\AUTcomp\STM32CubeIDE\workspace_1.17.0\greenhouseOS\Core\Src\gh_config_storage.c:958:6:GH_TopologyV2_SyncRuntimeFromConfig	16	static
C:\Users\AUTcomp\STM32CubeIDE\workspace_1.17.0\greenhouseOS\Core\Src\gh_config_storage.c:1266:6:GH_TopologyStorage_LoadActiveFromFlash	8232	static
C:\Users\AUTcomp\STM32CubeIDE\workspace_1.17.0\greenhouseOS\Core\Src\gh_config_storage.c:1309:6:GH_ConfigStorage_PayloadValuesValid	0	static
C:\Users\AUTcomp\STM32CubeIDE\workspace_1.17.0\greenhouseOS\Core\Src\gh_config_storage.c:1326:6:GH_ConfigStorage_ValidateRequest	16	static
C:\Users\AUTcomp\STM32CubeIDE\workspace_1.17.0\greenhouseOS\Core\Src\gh_config_storage.c:1481:6:GH_ConfigStorageTask_Run	1000	static
