C:\Users\AUTcomp\STM32CubeIDE\workspace_1.17.0\greenhouseOS\Core\Src\gh_modbus_map.c:245:13:map_refresh_runtime_diag_nolock	20	static
C:\Users\AUTcomp\STM32CubeIDE\workspace_1.17.0\greenhouseOS\Core\Src\gh_modbus_map.c:357:13:topo_try_submit.isra	280	static
C:\Users\AUTcomp\STM32CubeIDE\workspace_1.17.0\greenhouseOS\Core\Src\gh_modbus_map.c:316:13:cfg_try_submit.isra	160	static
C:\Users\AUTcomp\STM32CubeIDE\workspace_1.17.0\greenhouseOS\Core\Src\gh_modbus_map.c:129:13:map_lock	16	static
C:\Users\AUTcomp\STM32CubeIDE\workspace_1.17.0\greenhouseOS\Core\Src\gh_modbus_map.c:291:6:GH_ModbusMap_ReportConfigResult	24	static
C:\Users\AUTcomp\STM32CubeIDE\workspace_1.17.0\greenhouseOS\Core\Src\gh_modbus_map.c:303:6:GH_ModbusMap_ReportTopologyResult	24	static
C:\Users\AUTcomp\STM32CubeIDE\workspace_1.17.0\greenhouseOS\Core\Src\gh_modbus_map.c:442:6:GH_ModbusMap_Init	16	static
C:\Users\AUTcomp\STM32CubeIDE\workspace_1.17.0\greenhouseOS\Core\Src\gh_modbus_map.c:482:6:GH_ModbusMap_UpdateAges	8	static
C:\Users\AUTcomp\STM32CubeIDE\workspace_1.17.0\greenhouseOS\Core\Src\gh_modbus_map.c:516:6:GH_ModbusMap_ReadRange	24	static
C:\Users\AUTcomp\STM32CubeIDE\workspace_1.17.0\greenhouseOS\Core\Src\gh_modbus_map.c:535:6:GH_ModbusMap_WriteSingle	16	static
C:\Users\AUTcomp\STM32CubeIDE\workspace_1.17.0\greenhouseOS\Core\Src\gh_modbus_map.c:553:6:GH_ModbusMap_WriteRange	32	static
C:\Users\AUTcomp\STM32CubeIDE\workspace_1.17.0\greenhouseOS\Core\Src\gh_modbus_map.c:573:6:GH_ModbusMap_UpdateTelemetry	32	static
C:\Users\AUTcomp\STM32CubeIDE\workspace_1.17.0\greenhouseOS\Core\Src\gh_modbus_map.c:604:6:GH_ModbusMap_ReportTimeout	16	static
C:\Users\AUTcomp\STM32CubeIDE\workspace_1.17.0\greenhouseOS\Core\Src\gh_modbus_map.c:642:6:GH_ModbusMap_UpdateDiag	24	static
C:\Users\AUTcomp\STM32CubeIDE\workspace_1.17.0\greenhouseOS\Core\Src\gh_modbus_map.c:662:6:GH_ModbusMap_GetApplyRequest	16	static
C:\Users\AUTcomp\STM32CubeIDE\workspace_1.17.0\greenhouseOS\Core\Src\gh_modbus_map.c:699:6:GH_ModbusMap_MarkApplyResult	24	static
C:\Users\AUTcomp\STM32CubeIDE\workspace_1.17.0\greenhouseOS\Core\Src\gh_modbus_map.c:718:11:GH_ModbusMap_GetBackingStore	0	static
C:\Users\AUTcomp\STM32CubeIDE\workspace_1.17.0\greenhouseOS\Core\Src\gh_modbus_map.c:723:10:GH_ModbusMap_GetBackingStoreSize	0	static
