C:\Users\AUTcomp\STM32CubeIDE\workspace_1.17.0\greenhouseOS\Core\Src\gh_modbus_map.c:203:13:map_refresh_runtime_diag_nolock	20	static
C:\Users\AUTcomp\STM32CubeIDE\workspace_1.17.0\greenhouseOS\Core\Src\gh_modbus_map.c:244:13:cfg_try_submit.isra	160	static
C:\Users\AUTcomp\STM32CubeIDE\workspace_1.17.0\greenhouseOS\Core\Src\gh_modbus_map.c:104:13:map_lock	16	static
C:\Users\AUTcomp\STM32CubeIDE\workspace_1.17.0\greenhouseOS\Core\Src\gh_modbus_map.c:232:6:GH_ModbusMap_ReportConfigResult	24	static
C:\Users\AUTcomp\STM32CubeIDE\workspace_1.17.0\greenhouseOS\Core\Src\gh_modbus_map.c:304:6:GH_ModbusMap_Init	16	static
C:\Users\AUTcomp\STM32CubeIDE\workspace_1.17.0\greenhouseOS\Core\Src\gh_modbus_map.c:337:6:GH_ModbusMap_UpdateAges	8	static
C:\Users\AUTcomp\STM32CubeIDE\workspace_1.17.0\greenhouseOS\Core\Src\gh_modbus_map.c:371:6:GH_ModbusMap_ReadRange	24	static
C:\Users\AUTcomp\STM32CubeIDE\workspace_1.17.0\greenhouseOS\Core\Src\gh_modbus_map.c:390:6:GH_ModbusMap_WriteSingle	16	static
C:\Users\AUTcomp\STM32CubeIDE\workspace_1.17.0\greenhouseOS\Core\Src\gh_modbus_map.c:407:6:GH_ModbusMap_WriteRange	32	static
C:\Users\AUTcomp\STM32CubeIDE\workspace_1.17.0\greenhouseOS\Core\Src\gh_modbus_map.c:426:6:GH_ModbusMap_UpdateTelemetry	32	static
C:\Users\AUTcomp\STM32CubeIDE\workspace_1.17.0\greenhouseOS\Core\Src\gh_modbus_map.c:457:6:GH_ModbusMap_ReportTimeout	16	static
C:\Users\AUTcomp\STM32CubeIDE\workspace_1.17.0\greenhouseOS\Core\Src\gh_modbus_map.c:495:6:GH_ModbusMap_UpdateDiag	24	static
C:\Users\AUTcomp\STM32CubeIDE\workspace_1.17.0\greenhouseOS\Core\Src\gh_modbus_map.c:515:6:GH_ModbusMap_GetApplyRequest	16	static
C:\Users\AUTcomp\STM32CubeIDE\workspace_1.17.0\greenhouseOS\Core\Src\gh_modbus_map.c:552:6:GH_ModbusMap_MarkApplyResult	24	static
C:\Users\AUTcomp\STM32CubeIDE\workspace_1.17.0\greenhouseOS\Core\Src\gh_modbus_map.c:571:11:GH_ModbusMap_GetBackingStore	0	static
C:\Users\AUTcomp\STM32CubeIDE\workspace_1.17.0\greenhouseOS\Core\Src\gh_modbus_map.c:576:10:GH_ModbusMap_GetBackingStoreSize	0	static
