C:\Users\AUTcomp\STM32CubeIDE\workspace_1.17.0\greenhouseOS\Core\Src\main.c:390:13:flash_write_words	24	static
C:\Users\AUTcomp\STM32CubeIDE\workspace_1.17.0\greenhouseOS\Core\Src\main.c:230:13:store_reset_reason	48	static
C:\Users\AUTcomp\STM32CubeIDE\workspace_1.17.0\greenhouseOS\Core\Src\main.c:250:17:persist_diag_increment	16	static
C:\Users\AUTcomp\STM32CubeIDE\workspace_1.17.0\greenhouseOS\Core\Src\main.c:409:13:config_slot_read	24	static
C:\Users\AUTcomp\STM32CubeIDE\workspace_1.17.0\greenhouseOS\Core\Src\main.c:472:13:config_load_or_default	288	static
C:\Users\AUTcomp\STM32CubeIDE\workspace_1.17.0\greenhouseOS\Core\Src\main.c:808:6:StartModbusMasterTask	0	static
C:\Users\AUTcomp\STM32CubeIDE\workspace_1.17.0\greenhouseOS\Core\Src\main.c:813:6:StartModbusTcpServerTask	0	static
C:\Users\AUTcomp\STM32CubeIDE\workspace_1.17.0\greenhouseOS\Core\Src\main.c:818:6:StartConfigStorageTask	0	static
C:\Users\AUTcomp\STM32CubeIDE\workspace_1.17.0\greenhouseOS\Core\Src\main.c:927:6:StartDefaultTask	8	static
C:\Users\AUTcomp\STM32CubeIDE\workspace_1.17.0\greenhouseOS\Core\Src\main.c:786:6:StartControlTask	160	static
C:\Users\AUTcomp\STM32CubeIDE\workspace_1.17.0\greenhouseOS\Core\Src\main.c:823:6:StartHealthWatchdogTask	48	static
C:\Users\AUTcomp\STM32CubeIDE\workspace_1.17.0\greenhouseOS\Core\Src\main.c:203:6:task_heartbeat_kick	16	static
C:\Users\AUTcomp\STM32CubeIDE\workspace_1.17.0\greenhouseOS\Core\Src\main.c:433:6:config_write_to_slot	72	static
C:\Users\AUTcomp\STM32CubeIDE\workspace_1.17.0\greenhouseOS\Core\Src\main.c:505:6:publish_event	0	static
C:\Users\AUTcomp\STM32CubeIDE\workspace_1.17.0\greenhouseOS\Core\Src\main.c:950:6:HAL_TIM_PeriodElapsedCallback	0	static
C:\Users\AUTcomp\STM32CubeIDE\workspace_1.17.0\greenhouseOS\Core\Src\main.c:967:6:Error_Handler	8	static
C:\Users\AUTcomp\STM32CubeIDE\workspace_1.17.0\greenhouseOS\Core\Src\main.c:608:6:SystemClock_Config	88	static
C:\Users\AUTcomp\STM32CubeIDE\workspace_1.17.0\greenhouseOS\Core\Src\main.c:522:5:main	48	static
