C:\Users\AUTcomp\STM32CubeIDE\workspace_1.17.0\greenhouseOS\Core\Src\Modbus.c:623:6:vTimerCallbackT35	32	static
C:\Users\AUTcomp\STM32CubeIDE\workspace_1.17.0\greenhouseOS\Core\Src\Modbus.c:642:6:vTimerCallbackTimeout	24	static
C:\Users\AUTcomp\STM32CubeIDE\workspace_1.17.0\greenhouseOS\Core\Src\Modbus.c:180:13:TCPextractFrame	40	static
C:\Users\AUTcomp\STM32CubeIDE\workspace_1.17.0\greenhouseOS\Core\Src\Modbus.c:789:7:TCPinitserver.part.0	8	static
C:\Users\AUTcomp\STM32CubeIDE\workspace_1.17.0\greenhouseOS\Core\Src\Modbus.c:1548:9:getRxBuffer	16	static
C:\Users\AUTcomp\STM32CubeIDE\workspace_1.17.0\greenhouseOS\Core\Src\Modbus.c:1784:13:sendTxBuffer	56	static
C:\Users\AUTcomp\STM32CubeIDE\workspace_1.17.0\greenhouseOS\Core\Src\Modbus.c:1086:8:SendQuery.isra	32	static
C:\Users\AUTcomp\STM32CubeIDE\workspace_1.17.0\greenhouseOS\Core\Src\Modbus.c:1293:6:StartTaskModbusMaster	96	static
C:\Users\AUTcomp\STM32CubeIDE\workspace_1.17.0\greenhouseOS\Core\Src\Modbus.c:825:6:StartTaskModbusSlave	384	static
C:\Users\AUTcomp\STM32CubeIDE\workspace_1.17.0\greenhouseOS\Core\Src\Modbus.c:255:6:RingAdd	0	static
C:\Users\AUTcomp\STM32CubeIDE\workspace_1.17.0\greenhouseOS\Core\Src\Modbus.c:274:9:RingGetAllBytes	0	static
C:\Users\AUTcomp\STM32CubeIDE\workspace_1.17.0\greenhouseOS\Core\Src\Modbus.c:280:9:RingGetNBytes	0	static
C:\Users\AUTcomp\STM32CubeIDE\workspace_1.17.0\greenhouseOS\Core\Src\Modbus.c:298:9:RingCountBytes	0	static
C:\Users\AUTcomp\STM32CubeIDE\workspace_1.17.0\greenhouseOS\Core\Src\Modbus.c:303:6:RingClear	0	static
C:\Users\AUTcomp\STM32CubeIDE\workspace_1.17.0\greenhouseOS\Core\Src\Modbus.c:336:6:ModbusInit	32	static
C:\Users\AUTcomp\STM32CubeIDE\workspace_1.17.0\greenhouseOS\Core\Src\Modbus.c:497:6:ModbusStart	16	static
C:\Users\AUTcomp\STM32CubeIDE\workspace_1.17.0\greenhouseOS\Core\Src\Modbus.c:981:6:ModbusQuery	16	static
C:\Users\AUTcomp\STM32CubeIDE\workspace_1.17.0\greenhouseOS\Core\Src\Modbus.c:995:10:ModbusQueryV2	16	static
C:\Users\AUTcomp\STM32CubeIDE\workspace_1.17.0\greenhouseOS\Core\Src\Modbus.c:1015:6:ModbusQueryInject	16	static
C:\Users\AUTcomp\STM32CubeIDE\workspace_1.17.0\greenhouseOS\Core\Src\Modbus.c:1025:6:ModbusCloseConn	8	static
C:\Users\AUTcomp\STM32CubeIDE\workspace_1.17.0\greenhouseOS\Core\Src\Modbus.c:1036:6:ModbusCloseConnNull	16	static
C:\Users\AUTcomp\STM32CubeIDE\workspace_1.17.0\greenhouseOS\Core\Src\Modbus.c:1050:6:ModbusTcpGetDiag	4	static
C:\Users\AUTcomp\STM32CubeIDE\workspace_1.17.0\greenhouseOS\Core\Src\Modbus.c:1058:6:ModbusTcpClearDiag	0	static
C:\Users\AUTcomp\STM32CubeIDE\workspace_1.17.0\greenhouseOS\Core\Src\Modbus.c:1725:10:calcCRC	4	static
