C:\Users\AUTcomp\STM32CubeIDE\workspace_1.17.0\greenhouseOS\Core\Src\stm32f4xx_hal_msp.c:63:6:HAL_MspInit	8	static
C:\Users\AUTcomp\STM32CubeIDE\workspace_1.17.0\greenhouseOS\Core\Src\stm32f4xx_hal_msp.c:88:6:HAL_RTC_MspInit	24	static
C:\Users\AUTcomp\STM32CubeIDE\workspace_1.17.0\greenhouseOS\Core\Src\stm32f4xx_hal_msp.c:122:6:HAL_RTC_MspDeInit	0	static
C:\Users\AUTcomp\STM32CubeIDE\workspace_1.17.0\greenhouseOS\Core\Src\stm32f4xx_hal_msp.c:144:6:HAL_UART_MspInit	40	static
C:\Users\AUTcomp\STM32CubeIDE\workspace_1.17.0\greenhouseOS\Core\Src\stm32f4xx_hal_msp.c:183:6:HAL_UART_MspDeInit	8	static
