C:\Users\AUTcomp\STM32CubeIDE\workspace_1.17.0\greenhouseOS\LWIP\Target\ethernetif.c:555:14:low_level_output	64	static
C:\Users\AUTcomp\STM32CubeIDE\workspace_1.17.0\greenhouseOS\LWIP\Target\ethernetif.c:117:13:phy_addr_is_valid	24	static
C:\Users\AUTcomp\STM32CubeIDE\workspace_1.17.0\greenhouseOS\LWIP\Target\ethernetif.c:148:13:phy_find_address	24	static
C:\Users\AUTcomp\STM32CubeIDE\workspace_1.17.0\greenhouseOS\LWIP\Target\ethernetif.c:184:16:phy_get_link_state	24	static
C:\Users\AUTcomp\STM32CubeIDE\workspace_1.17.0\greenhouseOS\LWIP\Target\ethernetif.c:756:6:pbuf_free_custom	8	static
C:\Users\AUTcomp\STM32CubeIDE\workspace_1.17.0\greenhouseOS\LWIP\Target\ethernetif.c:648:6:ethernetif_input	32	static
C:\Users\AUTcomp\STM32CubeIDE\workspace_1.17.0\greenhouseOS\LWIP\Target\ethernetif.c:356:6:HAL_ETH_RxCpltCallback	0	static
C:\Users\AUTcomp\STM32CubeIDE\workspace_1.17.0\greenhouseOS\LWIP\Target\ethernetif.c:365:6:HAL_ETH_TxCpltCallback	0	static
C:\Users\AUTcomp\STM32CubeIDE\workspace_1.17.0\greenhouseOS\LWIP\Target\ethernetif.c:374:6:HAL_ETH_ErrorCallback	8	static
C:\Users\AUTcomp\STM32CubeIDE\workspace_1.17.0\greenhouseOS\LWIP\Target\ethernetif.c:705:7:ethernetif_init	176	static
C:\Users\AUTcomp\STM32CubeIDE\workspace_1.17.0\greenhouseOS\LWIP\Target\ethernetif.c:779:7:sys_now	0	static
C:\Users\AUTcomp\STM32CubeIDE\workspace_1.17.0\greenhouseOS\LWIP\Target\ethernetif.c:792:6:HAL_ETH_MspInit	64	static
C:\Users\AUTcomp\STM32CubeIDE\workspace_1.17.0\greenhouseOS\LWIP\Target\ethernetif.c:847:6:HAL_ETH_MspDeInit	8	static
C:\Users\AUTcomp\STM32CubeIDE\workspace_1.17.0\greenhouseOS\LWIP\Target\ethernetif.c:891:9:ETH_PHY_IO_Init	8	static
C:\Users\AUTcomp\STM32CubeIDE\workspace_1.17.0\greenhouseOS\LWIP\Target\ethernetif.c:908:9:ETH_PHY_IO_DeInit	0	static
C:\Users\AUTcomp\STM32CubeIDE\workspace_1.17.0\greenhouseOS\LWIP\Target\ethernetif.c:920:9:ETH_PHY_IO_ReadReg	8	static
C:\Users\AUTcomp\STM32CubeIDE\workspace_1.17.0\greenhouseOS\LWIP\Target\ethernetif.c:937:9:ETH_PHY_IO_WriteReg	8	static
C:\Users\AUTcomp\STM32CubeIDE\workspace_1.17.0\greenhouseOS\LWIP\Target\ethernetif.c:951:9:ETH_PHY_IO_GetTick	0	static
C:\Users\AUTcomp\STM32CubeIDE\workspace_1.17.0\greenhouseOS\LWIP\Target\ethernetif.c:960:6:ethernet_link_thread	152	static
C:\Users\AUTcomp\STM32CubeIDE\workspace_1.17.0\greenhouseOS\LWIP\Target\ethernetif.c:1051:6:HAL_ETH_RxAllocateCallback	16	static
C:\Users\AUTcomp\STM32CubeIDE\workspace_1.17.0\greenhouseOS\LWIP\Target\ethernetif.c:1073:6:HAL_ETH_RxLinkCallback	4	static
C:\Users\AUTcomp\STM32CubeIDE\workspace_1.17.0\greenhouseOS\LWIP\Target\ethernetif.c:1110:6:HAL_ETH_TxFreeCallback	0	static
