Archive member included to satisfy reference by file (symbol)

C:/Users/AUTcomp/arm_gnu_toolchain/bin/../lib/gcc/arm-none-eabi/15.2.1/../../../../arm-none-eabi/lib/thumb/v7e-m+fp/hard\libc_nano.a(libc_a-atoi.o)
                              C:\Users\AUTcomp\STM32CubeIDE\workspace_1.17.0\greenhouseOS\build\Release\Middlewares\Third_Party\LwIP\src\core\netif.o (atoi)
C:/Users/AUTcomp/arm_gnu_toolchain/bin/../lib/gcc/arm-none-eabi/15.2.1/../../../../arm-none-eabi/lib/thumb/v7e-m+fp/hard\libc_nano.a(libc_a-exit.o)
                              C:/Users/AUTcomp/arm_gnu_toolchain/bin/../lib/gcc/arm-none-eabi/15.2.1/../../../../arm-none-eabi/lib/thumb/v7e-m+fp/hard/crt0.o (exit)
C:/Users/AUTcomp/arm_gnu_toolchain/bin/../lib/gcc/arm-none-eabi/15.2.1/../../../../arm-none-eabi/lib/thumb/v7e-m+fp/hard\libc_nano.a(libc_a-rand.o)
                              C:\Users\AUTcomp\STM32CubeIDE\workspace_1.17.0\greenhouseOS\build\Release\Middlewares\Third_Party\LwIP\src\core\tcp.o (rand)
C:/Users/AUTcomp/arm_gnu_toolchain/bin/../lib/gcc/arm-none-eabi/15.2.1/../../../../arm-none-eabi/lib/thumb/v7e-m+fp/hard\libc_nano.a(libc_a-strtol.o)
                              C:/Users/AUTcomp/arm_gnu_toolchain/bin/../lib/gcc/arm-none-eabi/15.2.1/../../../../arm-none-eabi/lib/thumb/v7e-m+fp/hard\libc_nano.a(libc_a-atoi.o) (_strtol_r)
C:/Users/AUTcomp/arm_gnu_toolchain/bin/../lib/gcc/arm-none-eabi/15.2.1/../../../../arm-none-eabi/lib/thumb/v7e-m+fp/hard\libc_nano.a(libc_a-ctype_.o)
                              C:\Users\AUTcomp\STM32CubeIDE\workspace_1.17.0\greenhouseOS\build\Release\Middlewares\Third_Party\LwIP\src\core\ipv4\ip4_addr.o (_ctype_)
C:/Users/AUTcomp/arm_gnu_toolchain/bin/../lib/gcc/arm-none-eabi/15.2.1/../../../../arm-none-eabi/lib/thumb/v7e-m+fp/hard\libc_nano.a(libc_a-findfp.o)
                              C:\Users\AUTcomp\STM32CubeIDE\workspace_1.17.0\greenhouseOS\build\Release\Middlewares\Third_Party\FreeRTOS\Source\tasks.o (__sf)
C:/Users/AUTcomp/arm_gnu_toolchain/bin/../lib/gcc/arm-none-eabi/15.2.1/../../../../arm-none-eabi/lib/thumb/v7e-m+fp/hard\libc_nano.a(libc_a-fwalk.o)
                              C:/Users/AUTcomp/arm_gnu_toolchain/bin/../lib/gcc/arm-none-eabi/15.2.1/../../../../arm-none-eabi/lib/thumb/v7e-m+fp/hard\libc_nano.a(libc_a-findfp.o) (_fwalk_sglue)
C:/Users/AUTcomp/arm_gnu_toolchain/bin/../lib/gcc/arm-none-eabi/15.2.1/../../../../arm-none-eabi/lib/thumb/v7e-m+fp/hard\libc_nano.a(libc_a-printf.o)
                              C:\Users\AUTcomp\STM32CubeIDE\workspace_1.17.0\greenhouseOS\build\Release\LWIP\Target\ethernetif.o (printf)
C:/Users/AUTcomp/arm_gnu_toolchain/bin/../lib/gcc/arm-none-eabi/15.2.1/../../../../arm-none-eabi/lib/thumb/v7e-m+fp/hard\libc_nano.a(libc_a-stdio.o)
                              C:/Users/AUTcomp/arm_gnu_toolchain/bin/../lib/gcc/arm-none-eabi/15.2.1/../../../../arm-none-eabi/lib/thumb/v7e-m+fp/hard\libc_nano.a(libc_a-findfp.o) (__sread)
C:/Users/AUTcomp/arm_gnu_toolchain/bin/../lib/gcc/arm-none-eabi/15.2.1/../../../../arm-none-eabi/lib/thumb/v7e-m+fp/hard\libc_nano.a(libc_a-memcmp.o)
                              C:\Users\AUTcomp\STM32CubeIDE\workspace_1.17.0\greenhouseOS\build\Release\Middlewares\Third_Party\LwIP\src\netif\bridgeif_fdb.o (memcmp)
C:/Users/AUTcomp/arm_gnu_toolchain/bin/../lib/gcc/arm-none-eabi/15.2.1/../../../../arm-none-eabi/lib/thumb/v7e-m+fp/hard\libc_nano.a(libc_a-memmove.o)
                              C:\Users\AUTcomp\STM32CubeIDE\workspace_1.17.0\greenhouseOS\build\Release\Middlewares\Third_Party\LwIP\src\core\def.o (memmove)
C:/Users/AUTcomp/arm_gnu_toolchain/bin/../lib/gcc/arm-none-eabi/15.2.1/../../../../arm-none-eabi/lib/thumb/v7e-m+fp/hard\libc_nano.a(libc_a-memset.o)
                              C:/Users/AUTcomp/arm_gnu_toolchain/bin/../lib/gcc/arm-none-eabi/15.2.1/../../../../arm-none-eabi/lib/thumb/v7e-m+fp/hard/crt0.o (memset)
C:/Users/AUTcomp/arm_gnu_toolchain/bin/../lib/gcc/arm-none-eabi/15.2.1/../../../../arm-none-eabi/lib/thumb/v7e-m+fp/hard\libc_nano.a(libc_a-strncmp.o)
                              C:\Users\AUTcomp\STM32CubeIDE\workspace_1.17.0\greenhouseOS\build\Release\Middlewares\Third_Party\LwIP\src\core\def.o (strncmp)
C:/Users/AUTcomp/arm_gnu_toolchain/bin/../lib/gcc/arm-none-eabi/15.2.1/../../../../arm-none-eabi/lib/thumb/v7e-m+fp/hard\libc_nano.a(libc_a-closer.o)
                              C:/Users/AUTcomp/arm_gnu_toolchain/bin/../lib/gcc/arm-none-eabi/15.2.1/../../../../arm-none-eabi/lib/thumb/v7e-m+fp/hard\libc_nano.a(libc_a-stdio.o) (_close_r)
C:/Users/AUTcomp/arm_gnu_toolchain/bin/../lib/gcc/arm-none-eabi/15.2.1/../../../../arm-none-eabi/lib/thumb/v7e-m+fp/hard\libc_nano.a(libc_a-reent.o)
                              C:\Users\AUTcomp\STM32CubeIDE\workspace_1.17.0\greenhouseOS\build\Release\Middlewares\Third_Party\FreeRTOS\Source\tasks.o (_reclaim_reent)
C:/Users/AUTcomp/arm_gnu_toolchain/bin/../lib/gcc/arm-none-eabi/15.2.1/../../../../arm-none-eabi/lib/thumb/v7e-m+fp/hard\libc_nano.a(libc_a-impure.o)
[...]
Memory Configuration

Name             Origin             Length             Attributes
CCMRAM           0x10000000         0x00010000         xrw
RAM              0x20000000         0x00020000         xrw
FLASH            0x08000000         0x00080000         xr
*default*        0x00000000         0xffffffff

Linker script and memory map

LOAD C:/Users/AUTcomp/arm_gnu_toolchain/bin/../lib/gcc/arm-none-eabi/15.2.1/thumb/v7e-m+fp/hard/crti.o
LOAD C:/Users/AUTcomp/arm_gnu_toolchain/bin/../lib/gcc/arm-none-eabi/15.2.1/thumb/v7e-m+fp/hard/crtbegin.o
LOAD C:/Users/AUTcomp/arm_gnu_toolchain/bin/../lib/gcc/arm-none-eabi/15.2.1/../../../../arm-none-eabi/lib/thumb/v7e-m+fp/hard/crt0.o
LOAD C:\Users\AUTcomp\STM32CubeIDE\workspace_1.17.0\greenhouseOS\build\Release\Core\Src\Modbus.o
LOAD C:\Users\AUTcomp\STM32CubeIDE\workspace_1.17.0\greenhouseOS\build\Release\Core\Src\UARTCallback.o
LOAD C:\Users\AUTcomp\STM32CubeIDE\workspace_1.17.0\greenhouseOS\build\Release\Core\Src\freertos.o
LOAD C:\Users\AUTcomp\STM32CubeIDE\workspace_1.17.0\greenhouseOS\build\Release\Core\Src\gh_config_storage.o
LOAD C:\Users\AUTcomp\STM32CubeIDE\workspace_1.17.0\greenhouseOS\build\Release\Core\Src\gh_crc32.o
LOAD C:\Users\AUTcomp\STM32CubeIDE\workspace_1.17.0\greenhouseOS\build\Release\Core\Src\gh_modbus_io.o
LOAD C:\Users\AUTcomp\STM32CubeIDE\workspace_1.17.0\greenhouseOS\build\Release\Core\Src\gh_modbus_map.o
LOAD C:\Users\AUTcomp\STM32CubeIDE\workspace_1.17.0\greenhouseOS\build\Release\Core\Src\gh_modbus_master.o
LOAD C:\Users\AUTcomp\STM32CubeIDE\workspace_1.17.0\greenhouseOS\build\Release\Core\Src\gh_modbus_tcp_server.o
LOAD C:\Users\AUTcomp\STM32CubeIDE\workspace_1.17.0\greenhouseOS\build\Release\Core\Src\main.o
LOAD C:\Users\AUTcomp\STM32CubeIDE\workspace_1.17.0\greenhouseOS\build\Release\Core\Src\stm32f4xx_hal_msp.o
LOAD C:\Users\AUTcomp\STM32CubeIDE\workspace_1.17.0\greenhouseOS\build\Release\Core\Src\stm32f4xx_hal_timebase_tim.o
LOAD C:\Users\AUTcomp\STM32CubeIDE\workspace_1.17.0\greenhouseOS\build\Release\Core\Src\stm32f4xx_it.o
LOAD C:\Users\AUTcomp\STM32CubeIDE\workspace_1.17.0\greenhouseOS\build\Release\Core\Src\syscalls.o
LOAD C:\Users\AUTcomp\STM32CubeIDE\workspace_1.17.0\greenhouseOS\build\Release\Core\Src\sysmem.o
LOAD C:\Users\AUTcomp\STM32CubeIDE\workspace_1.17.0\greenhouseOS\build\Release\Core\Src\system_stm32f4xx.o
LOAD C:\Users\AUTcomp\STM32CubeIDE\workspace_1.17.0\greenhouseOS\build\Release\Core\Startup\startup_stm32f407vetx.o
LOAD C:\Users\AUTcomp\STM32CubeIDE\workspace_1.17.0\greenhouseOS\build\Release\Drivers\BSP\Components\lan8742\lan8742.o
LOAD C:\Users\AUTcomp\STM32CubeIDE\workspace_1.17.0\greenhouseOS\build\Release\Drivers\STM32F4xx_HAL_Driver\Src\stm32f4xx_hal.o
LOAD C:\Users\AUTcomp\STM32CubeIDE\workspace_1.17.0\greenhouseOS\build\Release\Drivers\STM32F4xx_HAL_Driver\Src\stm32f4xx_hal_cortex.o
LOAD C:\Users\AUTcomp\STM32CubeIDE\workspace_1.17.0\greenhouseOS\build\Release\Drivers\STM32F4xx_HAL_Driver\Src\stm32f4xx_hal_dma.o
LOAD C:\Users\AUTcomp\STM32CubeIDE\workspace_1.17.0\greenhouseOS\build\Release\Drivers\STM32F4xx_HAL_Driver\Src\stm32f4xx_hal_dma_ex.o
LOAD C:\Users\AUTcomp\STM32CubeIDE\workspace_1.17.0\greenhouseOS\build\Release\Drivers\STM32F4xx_HAL_Driver\Src\stm32f4xx_hal_eth.o
LOAD C:\Users\AUTcomp\STM32CubeIDE\workspace_1.17.0\greenhouseOS\build\Release\Drivers\STM32F4xx_HAL_Driver\Src\stm32f4xx_hal_exti.o
LOAD C:\Users\AUTcomp\STM32CubeIDE\workspace_1.17.0\greenhouseOS\build\Release\Drivers\STM32F4xx_HAL_Driver\Src\stm32f4xx_hal_flash.o
LOAD C:\Users\AUTcomp\STM32CubeIDE\workspace_1.17.0\greenhouseOS\build\Release\Drivers\STM32F4xx_HAL_Driver\Src\stm32f4xx_hal_flash_ex.o
LOAD C:\Users\AUTcomp\STM32CubeIDE\workspace_1.17.0\greenhouseOS\build\Release\Drivers\STM32F4xx_HAL_Driver\Src\stm32f4xx_hal_flash_ramfunc.o
LOAD C:\Users\AUTcomp\STM32CubeIDE\workspace_1.17.0\greenhouseOS\build\Release\Drivers\STM32F4xx_HAL_Driver\Src\stm32f4xx_hal_gpio.o
LOAD C:\Users\AUTcomp\STM32CubeIDE\workspace_1.17.0\greenhouseOS\build\Release\Drivers\STM32F4xx_HAL_Driver\Src\stm32f4xx_hal_pwr.o
LOAD C:\Users\AUTcomp\STM32CubeIDE\workspace_1.17.0\greenhouseOS\build\Release\Drivers\STM32F4xx_HAL_Driver\Src\stm32f4xx_hal_pwr_ex.o
LOAD C:\Users\AUTcomp\STM32CubeIDE\workspace_1.17.0\greenhouseOS\build\Release\Drivers\STM32F4xx_HAL_Driver\Src\stm32f4xx_hal_rcc.o
LOAD C:\Users\AUTcomp\STM32CubeIDE\workspace_1.17.0\greenhouseOS\build\Release\Drivers\STM32F4xx_HAL_Driver\Src\stm32f4xx_hal_rcc_ex.o
LOAD C:\Users\AUTcomp\STM32CubeIDE\workspace_1.17.0\greenhouseOS\build\Release\Drivers\STM32F4xx_HAL_Driver\Src\stm32f4xx_hal_rtc.o
LOAD C:\Users\AUTcomp\STM32CubeIDE\workspace_1.17.0\greenhouseOS\build\Release\Drivers\STM32F4xx_HAL_Driver\Src\stm32f4xx_hal_rtc_ex.o
LOAD C:\Users\AUTcomp\STM32CubeIDE\workspace_1.17.0\greenhouseOS\build\Release\Drivers\STM32F4xx_HAL_Driver\Src\stm32f4xx_hal_tim.o
LOAD C:\Users\AUTcomp\STM32CubeIDE\workspace_1.17.0\greenhouseOS\build\Release\Drivers\STM32F4xx_HAL_Driver\Src\stm32f4xx_hal_tim_ex.o
LOAD C:\Users\AUTcomp\STM32CubeIDE\workspace_1.17.0\greenhouseOS\build\Release\Drivers\STM32F4xx_HAL_Driver\Src\stm32f4xx_hal_uart.o
LOAD C:\Users\AUTcomp\STM32CubeIDE\workspace_1.17.0\greenhouseOS\build\Release\LWIP\App\lwip.o
LOAD C:\Users\AUTcomp\STM32CubeIDE\workspace_1.17.0\greenhouseOS\build\Release\LWIP\Target\ethernetif.o
LOAD C:\Users\AUTcomp\STM32CubeIDE\workspace_1.17.0\greenhouseOS\build\Release\Middlewares\Third_Party\FreeRTOS\Source\CMSIS_RTOS_V2\cmsis_os2.o
LOAD C:\Users\AUTcomp\STM32CubeIDE\workspace_1.17.0\greenhouseOS\build\Release\Middlewares\Third_Party\FreeRTOS\Source\croutine.o
LOAD C:\Users\AUTcomp\STM32CubeIDE\workspace_1.17.0\greenhouseOS\build\Release\Middlewares\Third_Party\FreeRTOS\Source\event_groups.o
LOAD C:\Users\AUTcomp\STM32CubeIDE\workspace_1.17.0\greenhouseOS\build\Release\Middlewares\Third_Party\FreeRTOS\Source\list.o
LOAD C:\Users\AUTcomp\STM32CubeIDE\workspace_1.17.0\greenhouseOS\build\Release\Middlewares\Third_Party\FreeRTOS\Source\queue.o
LOAD C:\Users\AUTcomp\STM32CubeIDE\workspace_1.17.0\greenhouseOS\build\Release\Middlewares\Third_Party\FreeRTOS\Source\stream_buffer.o
LOAD C:\Users\AUTcomp\STM32CubeIDE\workspace_1.17.0\greenhouseOS\build\Release\Middlewares\Third_Party\FreeRTOS\Source\tasks.o
LOAD C:\Users\AUTcomp\STM32CubeIDE\workspace_1.17.0\greenhouseOS\build\Release\Middlewares\Third_Party\FreeRTOS\Source\timers.o
LOAD C:\Users\AUTcomp\STM32CubeIDE\workspace_1.17.0\greenhouseOS\build\Release\Middlewares\Third_Party\FreeRTOS\Source\portable\GCC\ARM_CM4F\port.o
LOAD C:\Users\AUTcomp\STM32CubeIDE\workspace_1.17.0\greenhouseOS\build\Release\Middlewares\Third_Party\FreeRTOS\Source\portable\MemMang\heap_4.o
LOAD C:\Users\AUTcomp\STM32CubeIDE\workspace_1.17.0\greenhouseOS\build\Release\Middlewares\Third_Party\LwIP\src\api\api_lib.o
LOAD C:\Users\AUTcomp\STM32CubeIDE\workspace_1.17.0\greenhouseOS\build\Release\Middlewares\Third_Party\LwIP\src\api\api_msg.o
LOAD C:\Users\AUTcomp\STM32CubeIDE\workspace_1.17.0\greenhouseOS\build\Release\Middlewares\Third_Party\LwIP\src\api\err.o
LOAD C:\Users\AUTcomp\STM32CubeIDE\workspace_1.17.0\greenhouseOS\build\Release\Middlewares\Third_Party\LwIP\src\api\if_api.o
LOAD C:\Users\AUTcomp\STM32CubeIDE\workspace_1.17.0\greenhouseOS\build\Release\Middlewares\Third_Party\LwIP\src\api\netbuf.o
LOAD C:\Users\AUTcomp\STM32CubeIDE\workspace_1.17.0\greenhouseOS\build\Release\Middlewares\Third_Party\LwIP\src\api\netdb.o
LOAD C:\Users\AUTcomp\STM32CubeIDE\workspace_1.17.0\greenhouseOS\build\Release\Middlewares\Third_Party\LwIP\src\api\netifapi.o
LOAD C:\Users\AUTcomp\STM32CubeIDE\workspace_1.17.0\greenhouseOS\build\Release\Middlewares\Third_Party\LwIP\src\api\sockets.o
LOAD C:\Users\AUTcomp\STM32CubeIDE\workspace_1.17.0\greenhouseOS\build\Release\Middlewares\Third_Party\LwIP\src\api\tcpip.o
LOAD C:\Users\AUTcomp\STM32CubeIDE\workspace_1.17.0\greenhouseOS\build\Release\Middlewares\Third_Party\LwIP\src\apps\mqtt\mqtt.o
LOAD C:\Users\AUTcomp\STM32CubeIDE\workspace_1.17.0\greenhouseOS\build\Release\Middlewares\Third_Party\LwIP\src\core\altcp.o
LOAD C:\Users\AUTcomp\STM32CubeIDE\workspace_1.17.0\greenhouseOS\build\Release\Middlewares\Third_Party\LwIP\src\core\altcp_alloc.o
LOAD C:\Users\AUTcomp\STM32CubeIDE\workspace_1.17.0\greenhouseOS\build\Release\Middlewares\Third_Party\LwIP\src\core\altcp_tcp.o
LOAD C:\Users\AUTcomp\STM32CubeIDE\workspace_1.17.0\greenhouseOS\build\Release\Middlewares\Third_Party\LwIP\src\core\def.o
LOAD C:\Users\AUTcomp\STM32CubeIDE\workspace_1.17.0\greenhouseOS\build\Release\Middlewares\Third_Party\LwIP\src\core\dns.o
LOAD C:\Users\AUTcomp\STM32CubeIDE\workspace_1.17.0\greenhouseOS\build\Release\Middlewares\Third_Party\LwIP\src\core\inet_chksum.o
LOAD C:\Users\AUTcomp\STM32CubeIDE\workspace_1.17.0\greenhouseOS\build\Release\Middlewares\Third_Party\LwIP\src\core\init.o
LOAD C:\Users\AUTcomp\STM32CubeIDE\workspace_1.17.0\greenhouseOS\build\Release\Middlewares\Third_Party\LwIP\src\core\ip.o
LOAD C:\Users\AUTcomp\STM32CubeIDE\workspace_1.17.0\greenhouseOS\build\Release\Middlewares\Third_Party\LwIP\src\core\mem.o
LOAD C:\Users\AUTcomp\STM32CubeIDE\workspace_1.17.0\greenhouseOS\build\Release\Middlewares\Third_Party\LwIP\src\core\memp.o
LOAD C:\Users\AUTcomp\STM32CubeIDE\workspace_1.17.0\greenhouseOS\build\Release\Middlewares\Third_Party\LwIP\src\core\netif.o
LOAD C:\Users\AUTcomp\STM32CubeIDE\workspace_1.17.0\greenhouseOS\build\Release\Middlewares\Third_Party\LwIP\src\core\pbuf.o
LOAD C:\Users\AUTcomp\STM32CubeIDE\workspace_1.17.0\greenhouseOS\build\Release\Middlewares\Third_Party\LwIP\src\core\raw.o
LOAD C:\Users\AUTcomp\STM32CubeIDE\workspace_1.17.0\greenhouseOS\build\Release\Middlewares\Third_Party\LwIP\src\core\stats.o
LOAD C:\Users\AUTcomp\STM32CubeIDE\workspace_1.17.0\greenhouseOS\build\Release\Middlewares\Third_Party\LwIP\src\core\sys.o
LOAD C:\Users\AUTcomp\STM32CubeIDE\workspace_1.17.0\greenhouseOS\build\Release\Middlewares\Third_Party\LwIP\src\core\tcp.o
LOAD C:\Users\AUTcomp\STM32CubeIDE\workspace_1.17.0\greenhouseOS\build\Release\Middlewares\Third_Party\LwIP\src\core\tcp_in.o
LOAD C:\Users\AUTcomp\STM32CubeIDE\workspace_1.17.0\greenhouseOS\build\Release\Middlewares\Third_Party\LwIP\src\core\tcp_out.o
LOAD C:\Users\AUTcomp\STM32CubeIDE\workspace_1.17.0\greenhouseOS\build\Release\Middlewares\Third_Party\LwIP\src\core\timeouts.o
LOAD C:\Users\AUTcomp\STM32CubeIDE\workspace_1.17.0\greenhouseOS\build\Release\Middlewares\Third_Party\LwIP\src\core\udp.o
LOAD C:\Users\AUTcomp\STM32CubeIDE\workspace_1.17.0\greenhouseOS\build\Release\Middlewares\Third_Party\LwIP\src\core\ipv4\autoip.o
LOAD C:\Users\AUTcomp\STM32CubeIDE\workspace_1.17.0\greenhouseOS\build\Release\Middlewares\Third_Party\LwIP\src\core\ipv4\dhcp.o
LOAD C:\Users\AUTcomp\STM32CubeIDE\workspace_1.17.0\greenhouseOS\build\Release\Middlewares\Third_Party\LwIP\src\core\ipv4\etharp.o
LOAD C:\Users\AUTcomp\STM32CubeIDE\workspace_1.17.0\greenhouseOS\build\Release\Middlewares\Third_Party\LwIP\src\core\ipv4\icmp.o
LOAD C:\Users\AUTcomp\STM32CubeIDE\workspace_1.17.0\greenhouseOS\build\Release\Middlewares\Third_Party\LwIP\src\core\ipv4\igmp.o
LOAD C:\Users\AUTcomp\STM32CubeIDE\workspace_1.17.0\greenhouseOS\build\Release\Middlewares\Third_Party\LwIP\src\core\ipv4\ip4.o
LOAD C:\Users\AUTcomp\STM32CubeIDE\workspace_1.17.0\greenhouseOS\build\Release\Middlewares\Third_Party\LwIP\src\core\ipv4\ip4_addr.o
LOAD C:\Users\AUTcomp\STM32CubeIDE\workspace_1.17.0\greenhouseOS\build\Release\Middlewares\Third_Party\LwIP\src\core\ipv4\ip4_frag.o
LOAD C:\Users\AUTcomp\STM32CubeIDE\workspace_1.17.0\greenhouseOS\build\Release\Middlewares\Third_Party\LwIP\src\core\ipv6\dhcp6.o
LOAD C:\Users\AUTcomp\STM32CubeIDE\workspace_1.17.0\greenhouseOS\build\Release\Middlewares\Third_Party\LwIP\src\core\ipv6\ethip6.o
LOAD C:\Users\AUTcomp\STM32CubeIDE\workspace_1.17.0\greenhouseOS\build\Release\Middlewares\Third_Party\LwIP\src\core\ipv6\icmp6.o
LOAD C:\Users\AUTcomp\STM32CubeIDE\workspace_1.17.0\greenhouseOS\build\Release\Middlewares\Third_Party\LwIP\src\core\ipv6\inet6.o
LOAD C:\Users\AUTcomp\STM32CubeIDE\workspace_1.17.0\greenhouseOS\build\Release\Middlewares\Third_Party\LwIP\src\core\ipv6\ip6.o
LOAD C:\Users\AUTcomp\STM32CubeIDE\workspace_1.17.0\greenhouseOS\build\Release\Middlewares\Third_Party\LwIP\src\core\ipv6\ip6_addr.o
LOAD C:\Users\AUTcomp\STM32CubeIDE\workspace_1.17.0\greenhouseOS\build\Release\Middlewares\Third_Party\LwIP\src\core\ipv6\ip6_frag.o
LOAD C:\Users\AUTcomp\STM32CubeIDE\workspace_1.17.0\greenhouseOS\build\Release\Middlewares\Third_Party\LwIP\src\core\ipv6\mld6.o
LOAD C:\Users\AUTcomp\STM32CubeIDE\workspace_1.17.0\greenhouseOS\build\Release\Middlewares\Third_Party\LwIP\src\core\ipv6\nd6.o
LOAD C:\Users\AUTcomp\STM32CubeIDE\workspace_1.17.0\greenhouseOS\build\Release\Middlewares\Third_Party\LwIP\src\netif\bridgeif.o
LOAD C:\Users\AUTcomp\STM32CubeIDE\workspace_1.17.0\greenhouseOS\build\Release\Middlewares\Third_Party\LwIP\src\netif\bridgeif_fdb.o
LOAD C:\Users\AUTcomp\STM32CubeIDE\workspace_1.17.0\greenhouseOS\build\Release\Middlewares\Third_Party\LwIP\src\netif\ethernet.o
LOAD C:\Users\AUTcomp\STM32CubeIDE\workspace_1.17.0\greenhouseOS\build\Release\Middlewares\Third_Party\LwIP\src\netif\lowpan6.o
LOAD C:\Users\AUTcomp\STM32CubeIDE\workspace_1.17.0\greenhouseOS\build\Release\Middlewares\Third_Party\LwIP\src\netif\lowpan6_ble.o
LOAD C:\Users\AUTcomp\STM32CubeIDE\workspace_1.17.0\greenhouseOS\build\Release\Middlewares\Third_Party\LwIP\src\netif\lowpan6_common.o
LOAD C:\Users\AUTcomp\STM32CubeIDE\workspace_1.17.0\greenhouseOS\build\Release\Middlewares\Third_Party\LwIP\src\netif\slipif.o
LOAD C:\Users\AUTcomp\STM32CubeIDE\workspace_1.17.0\greenhouseOS\build\Release\Middlewares\Third_Party\LwIP\src\netif\zepif.o
LOAD C:\Users\AUTcomp\STM32CubeIDE\workspace_1.17.0\greenhouseOS\build\Release\Middlewares\Third_Party\LwIP\src\netif\ppp\auth.o
LOAD C:\Users\AUTcomp\STM32CubeIDE\workspace_1.17.0\greenhouseOS\build\Release\Middlewares\Third_Party\LwIP\src\netif\ppp\ccp.o
LOAD C:\Users\AUTcomp\STM32CubeIDE\workspace_1.17.0\greenhouseOS\build\Release\Middlewares\Third_Party\LwIP\src\netif\ppp\chap-md5.o
LOAD C:\Users\AUTcomp\STM32CubeIDE\workspace_1.17.0\greenhouseOS\build\Release\Middlewares\Third_Party\LwIP\src\netif\ppp\chap-new.o
LOAD C:\Users\AUTcomp\STM32CubeIDE\workspace_1.17.0\greenhouseOS\build\Release\Middlewares\Third_Party\LwIP\src\netif\ppp\chap_ms.o
LOAD C:\Users\AUTcomp\STM32CubeIDE\workspace_1.17.0\greenhouseOS\build\Release\Middlewares\Third_Party\LwIP\src\netif\ppp\demand.o
LOAD C:\Users\AUTcomp\STM32CubeIDE\workspace_1.17.0\greenhouseOS\build\Release\Middlewares\Third_Party\LwIP\src\netif\ppp\eap.o
LOAD C:\Users\AUTcomp\STM32CubeIDE\workspace_1.17.0\greenhouseOS\build\Release\Middlewares\Third_Party\LwIP\src\netif\ppp\ecp.o
LOAD C:\Users\AUTcomp\STM32CubeIDE\workspace_1.17.0\greenhouseOS\build\Release\Middlewares\Third_Party\LwIP\src\netif\ppp\eui64.o
LOAD C:\Users\AUTcomp\STM32CubeIDE\workspace_1.17.0\greenhouseOS\build\Release\Middlewares\Third_Party\LwIP\src\netif\ppp\fsm.o
LOAD C:\Users\AUTcomp\STM32CubeIDE\workspace_1.17.0\greenhouseOS\build\Release\Middlewares\Third_Party\LwIP\src\netif\ppp\ipcp.o
LOAD C:\Users\AUTcomp\STM32CubeIDE\workspace_1.17.0\greenhouseOS\build\Release\Middlewares\Third_Party\LwIP\src\netif\ppp\ipv6cp.o
LOAD C:\Users\AUTcomp\STM32CubeIDE\workspace_1.17.0\greenhouseOS\build\Release\Middlewares\Third_Party\LwIP\src\netif\ppp\lcp.o
LOAD C:\Users\AUTcomp\STM32CubeIDE\workspace_1.17.0\greenhouseOS\build\Release\Middlewares\Third_Party\LwIP\src\netif\ppp\magic.o
LOAD C:\Users\AUTcomp\STM32CubeIDE\workspace_1.17.0\greenhouseOS\build\Release\Middlewares\Third_Party\LwIP\src\netif\ppp\mppe.o
LOAD C:\Users\AUTcomp\STM32CubeIDE\workspace_1.17.0\greenhouseOS\build\Release\Middlewares\Third_Party\LwIP\src\netif\ppp\multilink.o
LOAD C:\Users\AUTcomp\STM32CubeIDE\workspace_1.17.0\greenhouseOS\build\Release\Middlewares\Third_Party\LwIP\src\netif\ppp\ppp.o
LOAD C:\Users\AUTcomp\STM32CubeIDE\workspace_1.17.0\greenhouseOS\build\Release\Middlewares\Third_Party\LwIP\src\netif\ppp\pppapi.o
LOAD C:\Users\AUTcomp\STM32CubeIDE\workspace_1.17.0\greenhouseOS\build\Release\Middlewares\Third_Party\LwIP\src\netif\ppp\pppcrypt.o
LOAD C:\Users\AUTcomp\STM32CubeIDE\workspace_1.17.0\greenhouseOS\build\Release\Middlewares\Third_Party\LwIP\src\netif\ppp\pppoe.o
LOAD C:\Users\AUTcomp\STM32CubeIDE\workspace_1.17.0\greenhouseOS\build\Release\Middlewares\Third_Party\LwIP\src\netif\ppp\pppol2tp.o
LOAD C:\Users\AUTcomp\STM32CubeIDE\workspace_1.17.0\greenhouseOS\build\Release\Middlewares\Third_Party\LwIP\src\netif\ppp\pppos.o
LOAD C:\Users\AUTcomp\STM32CubeIDE\workspace_1.17.0\greenhouseOS\build\Release\Middlewares\Third_Party\LwIP\src\netif\ppp\upap.o
LOAD C:\Users\AUTcomp\STM32CubeIDE\workspace_1.17.0\greenhouseOS\build\Release\Middlewares\Third_Party\LwIP\src\netif\ppp\utils.o
LOAD C:\Users\AUTcomp\STM32CubeIDE\workspace_1.17.0\greenhouseOS\build\Release\Middlewares\Third_Party\LwIP\src\netif\ppp\vj.o
LOAD C:\Users\AUTcomp\STM32CubeIDE\workspace_1.17.0\greenhouseOS\build\Release\Middlewares\Third_Party\LwIP\system\OS\sys_arch.o
START GROUP
LOAD C:/Users/AUTcomp/arm_gnu_toolchain/bin/../lib/gcc/arm-none-eabi/15.2.1/../../../../arm-none-eabi/lib/thumb/v7e-m+fp/hard\libc_nano.a
LOAD C:/Users/AUTcomp/arm_gnu_toolchain/bin/../lib/gcc/arm-none-eabi/15.2.1/../../../../arm-none-eabi/lib/thumb/v7e-m+fp/hard\libm.a
END GROUP
START GROUP
LOAD C:/Users/AUTcomp/arm_gnu_toolchain/bin/../lib/gcc/arm-none-eabi/15.2.1/thumb/v7e-m+fp/hard\libgcc.a
LOAD C:/Users/AUTcomp/arm_gnu_toolchain/bin/../lib/gcc/arm-none-eabi/15.2.1/../../../../arm-none-eabi/lib/thumb/v7e-m+fp/hard\libc_nano.a
END GROUP
START GROUP
LOAD C:/Users/AUTcomp/arm_gnu_toolchain/bin/../lib/gcc/arm-none-eabi/15.2.1/thumb/v7e-m+fp/hard\libgcc.a
LOAD C:/Users/AUTcomp/arm_gnu_toolchain/bin/../lib/gcc/arm-none-eabi/15.2.1/../../../../arm-none-eabi/lib/thumb/v7e-m+fp/hard\libc_nano.a
LOAD C:/Users/AUTcomp/arm_gnu_toolchain/bin/../lib/gcc/arm-none-eabi/15.2.1/../../../../arm-none-eabi/lib/thumb/v7e-m+fp/hard\libnosys.a
END GROUP
START GROUP
LOAD C:/Users/AUTcomp/arm_gnu_toolchain/bin/../lib/gcc/arm-none-eabi/15.2.1/thumb/v7e-m+fp/hard\libgcc.a
LOAD C:/Users/AUTcomp/arm_gnu_toolchain/bin/../lib/gcc/arm-none-eabi/15.2.1/../../../../arm-none-eabi/lib/thumb/v7e-m+fp/hard\libc_nano.a
LOAD C:/Users/AUTcomp/arm_gnu_toolchain/bin/../lib/gcc/arm-none-eabi/15.2.1/../../../../arm-none-eabi/lib/thumb/v7e-m+fp/hard\libnosys.a
END GROUP
LOAD C:/Users/AUTcomp/arm_gnu_toolchain/bin/../lib/gcc/arm-none-eabi/15.2.1/thumb/v7e-m+fp/hard/crtend.o
LOAD C:/Users/AUTcomp/arm_gnu_toolchain/bin/../lib/gcc/arm-none-eabi/15.2.1/thumb/v7e-m+fp/hard/crtn.o
                0x20020000                        _estack = (ORIGIN (RAM) + LENGTH (RAM))
                0x00000200                        _Min_Heap_Size = 0x200
                0x00000400                        _Min_Stack_Size = 0x400

.isr_vector     0x08000000      0x188
                0x08000000                        . = ALIGN (0x4)
 *(.isr_vector)
 .isr_vector    0x08000000      0x188 C:\Users\AUTcomp\STM32CubeIDE\workspace_1.17.0\greenhouseOS\build\Release\Core\Startup\startup_stm32f407vetx.o
                0x08000000                g_pfnVectors
                0x08000188                        . = ALIGN (0x4)

.text           0x08000190    0x164fc
                0x08000190                        . = ALIGN (0x4)
 *(.text)
 .text          0x08000190       0xa0 C:/Users/AUTcomp/arm_gnu_toolchain/bin/../lib/gcc/arm-none-eabi/15.2.1/../../../../arm-none-eabi/lib/thumb/v7e-m+fp/hard\libc_nano.a(libc_a-memchr.o)
                0x08000190                memchr
 .text          0x08000230       0x30 C:/Users/AUTcomp/arm_gnu_toolchain/bin/../lib/gcc/arm-none-eabi/15.2.1/thumb/v7e-m+fp/hard\libgcc.a(_aeabi_uldivmod.o)
                0x08000230                __aeabi_uldivmod
 .text          0x08000260        0x4 C:/Users/AUTcomp/arm_gnu_toolchain/bin/../lib/gcc/arm-none-eabi/15.2.1/thumb/v7e-m+fp/hard\libgcc.a(_dvmd_tls.o)
                0x08000260                __aeabi_idiv0
                0x08000260                __aeabi_ldiv0
 *(.text*)
 .text.deregister_tm_clones
                0x08000264       0x1c C:/Users/AUTcomp/arm_gnu_toolchain/bin/../lib/gcc/arm-none-eabi/15.2.1/thumb/v7e-m+fp/hard/crtbegin.o
 .text.register_tm_clones
                0x08000280       0x24 C:/Users/AUTcomp/arm_gnu_toolchain/bin/../lib/gcc/arm-none-eabi/15.2.1/thumb/v7e-m+fp/hard/crtbegin.o
 .text.__do_global_dtors_aux
                0x080002a4       0x28 C:/Users/AUTcomp/arm_gnu_toolchain/bin/../lib/gcc/arm-none-eabi/15.2.1/thumb/v7e-m+fp/hard/crtbegin.o
 .text.frame_dummy
                0x080002cc       0x24 C:/Users/AUTcomp/arm_gnu_toolchain/bin/../lib/gcc/arm-none-eabi/15.2.1/thumb/v7e-m+fp/hard/crtbegin.o
 .text.vTimerCallbackT35
                0x080002f0       0x5c C:\Users\AUTcomp\STM32CubeIDE\workspace_1.17.0\greenhouseOS\build\Release\Core\Src\Modbus.o
 .text.vTimerCallbackTimeout
                0x0800034c       0x3c C:\Users\AUTcomp\STM32CubeIDE\workspace_1.17.0\greenhouseOS\build\Release\Core\Src\Modbus.o
 .text.TCPinitserver.part.0
                0x08000388       0x50 C:\Users\AUTcomp\STM32CubeIDE\workspace_1.17.0\greenhouseOS\build\Release\Core\Src\Modbus.o
 .text.getRxBuffer
                0x080003d8       0xb8 C:\Users\AUTcomp\STM32CubeIDE\workspace_1.17.0\greenhouseOS\build\Release\Core\Src\Modbus.o
 .text.sendTxBuffer
                0x08000490      0x194 C:\Users\AUTcomp\STM32CubeIDE\workspace_1.17.0\greenhouseOS\build\Release\Core\Src\Modbus.o
 .text.StartTaskModbusSlave
                0x08000624      0x960 C:\Users\AUTcomp\STM32CubeIDE\workspace_1.17.0\greenhouseOS\build\Release\Core\Src\Modbus.o
                0x08000624                StartTaskModbusSlave
 .text.SendQuery.isra.0
                0x08000f84      0x190 C:\Users\AUTcomp\STM32CubeIDE\workspace_1.17.0\greenhouseOS\build\Release\Core\Src\Modbus.o
 .text.StartTaskModbusMaster
                0x08001114      0x3f0 C:\Users\AUTcomp\STM32CubeIDE\workspace_1.17.0\greenhouseOS\build\Release\Core\Src\Modbus.o
                0x08001114                StartTaskModbusMaster
 .text.RingAdd  0x08001504       0x20 C:\Users\AUTcomp\STM32CubeIDE\workspace_1.17.0\greenhouseOS\build\Release\Core\Src\Modbus.o
                0x08001504                RingAdd
 .text.ModbusInit
                0x08001524      0x1a8 C:\Users\AUTcomp\STM32CubeIDE\workspace_1.17.0\greenhouseOS\build\Release\Core\Src\Modbus.o
                0x08001524                ModbusInit
 .text.ModbusStart
                0x080016cc       0x90 C:\Users\AUTcomp\STM32CubeIDE\workspace_1.17.0\greenhouseOS\build\Release\Core\Src\Modbus.o
                0x080016cc                ModbusStart
 .text.HAL_UART_TxCpltCallback
                0x0800175c       0x68 C:\Users\AUTcomp\STM32CubeIDE\workspace_1.17.0\greenhouseOS\build\Release\Core\Src\UARTCallback.o
                0x0800175c                HAL_UART_TxCpltCallback
 .text.HAL_UART_RxCpltCallback
                0x080017c4       0xa0 C:\Users\AUTcomp\STM32CubeIDE\workspace_1.17.0\greenhouseOS\build\Release\Core\Src\UARTCallback.o
                0x080017c4                HAL_UART_RxCpltCallback
 .text.HAL_UART_ErrorCallback
                0x08001864        0x4 C:\Users\AUTcomp\STM32CubeIDE\workspace_1.17.0\greenhouseOS\build\Release\Core\Src\UARTCallback.o
                0x08001864                HAL_UART_ErrorCallback
 .text.topo_section_bounds
                0x08001868       0x38 C:\Users\AUTcomp\STM32CubeIDE\workspace_1.17.0\greenhouseOS\build\Release\Core\Src\gh_config_storage.o
 .text.topo_find_module_by_id
                0x080018a0       0x7c C:\Users\AUTcomp\STM32CubeIDE\workspace_1.17.0\greenhouseOS\build\Release\Core\Src\gh_config_storage.o
 .text.topo_flash_write_words
                0x0800191c       0x54 C:\Users\AUTcomp\STM32CubeIDE\workspace_1.17.0\greenhouseOS\build\Release\Core\Src\gh_config_storage.o
 .text.topology_write_payload
                0x08001970       0x90 C:\Users\AUTcomp\STM32CubeIDE\workspace_1.17.0\greenhouseOS\build\Release\Core\Src\gh_config_storage.o
 .text.cfg_write_slot_with_retries
                0x08001a00       0x74 C:\Users\AUTcomp\STM32CubeIDE\workspace_1.17.0\greenhouseOS\build\Release\Core\Src\gh_config_storage.o
 .text.runtime_lock
                0x08001a74       0x4c C:\Users\AUTcomp\STM32CubeIDE\workspace_1.17.0\greenhouseOS\build\Release\Core\Src\gh_config_storage.o
 .text.topology_write_slot_with_retries.constprop.0
                0x08001ac0       0x5c C:\Users\AUTcomp\STM32CubeIDE\workspace_1.17.0\greenhouseOS\build\Release\Core\Src\gh_config_storage.o
 .text.GH_TopologyRuntime_Clear
                0x08001b1c       0x48 C:\Users\AUTcomp\STM32CubeIDE\workspace_1.17.0\greenhouseOS\build\Release\Core\Src\gh_config_storage.o
                0x08001b1c                GH_TopologyRuntime_Clear
 .text.GH_TopologyRuntime_CopyPollPlan
                0x08001b64       0xa0 C:\Users\AUTcomp\STM32CubeIDE\workspace_1.17.0\greenhouseOS\build\Release\Core\Src\gh_config_storage.o
                0x08001b64                GH_TopologyRuntime_CopyPollPlan
 .text.GH_TopologyV2_ValidatePayload
                0x08001c04      0x774 C:\Users\AUTcomp\STM32CubeIDE\workspace_1.17.0\greenhouseOS\build\Release\Core\Src\gh_config_storage.o
                0x08001c04                GH_TopologyV2_ValidatePayload
 .text.GH_TopologyRuntime_RebuildFromPayload
                0x08002378      0x1d4 C:\Users\AUTcomp\STM32CubeIDE\workspace_1.17.0\greenhouseOS\build\Release\Core\Src\gh_config_storage.o
                0x08002378                GH_TopologyRuntime_RebuildFromPayload
 .text.topology_slot_read.constprop.0
                0x0800254c       0x74 C:\Users\AUTcomp\STM32CubeIDE\workspace_1.17.0\greenhouseOS\build\Release\Core\Src\gh_config_storage.o
 .text.GH_TopologyV2_SyncRuntimeFromPayload
                0x080025c0       0xe4 C:\Users\AUTcomp\STM32CubeIDE\workspace_1.17.0\greenhouseOS\build\Release\Core\Src\gh_config_storage.o
                0x080025c0                GH_TopologyV2_SyncRuntimeFromPayload
 .text.GH_TopologyV2_SyncRuntimeFromConfig
                0x080026a4       0x74 C:\Users\AUTcomp\STM32CubeIDE\workspace_1.17.0\greenhouseOS\build\Release\Core\Src\gh_config_storage.o
                0x080026a4                GH_TopologyV2_SyncRuntimeFromConfig
 .text.GH_TopologyStorage_LoadActiveFromFlash
                0x08002718      0x154 C:\Users\AUTcomp\STM32CubeIDE\workspace_1.17.0\greenhouseOS\build\Release\Core\Src\gh_config_storage.o
                0x08002718                GH_TopologyStorage_LoadActiveFromFlash
 .text.GH_ConfigStorageTask_Run
                0x0800286c      0x558 C:\Users\AUTcomp\STM32CubeIDE\workspace_1.17.0\greenhouseOS\build\Release\Core\Src\gh_config_storage.o
                0x0800286c                GH_ConfigStorageTask_Run
 .text.gh_crc32_compute
                0x08002dc4       0xbc C:\Users\AUTcomp\STM32CubeIDE\workspace_1.17.0\greenhouseOS\build\Release\Core\Src\gh_crc32.o
                0x08002dc4                gh_crc32_compute
 .text.modbus_io_ensure_ready
                0x08002e80       0x6c C:\Users\AUTcomp\STM32CubeIDE\workspace_1.17.0\greenhouseOS\build\Release\Core\Src\gh_modbus_io.o
 .text.modbus_uart_tx_it
                0x08002eec       0xa0 C:\Users\AUTcomp\STM32CubeIDE\workspace_1.17.0\greenhouseOS\build\Release\Core\Src\gh_modbus_io.o
 .text.modbus_uart_rx_it.constprop.0
                0x08002f8c       0x5c C:\Users\AUTcomp\STM32CubeIDE\workspace_1.17.0\greenhouseOS\build\Release\Core\Src\gh_modbus_io.o
 .text.GH_ModbusIo_OnUartTxCplt
                0x08002fe8       0x3c C:\Users\AUTcomp\STM32CubeIDE\workspace_1.17.0\greenhouseOS\build\Release\Core\Src\gh_modbus_io.o
                0x08002fe8                GH_ModbusIo_OnUartTxCplt
 .text.GH_ModbusIo_OnUartRxCplt
                0x08003024       0x3c C:\Users\AUTcomp\STM32CubeIDE\workspace_1.17.0\greenhouseOS\build\Release\Core\Src\gh_modbus_io.o
                0x08003024                GH_ModbusIo_OnUartRxCplt
 .text.GH_ModbusIo_OnUartError
                0x08003060       0x3c C:\Users\AUTcomp\STM32CubeIDE\workspace_1.17.0\greenhouseOS\build\Release\Core\Src\gh_modbus_io.o
                0x08003060                GH_ModbusIo_OnUartError
 .text.modbus_read_holding_registers
                0x0800309c      0x2c8 C:\Users\AUTcomp\STM32CubeIDE\workspace_1.17.0\greenhouseOS\build\Release\Core\Src\gh_modbus_io.o
                0x0800309c                modbus_read_holding_registers
 .text.modbus_write_single_holding_register
                0x08003364      0x240 C:\Users\AUTcomp\STM32CubeIDE\workspace_1.17.0\greenhouseOS\build\Release\Core\Src\gh_modbus_io.o
                0x08003364                modbus_write_single_holding_register
 .text.map_refresh_runtime_diag_nolock
                0x080035a4      0x190 C:\Users\AUTcomp\STM32CubeIDE\workspace_1.17.0\greenhouseOS\build\Release\Core\Src\gh_modbus_map.o
 .text.topo_try_submit.isra.0
                0x08003734      0x168 C:\Users\AUTcomp\STM32CubeIDE\workspace_1.17.0\greenhouseOS\build\Release\Core\Src\gh_modbus_map.o
 .text.cfg_try_submit.isra.0
                0x0800389c      0x11c C:\Users\AUTcomp\STM32CubeIDE\workspace_1.17.0\greenhouseOS\build\Release\Core\Src\gh_modbus_map.o
 .text.map_lock
                0x080039b8       0x4c C:\Users\AUTcomp\STM32CubeIDE\workspace_1.17.0\greenhouseOS\build\Release\Core\Src\gh_modbus_map.o
 .text.GH_ModbusMap_ReportConfigResult
                0x08003a04       0x88 C:\Users\AUTcomp\STM32CubeIDE\workspace_1.17.0\greenhouseOS\build\Release\Core\Src\gh_modbus_map.o
                0x08003a04                GH_ModbusMap_ReportConfigResult
 .text.GH_ModbusMap_ReportTopologyResult
                0x08003a8c       0x60 C:\Users\AUTcomp\STM32CubeIDE\workspace_1.17.0\greenhouseOS\build\Release\Core\Src\gh_modbus_map.o
                0x08003a8c                GH_ModbusMap_ReportTopologyResult
 .text.GH_ModbusMap_Init
                0x08003aec       0xa0 C:\Users\AUTcomp\STM32CubeIDE\workspace_1.17.0\greenhouseOS\build\Release\Core\Src\gh_modbus_map.o
                0x08003aec                GH_ModbusMap_Init
 .text.GH_ModbusMap_UpdateAges
                0x08003b8c       0x64 C:\Users\AUTcomp\STM32CubeIDE\workspace_1.17.0\greenhouseOS\build\Release\Core\Src\gh_modbus_map.o
                0x08003b8c                GH_ModbusMap_UpdateAges
 .text.GH_ModbusMap_ReadRange
                0x08003bf0       0x68 C:\Users\AUTcomp\STM32CubeIDE\workspace_1.17.0\greenhouseOS\build\Release\Core\Src\gh_modbus_map.o
                0x08003bf0                GH_ModbusMap_ReadRange
 .text.GH_ModbusMap_WriteSingle
                0x08003c58       0xac C:\Users\AUTcomp\STM32CubeIDE\workspace_1.17.0\greenhouseOS\build\Release\Core\Src\gh_modbus_map.o
                0x08003c58                GH_ModbusMap_WriteSingle
 .text.GH_ModbusMap_WriteRange
                0x08003d04       0xb0 C:\Users\AUTcomp\STM32CubeIDE\workspace_1.17.0\greenhouseOS\build\Release\Core\Src\gh_modbus_map.o
                0x08003d04                GH_ModbusMap_WriteRange
 .text.GH_ModbusMap_UpdateTelemetry
                0x08003db4       0x94 C:\Users\AUTcomp\STM32CubeIDE\workspace_1.17.0\greenhouseOS\build\Release\Core\Src\gh_modbus_map.o
                0x08003db4                GH_ModbusMap_UpdateTelemetry
 .text.GH_ModbusMap_ReportTimeout
                0x08003e48       0x70 C:\Users\AUTcomp\STM32CubeIDE\workspace_1.17.0\greenhouseOS\build\Release\Core\Src\gh_modbus_map.o
                0x08003e48                GH_ModbusMap_ReportTimeout
 .text.GH_ModbusMap_UpdateDiag
                0x08003eb8       0x4c C:\Users\AUTcomp\STM32CubeIDE\workspace_1.17.0\greenhouseOS\build\Release\Core\Src\gh_modbus_map.o
                0x08003eb8                GH_ModbusMap_UpdateDiag
 .text.GH_ModbusMap_GetApplyRequest
                0x08003f04       0xc0 C:\Users\AUTcomp\STM32CubeIDE\workspace_1.17.0\greenhouseOS\build\Release\Core\Src\gh_modbus_map.o
                0x08003f04                GH_ModbusMap_GetApplyRequest
 .text.GH_ModbusMap_MarkApplyResult
                0x08003fc4       0x54 C:\Users\AUTcomp\STM32CubeIDE\workspace_1.17.0\greenhouseOS\build\Release\Core\Src\gh_modbus_map.o
                0x08003fc4                GH_ModbusMap_MarkApplyResult
 .text.GH_ModbusMap_GetBackingStore
                0x08004018        0x8 C:\Users\AUTcomp\STM32CubeIDE\workspace_1.17.0\greenhouseOS\build\Release\Core\Src\gh_modbus_map.o
                0x08004018                GH_ModbusMap_GetBackingStore
 .text.GH_ModbusMap_GetBackingStoreSize
                0x08004020        0x8 C:\Users\AUTcomp\STM32CubeIDE\workspace_1.17.0\greenhouseOS\build\Release\Core\Src\gh_modbus_map.o
                0x08004020                GH_ModbusMap_GetBackingStoreSize
 .text.gh_modbus_write_single_retry
                0x08004028       0x44 C:\Users\AUTcomp\STM32CubeIDE\workspace_1.17.0\greenhouseOS\build\Release\Core\Src\gh_modbus_master.o
 .text.gh_apply_request_for_slave
                0x0800406c       0xc4 C:\Users\AUTcomp\STM32CubeIDE\workspace_1.17.0\greenhouseOS\build\Release\Core\Src\gh_modbus_master.o
 .text.gh_run_topology_cycle.constprop.0
                0x08004130      0x3c4 C:\Users\AUTcomp\STM32CubeIDE\workspace_1.17.0\greenhouseOS\build\Release\Core\Src\gh_modbus_master.o
 .text.GH_ModbusMasterTask_Run
                0x080044f4      0x238 C:\Users\AUTcomp\STM32CubeIDE\workspace_1.17.0\greenhouseOS\build\Release\Core\Src\gh_modbus_master.o
                0x080044f4                GH_ModbusMasterTask_Run
 .text.GH_ModbusTcpServerTask_Run
                0x0800472c      0x184 C:\Users\AUTcomp\STM32CubeIDE\workspace_1.17.0\greenhouseOS\build\Release\Core\Src\gh_modbus_tcp_server.o
                0x0800472c                GH_ModbusTcpServerTask_Run
 .text.flash_write_words
                0x080048b0       0x28 C:\Users\AUTcomp\STM32CubeIDE\workspace_1.17.0\greenhouseOS\build\Release\Core\Src\main.o
 .text.store_reset_reason
                0x080048d8       0x54 C:\Users\AUTcomp\STM32CubeIDE\workspace_1.17.0\greenhouseOS\build\Release\Core\Src\main.o
 .text.persist_diag_increment
                0x0800492c       0x24 C:\Users\AUTcomp\STM32CubeIDE\workspace_1.17.0\greenhouseOS\build\Release\Core\Src\main.o
 .text.config_slot_read
                0x08004950       0x50 C:\Users\AUTcomp\STM32CubeIDE\workspace_1.17.0\greenhouseOS\build\Release\Core\Src\main.o
 .text.config_load_or_default
                0x080049a0       0x8c C:\Users\AUTcomp\STM32CubeIDE\workspace_1.17.0\greenhouseOS\build\Release\Core\Src\main.o
 .text.StartModbusMasterTask
                0x08004a2c        0x4 C:\Users\AUTcomp\STM32CubeIDE\workspace_1.17.0\greenhouseOS\build\Release\Core\Src\main.o
                0x08004a2c                StartModbusMasterTask
 .text.StartModbusTcpServerTask
                0x08004a30        0x4 C:\Users\AUTcomp\STM32CubeIDE\workspace_1.17.0\greenhouseOS\build\Release\Core\Src\main.o
                0x08004a30                StartModbusTcpServerTask
 .text.StartConfigStorageTask
                0x08004a34        0x4 C:\Users\AUTcomp\STM32CubeIDE\workspace_1.17.0\greenhouseOS\build\Release\Core\Src\main.o
                0x08004a34                StartConfigStorageTask
 .text.StartDefaultTask
                0x08004a38       0x10 C:\Users\AUTcomp\STM32CubeIDE\workspace_1.17.0\greenhouseOS\build\Release\Core\Src\main.o
                0x08004a38                StartDefaultTask
 .text.StartControlTask
                0x08004a48       0xbc C:\Users\AUTcomp\STM32CubeIDE\workspace_1.17.0\greenhouseOS\build\Release\Core\Src\main.o
                0x08004a48                StartControlTask
 .text.StartHealthWatchdogTask
                0x08004b04      0x1e0 C:\Users\AUTcomp\STM32CubeIDE\workspace_1.17.0\greenhouseOS\build\Release\Core\Src\main.o
                0x08004b04                StartHealthWatchdogTask
 .text.task_heartbeat_kick
                0x08004ce4       0x68 C:\Users\AUTcomp\STM32CubeIDE\workspace_1.17.0\greenhouseOS\build\Release\Core\Src\main.o
                0x08004ce4                task_heartbeat_kick
 *fill*         0x08004d4c        0x4 
 .text.config_write_to_slot
                0x08004d50       0xa4 C:\Users\AUTcomp\STM32CubeIDE\workspace_1.17.0\greenhouseOS\build\Release\Core\Src\main.o
                0x08004d50                config_write_to_slot
 .text.publish_event
                0x08004df4       0x3c C:\Users\AUTcomp\STM32CubeIDE\workspace_1.17.0\greenhouseOS\build\Release\Core\Src\main.o
                0x08004df4                publish_event
 .text.HAL_TIM_PeriodElapsedCallback
                0x08004e30       0x14 C:\Users\AUTcomp\STM32CubeIDE\workspace_1.17.0\greenhouseOS\build\Release\Core\Src\main.o
                0x08004e30                HAL_TIM_PeriodElapsedCallback
 .text.Error_Handler
                0x08004e44       0x30 C:\Users\AUTcomp\STM32CubeIDE\workspace_1.17.0\greenhouseOS\build\Release\Core\Src\main.o
                0x08004e44                Error_Handler
 .text.SystemClock_Config
                0x08004e74       0x90 C:\Users\AUTcomp\STM32CubeIDE\workspace_1.17.0\greenhouseOS\build\Release\Core\Src\main.o
                0x08004e74                SystemClock_Config
 .text.startup.main
                0x08004f04      0x3f0 C:\Users\AUTcomp\STM32CubeIDE\workspace_1.17.0\greenhouseOS\build\Release\Core\Src\main.o
                0x08004f04                main
 .text.HAL_MspInit
                0x080052f4       0x40 C:\Users\AUTcomp\STM32CubeIDE\workspace_1.17.0\greenhouseOS\build\Release\Core\Src\stm32f4xx_hal_msp.o
                0x080052f4                HAL_MspInit
 .text.HAL_RTC_MspInit
                0x08005334       0x44 C:\Users\AUTcomp\STM32CubeIDE\workspace_1.17.0\greenhouseOS\build\Release\Core\Src\stm32f4xx_hal_msp.o
                0x08005334                HAL_RTC_MspInit
 .text.HAL_UART_MspInit
                0x08005378       0x88 C:\Users\AUTcomp\STM32CubeIDE\workspace_1.17.0\greenhouseOS\build\Release\Core\Src\stm32f4xx_hal_msp.o
                0x08005378                HAL_UART_MspInit
 .text.HAL_InitTick
                0x08005400       0x98 C:\Users\AUTcomp\STM32CubeIDE\workspace_1.17.0\greenhouseOS\build\Release\Core\Src\stm32f4xx_hal_timebase_tim.o
                0x08005400                HAL_InitTick
 .text.__NVIC_SystemReset
                0x08005498       0x24 C:\Users\AUTcomp\STM32CubeIDE\workspace_1.17.0\greenhouseOS\build\Release\Core\Src\stm32f4xx_it.o
 .text.gh_store_fault_reset_reason
                0x080054bc       0x5c C:\Users\AUTcomp\STM32CubeIDE\workspace_1.17.0\greenhouseOS\build\Release\Core\Src\stm32f4xx_it.o
 .text.NMI_Handler
                0x08005518       0x10 C:\Users\AUTcomp\STM32CubeIDE\workspace_1.17.0\greenhouseOS\build\Release\Core\Src\stm32f4xx_it.o
                0x08005518                NMI_Handler
 .text.HardFault_Handler
                0x08005528       0x10 C:\Users\AUTcomp\STM32CubeIDE\workspace_1.17.0\greenhouseOS\build\Release\Core\Src\stm32f4xx_it.o
                0x08005528                HardFault_Handler
 .text.MemManage_Handler
                0x08005538       0x10 C:\Users\AUTcomp\STM32CubeIDE\workspace_1.17.0\greenhouseOS\build\Release\Core\Src\stm32f4xx_it.o
                0x08005538                MemManage_Handler
 .text.BusFault_Handler
                0x08005548       0x10 C:\Users\AUTcomp\STM32CubeIDE\workspace_1.17.0\greenhouseOS\build\Release\Core\Src\stm32f4xx_it.o
                0x08005548                BusFault_Handler
 .text.UsageFault_Handler
                0x08005558       0x10 C:\Users\AUTcomp\STM32CubeIDE\workspace_1.17.0\greenhouseOS\build\Release\Core\Src\stm32f4xx_it.o
                0x08005558                UsageFault_Handler
 .text.DebugMon_Handler
                0x08005568        0x4 C:\Users\AUTcomp\STM32CubeIDE\workspace_1.17.0\greenhouseOS\build\Release\Core\Src\stm32f4xx_it.o
                0x08005568                DebugMon_Handler
 .text.TIM1_UP_TIM10_IRQHandler
                0x0800556c        0xc C:\Users\AUTcomp\STM32CubeIDE\workspace_1.17.0\greenhouseOS\build\Release\Core\Src\stm32f4xx_it.o
                0x0800556c                TIM1_UP_TIM10_IRQHandler
 .text.USART2_IRQHandler
                0x08005578        0xc C:\Users\AUTcomp\STM32CubeIDE\workspace_1.17.0\greenhouseOS\build\Release\Core\Src\stm32f4xx_it.o
                0x08005578                USART2_IRQHandler
 .text.ETH_IRQHandler
                0x08005584        0xc C:\Users\AUTcomp\STM32CubeIDE\workspace_1.17.0\greenhouseOS\build\Release\Core\Src\stm32f4xx_it.o
                0x08005584                ETH_IRQHandler
 .text._getpid  0x08005590        0x4 C:\Users\AUTcomp\STM32CubeIDE\workspace_1.17.0\greenhouseOS\build\Release\Core\Src\syscalls.o
                0x08005590                _getpid
 .text._kill    0x08005594       0x10 C:\Users\AUTcomp\STM32CubeIDE\workspace_1.17.0\greenhouseOS\build\Release\Core\Src\syscalls.o
                0x08005594                _kill
 .text._exit    0x080055a4       0x2c C:\Users\AUTcomp\STM32CubeIDE\workspace_1.17.0\greenhouseOS\build\Release\Core\Src\syscalls.o
                0x080055a4                _exit
 .text._read    0x080055d0       0x1c C:\Users\AUTcomp\STM32CubeIDE\workspace_1.17.0\greenhouseOS\build\Release\Core\Src\syscalls.o
                0x080055d0                _read
 .text._write   0x080055ec       0x1c C:\Users\AUTcomp\STM32CubeIDE\workspace_1.17.0\greenhouseOS\build\Release\Core\Src\syscalls.o
                0x080055ec                _write
 .text._close   0x08005608        0x8 C:\Users\AUTcomp\STM32CubeIDE\workspace_1.17.0\greenhouseOS\build\Release\Core\Src\syscalls.o
                0x08005608                _close
 .text._fstat   0x08005610        0xc C:\Users\AUTcomp\STM32CubeIDE\workspace_1.17.0\greenhouseOS\build\Release\Core\Src\syscalls.o
                0x08005610                _fstat
 .text._isatty  0x0800561c        0x4 C:\Users\AUTcomp\STM32CubeIDE\workspace_1.17.0\greenhouseOS\build\Release\Core\Src\syscalls.o
                0x0800561c                _isatty
 .text._lseek   0x08005620        0x4 C:\Users\AUTcomp\STM32CubeIDE\workspace_1.17.0\greenhouseOS\build\Release\Core\Src\syscalls.o
                0x08005620                _lseek
 .text._sbrk    0x08005624       0x44 C:\Users\AUTcomp\STM32CubeIDE\workspace_1.17.0\greenhouseOS\build\Release\Core\Src\sysmem.o
                0x08005624                _sbrk
 .text.SystemInit
                0x08005668       0x14 C:\Users\AUTcomp\STM32CubeIDE\workspace_1.17.0\greenhouseOS\build\Release\Core\Src\system_stm32f4xx.o
                0x08005668                SystemInit
 .text.Reset_Handler
                0x0800567c       0x50 C:\Users\AUTcomp\STM32CubeIDE\workspace_1.17.0\greenhouseOS\build\Release\Core\Startup\startup_stm32f407vetx.o
                0x0800567c                Reset_Handler
 .text.Default_Handler
                0x080056cc        0x2 C:\Users\AUTcomp\STM32CubeIDE\workspace_1.17.0\greenhouseOS\build\Release\Core\Startup\startup_stm32f407vetx.o
                0x080056cc                RTC_Alarm_IRQHandler
                0x080056cc                HASH_RNG_IRQHandler
                0x080056cc                EXTI2_IRQHandler
                0x080056cc                TIM8_CC_IRQHandler
                0x080056cc                TIM1_CC_IRQHandler
                0x080056cc                DMA2_Stream5_IRQHandler
                0x080056cc                DMA1_Stream5_IRQHandler
                0x080056cc                PVD_IRQHandler
                0x080056cc                SDIO_IRQHandler
                0x080056cc                TAMP_STAMP_IRQHandler
                0x080056cc                CAN2_RX1_IRQHandler
                0x080056cc                EXTI3_IRQHandler
                0x080056cc                TIM8_TRG_COM_TIM14_IRQHandler
                0x080056cc                TIM8_UP_TIM13_IRQHandler
                0x080056cc                I2C3_ER_IRQHandler
                0x080056cc                EXTI0_IRQHandler
                0x080056cc                I2C2_EV_IRQHandler
                0x080056cc                DMA1_Stream2_IRQHandler
                0x080056cc                CAN1_RX0_IRQHandler
                0x080056cc                FPU_IRQHandler
                0x080056cc                OTG_HS_WKUP_IRQHandler
                0x080056cc                CAN2_SCE_IRQHandler
                0x080056cc                DMA2_Stream2_IRQHandler
                0x080056cc                SPI1_IRQHandler
                0x080056cc                TIM6_DAC_IRQHandler
                0x080056cc                TIM1_BRK_TIM9_IRQHandler
                0x080056cc                DCMI_IRQHandler
                0x080056cc                CAN2_RX0_IRQHandler
                0x080056cc                DMA2_Stream3_IRQHandler
                0x080056cc                USART6_IRQHandler
                0x080056cc                USART3_IRQHandler
                0x080056cc                CAN1_RX1_IRQHandler
                0x080056cc                UART5_IRQHandler
                0x080056cc                DMA2_Stream0_IRQHandler
                0x080056cc                TIM4_IRQHandler
                0x080056cc                I2C1_EV_IRQHandler
                0x080056cc                DMA1_Stream6_IRQHandler
                0x080056cc                DMA1_Stream1_IRQHandler
                0x080056cc                UART4_IRQHandler
                0x080056cc                TIM3_IRQHandler
                0x080056cc                RCC_IRQHandler
                0x080056cc                TIM8_BRK_TIM12_IRQHandler
                0x080056cc                Default_Handler
                0x080056cc                EXTI15_10_IRQHandler
                0x080056cc                ADC_IRQHandler
                0x080056cc                DMA1_Stream7_IRQHandler
                0x080056cc                TIM7_IRQHandler
                0x080056cc                CAN2_TX_IRQHandler
                0x080056cc                TIM5_IRQHandler
                0x080056cc                DMA2_Stream7_IRQHandler
                0x080056cc                I2C3_EV_IRQHandler
                0x080056cc                EXTI9_5_IRQHandler
                0x080056cc                RTC_WKUP_IRQHandler
                0x080056cc                ETH_WKUP_IRQHandler
                0x080056cc                SPI2_IRQHandler
                0x080056cc                OTG_HS_EP1_IN_IRQHandler
                0x080056cc                DMA1_Stream0_IRQHandler
                0x080056cc                CAN1_TX_IRQHandler
                0x080056cc                EXTI4_IRQHandler
                0x080056cc                FSMC_IRQHandler
                0x080056cc                OTG_HS_EP1_OUT_IRQHandler
                0x080056cc                WWDG_IRQHandler
                0x080056cc                TIM2_IRQHandler
                0x080056cc                OTG_FS_WKUP_IRQHandler
                0x080056cc                TIM1_TRG_COM_TIM11_IRQHandler
                0x080056cc                OTG_HS_IRQHandler
                0x080056cc                EXTI1_IRQHandler
                0x080056cc                I2C2_ER_IRQHandler
                0x080056cc                DMA2_Stream1_IRQHandler
                0x080056cc                CAN1_SCE_IRQHandler
                0x080056cc                FLASH_IRQHandler
                0x080056cc                DMA2_Stream4_IRQHandler
                0x080056cc                USART1_IRQHandler
                0x080056cc                OTG_FS_IRQHandler
                0x080056cc                SPI3_IRQHandler
                0x080056cc                DMA1_Stream4_IRQHandler
                0x080056cc                I2C1_ER_IRQHandler
                0x080056cc                DMA2_Stream6_IRQHandler
                0x080056cc                DMA1_Stream3_IRQHandler
 *fill*         0x080056ce        0x2 
 .text.HAL_Init
                0x080056d0       0x34 C:\Users\AUTcomp\STM32CubeIDE\workspace_1.17.0\greenhouseOS\build\Release\Drivers\STM32F4xx_HAL_Driver\Src\stm32f4xx_hal.o
                0x080056d0                HAL_Init
 .text.HAL_IncTick
                0x08005704       0x18 C:\Users\AUTcomp\STM32CubeIDE\workspace_1.17.0\greenhouseOS\build\Release\Drivers\STM32F4xx_HAL_Driver\Src\stm32f4xx_hal.o
                0x08005704                HAL_IncTick
 .text.HAL_GetTick
                0x0800571c        0xc C:\Users\AUTcomp\STM32CubeIDE\workspace_1.17.0\greenhouseOS\build\Release\Drivers\STM32F4xx_HAL_Driver\Src\stm32f4xx_hal.o
                0x0800571c                HAL_GetTick
 .text.HAL_Delay
                0x08005728       0x24 C:\Users\AUTcomp\STM32CubeIDE\workspace_1.17.0\greenhouseOS\build\Release\Drivers\STM32F4xx_HAL_Driver\Src\stm32f4xx_hal.o
                0x08005728                HAL_Delay
 .text.HAL_GetUIDw0
                0x0800574c        0xc C:\Users\AUTcomp\STM32CubeIDE\workspace_1.17.0\greenhouseOS\build\Release\Drivers\STM32F4xx_HAL_Driver\Src\stm32f4xx_hal.o
                0x0800574c                HAL_GetUIDw0
 .text.HAL_GetUIDw1
                0x08005758        0xc C:\Users\AUTcomp\STM32CubeIDE\workspace_1.17.0\greenhouseOS\build\Release\Drivers\STM32F4xx_HAL_Driver\Src\stm32f4xx_hal.o
                0x08005758                HAL_GetUIDw1
 .text.HAL_GetUIDw2
                0x08005764        0xc C:\Users\AUTcomp\STM32CubeIDE\workspace_1.17.0\greenhouseOS\build\Release\Drivers\STM32F4xx_HAL_Driver\Src\stm32f4xx_hal.o
                0x08005764                HAL_GetUIDw2
 .text.HAL_NVIC_SetPriorityGrouping
                0x08005770       0x24 C:\Users\AUTcomp\STM32CubeIDE\workspace_1.17.0\greenhouseOS\build\Release\Drivers\STM32F4xx_HAL_Driver\Src\stm32f4xx_hal_cortex.o
                0x08005770                HAL_NVIC_SetPriorityGrouping
 .text.HAL_NVIC_SetPriority
                0x08005794       0x64 C:\Users\AUTcomp\STM32CubeIDE\workspace_1.17.0\greenhouseOS\build\Release\Drivers\STM32F4xx_HAL_Driver\Src\stm32f4xx_hal_cortex.o
                0x08005794                HAL_NVIC_SetPriority
 .text.HAL_NVIC_EnableIRQ
                0x080057f8       0x1c C:\Users\AUTcomp\STM32CubeIDE\workspace_1.17.0\greenhouseOS\build\Release\Drivers\STM32F4xx_HAL_Driver\Src\stm32f4xx_hal_cortex.o
                0x080057f8                HAL_NVIC_EnableIRQ
 .text.HAL_DMA_Abort
                0x08005814       0x94 C:\Users\AUTcomp\STM32CubeIDE\workspace_1.17.0\greenhouseOS\build\Release\Drivers\STM32F4xx_HAL_Driver\Src\stm32f4xx_hal_dma.o
                0x08005814                HAL_DMA_Abort
 .text.HAL_DMA_Abort_IT
                0x080058a8       0x24 C:\Users\AUTcomp\STM32CubeIDE\workspace_1.17.0\greenhouseOS\build\Release\Drivers\STM32F4xx_HAL_Driver\Src\stm32f4xx_hal_dma.o
                0x080058a8                HAL_DMA_Abort_IT
 .text.HAL_DMA_GetError
                0x080058cc        0x4 C:\Users\AUTcomp\STM32CubeIDE\workspace_1.17.0\greenhouseOS\build\Release\Drivers\STM32F4xx_HAL_Driver\Src\stm32f4xx_hal_dma.o
                0x080058cc                HAL_DMA_GetError
 .text.ETH_Prepare_Tx_Descriptors
                0x080058d0      0x18c C:\Users\AUTcomp\STM32CubeIDE\workspace_1.17.0\greenhouseOS\build\Release\Drivers\STM32F4xx_HAL_Driver\Src\stm32f4xx_hal_eth.o
 .text.ETH_SetMACConfig
                0x08005a5c      0x100 C:\Users\AUTcomp\STM32CubeIDE\workspace_1.17.0\greenhouseOS\build\Release\Drivers\STM32F4xx_HAL_Driver\Src\stm32f4xx_hal_eth.o
 .text.ETH_SetDMAConfig
                0x08005b5c       0xa8 C:\Users\AUTcomp\STM32CubeIDE\workspace_1.17.0\greenhouseOS\build\Release\Drivers\STM32F4xx_HAL_Driver\Src\stm32f4xx_hal_eth.o
 .text.ETH_UpdateDescriptor
                0x08005c04       0xa0 C:\Users\AUTcomp\STM32CubeIDE\workspace_1.17.0\greenhouseOS\build\Release\Drivers\STM32F4xx_HAL_Driver\Src\stm32f4xx_hal_eth.o
 .text.HAL_ETH_Init
                0x08005ca4      0x24c C:\Users\AUTcomp\STM32CubeIDE\workspace_1.17.0\greenhouseOS\build\Release\Drivers\STM32F4xx_HAL_Driver\Src\stm32f4xx_hal_eth.o
                0x08005ca4                HAL_ETH_Init
 .text.HAL_ETH_Start_IT
                0x08005ef0       0xb0 C:\Users\AUTcomp\STM32CubeIDE\workspace_1.17.0\greenhouseOS\build\Release\Drivers\STM32F4xx_HAL_Driver\Src\stm32f4xx_hal_eth.o
                0x08005ef0                HAL_ETH_Start_IT
 .text.HAL_ETH_Stop_IT
                0x08005fa0       0xbc C:\Users\AUTcomp\STM32CubeIDE\workspace_1.17.0\greenhouseOS\build\Release\Drivers\STM32F4xx_HAL_Driver\Src\stm32f4xx_hal_eth.o
                0x08005fa0                HAL_ETH_Stop_IT
 .text.HAL_ETH_Transmit_IT
                0x0800605c       0x70 C:\Users\AUTcomp\STM32CubeIDE\workspace_1.17.0\greenhouseOS\build\Release\Drivers\STM32F4xx_HAL_Driver\Src\stm32f4xx_hal_eth.o
                0x0800605c                HAL_ETH_Transmit_IT
 .text.HAL_ETH_ReadData
                0x080060cc      0x124 C:\Users\AUTcomp\STM32CubeIDE\workspace_1.17.0\greenhouseOS\build\Release\Drivers\STM32F4xx_HAL_Driver\Src\stm32f4xx_hal_eth.o
                0x080060cc                HAL_ETH_ReadData
 .text.HAL_ETH_ReleaseTxPacket
                0x080061f0       0x64 C:\Users\AUTcomp\STM32CubeIDE\workspace_1.17.0\greenhouseOS\build\Release\Drivers\STM32F4xx_HAL_Driver\Src\stm32f4xx_hal_eth.o
                0x080061f0                HAL_ETH_ReleaseTxPacket
 .text.HAL_ETH_PMTCallback
                0x08006254        0x4 C:\Users\AUTcomp\STM32CubeIDE\workspace_1.17.0\greenhouseOS\build\Release\Drivers\STM32F4xx_HAL_Driver\Src\stm32f4xx_hal_eth.o
                0x08006254                HAL_ETH_PMTCallback
 .text.HAL_ETH_WakeUpCallback
                0x08006258        0x4 C:\Users\AUTcomp\STM32CubeIDE\workspace_1.17.0\greenhouseOS\build\Release\Drivers\STM32F4xx_HAL_Driver\Src\stm32f4xx_hal_eth.o
                0x08006258                HAL_ETH_WakeUpCallback
 .text.HAL_ETH_IRQHandler
                0x0800625c       0xfc C:\Users\AUTcomp\STM32CubeIDE\workspace_1.17.0\greenhouseOS\build\Release\Drivers\STM32F4xx_HAL_Driver\Src\stm32f4xx_hal_eth.o
                0x0800625c                HAL_ETH_IRQHandler
 .text.HAL_ETH_ReadPHYRegister
                0x08006358       0x4c C:\Users\AUTcomp\STM32CubeIDE\workspace_1.17.0\greenhouseOS\build\Release\Drivers\STM32F4xx_HAL_Driver\Src\stm32f4xx_hal_eth.o
                0x08006358                HAL_ETH_ReadPHYRegister
 .text.HAL_ETH_WritePHYRegister
                0x080063a4       0x48 C:\Users\AUTcomp\STM32CubeIDE\workspace_1.17.0\greenhouseOS\build\Release\Drivers\STM32F4xx_HAL_Driver\Src\stm32f4xx_hal_eth.o
                0x080063a4                HAL_ETH_WritePHYRegister
 .text.HAL_ETH_GetMACConfig
                0x080063ec       0xdc C:\Users\AUTcomp\STM32CubeIDE\workspace_1.17.0\greenhouseOS\build\Release\Drivers\STM32F4xx_HAL_Driver\Src\stm32f4xx_hal_eth.o
                0x080063ec                HAL_ETH_GetMACConfig
 .text.HAL_ETH_SetMACConfig
                0x080064c8       0x1c C:\Users\AUTcomp\STM32CubeIDE\workspace_1.17.0\greenhouseOS\build\Release\Drivers\STM32F4xx_HAL_Driver\Src\stm32f4xx_hal_eth.o
                0x080064c8                HAL_ETH_SetMACConfig
 .text.HAL_ETH_SetMDIOClockRange
                0x080064e4       0x5c C:\Users\AUTcomp\STM32CubeIDE\workspace_1.17.0\greenhouseOS\build\Release\Drivers\STM32F4xx_HAL_Driver\Src\stm32f4xx_hal_eth.o
                0x080064e4                HAL_ETH_SetMDIOClockRange
 .text.HAL_ETH_GetError
                0x08006540        0x8 C:\Users\AUTcomp\STM32CubeIDE\workspace_1.17.0\greenhouseOS\build\Release\Drivers\STM32F4xx_HAL_Driver\Src\stm32f4xx_hal_eth.o
                0x08006540                HAL_ETH_GetError
 .text.HAL_ETH_GetDMAError
                0x08006548        0x8 C:\Users\AUTcomp\STM32CubeIDE\workspace_1.17.0\greenhouseOS\build\Release\Drivers\STM32F4xx_HAL_Driver\Src\stm32f4xx_hal_eth.o
                0x08006548                HAL_ETH_GetDMAError
 .text.FLASH_SetErrorCode
                0x08006550       0x78 C:\Users\AUTcomp\STM32CubeIDE\workspace_1.17.0\greenhouseOS\build\Release\Drivers\STM32F4xx_HAL_Driver\Src\stm32f4xx_hal_flash.o
 .text.HAL_FLASH_Unlock
                0x080065c8       0x28 C:\Users\AUTcomp\STM32CubeIDE\workspace_1.17.0\greenhouseOS\build\Release\Drivers\STM32F4xx_HAL_Driver\Src\stm32f4xx_hal_flash.o
                0x080065c8                HAL_FLASH_Unlock
 .text.HAL_FLASH_Lock
                0x080065f0       0x14 C:\Users\AUTcomp\STM32CubeIDE\workspace_1.17.0\greenhouseOS\build\Release\Drivers\STM32F4xx_HAL_Driver\Src\stm32f4xx_hal_flash.o
                0x080065f0                HAL_FLASH_Lock
 .text.FLASH_WaitForLastOperation
                0x08006604       0x6c C:\Users\AUTcomp\STM32CubeIDE\workspace_1.17.0\greenhouseOS\build\Release\Drivers\STM32F4xx_HAL_Driver\Src\stm32f4xx_hal_flash.o
                0x08006604                FLASH_WaitForLastOperation
 .text.HAL_FLASH_Program
                0x08006670       0xc0 C:\Users\AUTcomp\STM32CubeIDE\workspace_1.17.0\greenhouseOS\build\Release\Drivers\STM32F4xx_HAL_Driver\Src\stm32f4xx_hal_flash.o
                0x08006670                HAL_FLASH_Program
 .text.FLASH_Erase_Sector
                0x08006730       0x3c C:\Users\AUTcomp\STM32CubeIDE\workspace_1.17.0\greenhouseOS\build\Release\Drivers\STM32F4xx_HAL_Driver\Src\stm32f4xx_hal_flash_ex.o
                0x08006730                FLASH_Erase_Sector
 .text.FLASH_FlushCaches
                0x0800676c       0x58 C:\Users\AUTcomp\STM32CubeIDE\workspace_1.17.0\greenhouseOS\build\Release\Drivers\STM32F4xx_HAL_Driver\Src\stm32f4xx_hal_flash_ex.o
                0x0800676c                FLASH_FlushCaches
 .text.HAL_FLASHEx_Erase
                0x080067c4       0xc4 C:\Users\AUTcomp\STM32CubeIDE\workspace_1.17.0\greenhouseOS\build\Release\Drivers\STM32F4xx_HAL_Driver\Src\stm32f4xx_hal_flash_ex.o
                0x080067c4                HAL_FLASHEx_Erase
 .text.HAL_GPIO_Init
                0x08006888      0x20c C:\Users\AUTcomp\STM32CubeIDE\workspace_1.17.0\greenhouseOS\build\Release\Drivers\STM32F4xx_HAL_Driver\Src\stm32f4xx_hal_gpio.o
                0x08006888                HAL_GPIO_Init
 .text.HAL_GPIO_WritePin
                0x08006a94        0x8 C:\Users\AUTcomp\STM32CubeIDE\workspace_1.17.0\greenhouseOS\build\Release\Drivers\STM32F4xx_HAL_Driver\Src\stm32f4xx_hal_gpio.o
                0x08006a94                HAL_GPIO_WritePin
 .text.HAL_PWR_EnableBkUpAccess
                0x08006a9c       0x1c C:\Users\AUTcomp\STM32CubeIDE\workspace_1.17.0\greenhouseOS\build\Release\Drivers\STM32F4xx_HAL_Driver\Src\stm32f4xx_hal_pwr.o
                0x08006a9c                HAL_PWR_EnableBkUpAccess
 .text.HAL_RCC_OscConfig
                0x08006ab8      0x3d4 C:\Users\AUTcomp\STM32CubeIDE\workspace_1.17.0\greenhouseOS\build\Release\Drivers\STM32F4xx_HAL_Driver\Src\stm32f4xx_hal_rcc.o
                0x08006ab8                HAL_RCC_OscConfig
 .text.HAL_RCC_GetSysClockFreq
                0x08006e8c       0x68 C:\Users\AUTcomp\STM32CubeIDE\workspace_1.17.0\greenhouseOS\build\Release\Drivers\STM32F4xx_HAL_Driver\Src\stm32f4xx_hal_rcc.o
                0x08006e8c                HAL_RCC_GetSysClockFreq
 .text.HAL_RCC_ClockConfig
                0x08006ef4      0x134 C:\Users\AUTcomp\STM32CubeIDE\workspace_1.17.0\greenhouseOS\build\Release\Drivers\STM32F4xx_HAL_Driver\Src\stm32f4xx_hal_rcc.o
                0x08006ef4                HAL_RCC_ClockConfig
 .text.HAL_RCC_GetHCLKFreq
                0x08007028        0xc C:\Users\AUTcomp\STM32CubeIDE\workspace_1.17.0\greenhouseOS\build\Release\Drivers\STM32F4xx_HAL_Driver\Src\stm32f4xx_hal_rcc.o
                0x08007028                HAL_RCC_GetHCLKFreq
 .text.HAL_RCC_GetPCLK1Freq
                0x08007034       0x20 C:\Users\AUTcomp\STM32CubeIDE\workspace_1.17.0\greenhouseOS\build\Release\Drivers\STM32F4xx_HAL_Driver\Src\stm32f4xx_hal_rcc.o
                0x08007034                HAL_RCC_GetPCLK1Freq
 .text.HAL_RCC_GetPCLK2Freq
                0x08007054       0x20 C:\Users\AUTcomp\STM32CubeIDE\workspace_1.17.0\greenhouseOS\build\Release\Drivers\STM32F4xx_HAL_Driver\Src\stm32f4xx_hal_rcc.o
                0x08007054                HAL_RCC_GetPCLK2Freq
 .text.HAL_RCC_GetClockConfig
                0x08007074       0x40 C:\Users\AUTcomp\STM32CubeIDE\workspace_1.17.0\greenhouseOS\build\Release\Drivers\STM32F4xx_HAL_Driver\Src\stm32f4xx_hal_rcc.o
                0x08007074                HAL_RCC_GetClockConfig
 .text.HAL_RCCEx_PeriphCLKConfig
                0x080070b4      0x138 C:\Users\AUTcomp\STM32CubeIDE\workspace_1.17.0\greenhouseOS\build\Release\Drivers\STM32F4xx_HAL_Driver\Src\stm32f4xx_hal_rcc_ex.o
                0x080070b4                HAL_RCCEx_PeriphCLKConfig
 .text.RTC_EnterInitMode
                0x080071ec       0x40 C:\Users\AUTcomp\STM32CubeIDE\workspace_1.17.0\greenhouseOS\build\Release\Drivers\STM32F4xx_HAL_Driver\Src\stm32f4xx_hal_rtc.o
                0x080071ec                RTC_EnterInitMode
 .text.RTC_ExitInitMode
                0x0800722c       0x44 C:\Users\AUTcomp\STM32CubeIDE\workspace_1.17.0\greenhouseOS\build\Release\Drivers\STM32F4xx_HAL_Driver\Src\stm32f4xx_hal_rtc.o
                0x0800722c                RTC_ExitInitMode
 .text.HAL_RTC_Init
                0x08007270       0xb4 C:\Users\AUTcomp\STM32CubeIDE\workspace_1.17.0\greenhouseOS\build\Release\Drivers\STM32F4xx_HAL_Driver\Src\stm32f4xx_hal_rtc.o
                0x08007270                HAL_RTC_Init
 .text.HAL_RTC_SetTime
                0x08007324      0x120 C:\Users\AUTcomp\STM32CubeIDE\workspace_1.17.0\greenhouseOS\build\Release\Drivers\STM32F4xx_HAL_Driver\Src\stm32f4xx_hal_rtc.o
                0x08007324                HAL_RTC_SetTime
 .text.HAL_RTC_SetDate
                0x08007444       0xf8 C:\Users\AUTcomp\STM32CubeIDE\workspace_1.17.0\greenhouseOS\build\Release\Drivers\STM32F4xx_HAL_Driver\Src\stm32f4xx_hal_rtc.o
                0x08007444                HAL_RTC_SetDate
 .text.HAL_RTCEx_BKUPWrite
                0x0800753c        0xc C:\Users\AUTcomp\STM32CubeIDE\workspace_1.17.0\greenhouseOS\build\Release\Drivers\STM32F4xx_HAL_Driver\Src\stm32f4xx_hal_rtc_ex.o
                0x0800753c                HAL_RTCEx_BKUPWrite
 .text.HAL_RTCEx_BKUPRead
                0x08007548        0xc C:\Users\AUTcomp\STM32CubeIDE\workspace_1.17.0\greenhouseOS\build\Release\Drivers\STM32F4xx_HAL_Driver\Src\stm32f4xx_hal_rtc_ex.o
                0x08007548                HAL_RTCEx_BKUPRead
 .text.HAL_TIM_Base_MspInit
                0x08007554        0x4 C:\Users\AUTcomp\STM32CubeIDE\workspace_1.17.0\greenhouseOS\build\Release\Drivers\STM32F4xx_HAL_Driver\Src\stm32f4xx_hal_tim.o
                0x08007554                HAL_TIM_Base_MspInit
 .text.HAL_TIM_Base_Start_IT
                0x08007558       0x74 C:\Users\AUTcomp\STM32CubeIDE\workspace_1.17.0\greenhouseOS\build\Release\Drivers\STM32F4xx_HAL_Driver\Src\stm32f4xx_hal_tim.o
                0x08007558                HAL_TIM_Base_Start_IT
 .text.HAL_TIM_OC_DelayElapsedCallback
                0x080075cc        0x4 C:\Users\AUTcomp\STM32CubeIDE\workspace_1.17.0\greenhouseOS\build\Release\Drivers\STM32F4xx_HAL_Driver\Src\stm32f4xx_hal_tim.o
                0x080075cc                HAL_TIM_OC_DelayElapsedCallback
 .text.HAL_TIM_IC_CaptureCallback
                0x080075d0        0x4 C:\Users\AUTcomp\STM32CubeIDE\workspace_1.17.0\greenhouseOS\build\Release\Drivers\STM32F4xx_HAL_Driver\Src\stm32f4xx_hal_tim.o
                0x080075d0                HAL_TIM_IC_CaptureCallback
 .text.HAL_TIM_PWM_PulseFinishedCallback
                0x080075d4        0x4 C:\Users\AUTcomp\STM32CubeIDE\workspace_1.17.0\greenhouseOS\build\Release\Drivers\STM32F4xx_HAL_Driver\Src\stm32f4xx_hal_tim.o
                0x080075d4                HAL_TIM_PWM_PulseFinishedCallback
 .text.HAL_TIM_TriggerCallback
                0x080075d8        0x4 C:\Users\AUTcomp\STM32CubeIDE\workspace_1.17.0\greenhouseOS\build\Release\Drivers\STM32F4xx_HAL_Driver\Src\stm32f4xx_hal_tim.o
                0x080075d8                HAL_TIM_TriggerCallback
 .text.HAL_TIM_IRQHandler
                0x080075dc      0x138 C:\Users\AUTcomp\STM32CubeIDE\workspace_1.17.0\greenhouseOS\build\Release\Drivers\STM32F4xx_HAL_Driver\Src\stm32f4xx_hal_tim.o
                0x080075dc                HAL_TIM_IRQHandler
 .text.TIM_Base_SetConfig
                0x08007714       0xf0 C:\Users\AUTcomp\STM32CubeIDE\workspace_1.17.0\greenhouseOS\build\Release\Drivers\STM32F4xx_HAL_Driver\Src\stm32f4xx_hal_tim.o
                0x08007714                TIM_Base_SetConfig
 .text.HAL_TIM_Base_Init
                0x08007804       0x5c C:\Users\AUTcomp\STM32CubeIDE\workspace_1.17.0\greenhouseOS\build\Release\Drivers\STM32F4xx_HAL_Driver\Src\stm32f4xx_hal_tim.o
                0x08007804                HAL_TIM_Base_Init
 .text.HAL_TIMEx_CommutCallback
                0x08007860        0x4 C:\Users\AUTcomp\STM32CubeIDE\workspace_1.17.0\greenhouseOS\build\Release\Drivers\STM32F4xx_HAL_Driver\Src\stm32f4xx_hal_tim_ex.o
                0x08007860                HAL_TIMEx_CommutCallback
 .text.HAL_TIMEx_BreakCallback
                0x08007864        0x4 C:\Users\AUTcomp\STM32CubeIDE\workspace_1.17.0\greenhouseOS\build\Release\Drivers\STM32F4xx_HAL_Driver\Src\stm32f4xx_hal_tim_ex.o
                0x08007864                HAL_TIMEx_BreakCallback
 .text.UART_EndRxTransfer
                0x08007868       0x60 C:\Users\AUTcomp\STM32CubeIDE\workspace_1.17.0\greenhouseOS\build\Release\Drivers\STM32F4xx_HAL_Driver\Src\stm32f4xx_hal_uart.o
 .text.UART_SetConfig
                0x080078c8       0xcc C:\Users\AUTcomp\STM32CubeIDE\workspace_1.17.0\greenhouseOS\build\Release\Drivers\STM32F4xx_HAL_Driver\Src\stm32f4xx_hal_uart.o
 .text.HAL_UART_Init
                0x08007994       0x64 C:\Users\AUTcomp\STM32CubeIDE\workspace_1.17.0\greenhouseOS\build\Release\Drivers\STM32F4xx_HAL_Driver\Src\stm32f4xx_hal_uart.o
                0x08007994                HAL_UART_Init
 .text.HAL_UART_Receive
                0x080079f8      0x114 C:\Users\AUTcomp\STM32CubeIDE\workspace_1.17.0\greenhouseOS\build\Release\Drivers\STM32F4xx_HAL_Driver\Src\stm32f4xx_hal_uart.o
                0x080079f8                HAL_UART_Receive
 .text.HAL_UART_Transmit_IT
                0x08007b0c       0x38 C:\Users\AUTcomp\STM32CubeIDE\workspace_1.17.0\greenhouseOS\build\Release\Drivers\STM32F4xx_HAL_Driver\Src\stm32f4xx_hal_uart.o
                0x08007b0c                HAL_UART_Transmit_IT
 .text.HAL_UART_Receive_IT
                0x08007b44       0x50 C:\Users\AUTcomp\STM32CubeIDE\workspace_1.17.0\greenhouseOS\build\Release\Drivers\STM32F4xx_HAL_Driver\Src\stm32f4xx_hal_uart.o
                0x08007b44                HAL_UART_Receive_IT
 .text.HAL_UART_AbortTransmit
                0x08007b94       0x6c C:\Users\AUTcomp\STM32CubeIDE\workspace_1.17.0\greenhouseOS\build\Release\Drivers\STM32F4xx_HAL_Driver\Src\stm32f4xx_hal_uart.o
                0x08007b94                HAL_UART_AbortTransmit
 .text.HAL_UART_AbortReceive
                0x08007c00       0xa8 C:\Users\AUTcomp\STM32CubeIDE\workspace_1.17.0\greenhouseOS\build\Release\Drivers\STM32F4xx_HAL_Driver\Src\stm32f4xx_hal_uart.o
                0x08007c00                HAL_UART_AbortReceive
 .text.UART_DMAAbortOnError
                0x08007ca8       0x10 C:\Users\AUTcomp\STM32CubeIDE\workspace_1.17.0\greenhouseOS\build\Release\Drivers\STM32F4xx_HAL_Driver\Src\stm32f4xx_hal_uart.o
 .text.HAL_UART_AbortReceiveCpltCallback
                0x08007cb8        0x4 C:\Users\AUTcomp\STM32CubeIDE\workspace_1.17.0\greenhouseOS\build\Release\Drivers\STM32F4xx_HAL_Driver\Src\stm32f4xx_hal_uart.o
                0x08007cb8                HAL_UART_AbortReceiveCpltCallback
 .text.HAL_UART_AbortReceive_IT
                0x08007cbc       0xbc C:\Users\AUTcomp\STM32CubeIDE\workspace_1.17.0\greenhouseOS\build\Release\Drivers\STM32F4xx_HAL_Driver\Src\stm32f4xx_hal_uart.o
                0x08007cbc                HAL_UART_AbortReceive_IT
 .text.UART_DMARxOnlyAbortCallback
                0x08007d78       0x18 C:\Users\AUTcomp\STM32CubeIDE\workspace_1.17.0\greenhouseOS\build\Release\Drivers\STM32F4xx_HAL_Driver\Src\stm32f4xx_hal_uart.o
 .text.HAL_UARTEx_RxEventCallback
                0x08007d90        0x4 C:\Users\AUTcomp\STM32CubeIDE\workspace_1.17.0\greenhouseOS\build\Release\Drivers\STM32F4xx_HAL_Driver\Src\stm32f4xx_hal_uart.o
                0x08007d90                HAL_UARTEx_RxEventCallback
 .text.UART_Receive_IT.isra.0
                0x08007d94       0xbc C:\Users\AUTcomp\STM32CubeIDE\workspace_1.17.0\greenhouseOS\build\Release\Drivers\STM32F4xx_HAL_Driver\Src\stm32f4xx_hal_uart.o
 .text.HAL_UART_IRQHandler
                0x08007e50      0x378 C:\Users\AUTcomp\STM32CubeIDE\workspace_1.17.0\greenhouseOS\build\Release\Drivers\STM32F4xx_HAL_Driver\Src\stm32f4xx_hal_uart.o
                0x08007e50                HAL_UART_IRQHandler
 .text.HAL_HalfDuplex_EnableTransmitter
                0x080081c8       0x34 C:\Users\AUTcomp\STM32CubeIDE\workspace_1.17.0\greenhouseOS\build\Release\Drivers\STM32F4xx_HAL_Driver\Src\stm32f4xx_hal_uart.o
                0x080081c8                HAL_HalfDuplex_EnableTransmitter
 .text.HAL_HalfDuplex_EnableReceiver
                0x080081fc       0x34 C:\Users\AUTcomp\STM32CubeIDE\workspace_1.17.0\greenhouseOS\build\Release\Drivers\STM32F4xx_HAL_Driver\Src\stm32f4xx_hal_uart.o
                0x080081fc                HAL_HalfDuplex_EnableReceiver
 .text.HAL_UART_GetState
                0x08008230        0xc C:\Users\AUTcomp\STM32CubeIDE\workspace_1.17.0\greenhouseOS\build\Release\Drivers\STM32F4xx_HAL_Driver\Src\stm32f4xx_hal_uart.o
                0x08008230                HAL_UART_GetState
 .text.ethernet_link_status_updated
                0x0800823c        0x4 C:\Users\AUTcomp\STM32CubeIDE\workspace_1.17.0\greenhouseOS\build\Release\LWIP\App\lwip.o
 .text.MX_LWIP_Init
                0x08008240       0xc4 C:\Users\AUTcomp\STM32CubeIDE\workspace_1.17.0\greenhouseOS\build\Release\LWIP\App\lwip.o
                0x08008240                MX_LWIP_Init
 .text.low_level_output
                0x08008304       0xa8 C:\Users\AUTcomp\STM32CubeIDE\workspace_1.17.0\greenhouseOS\build\Release\LWIP\Target\ethernetif.o
 .text.phy_addr_is_valid
                0x080083ac       0x58 C:\Users\AUTcomp\STM32CubeIDE\workspace_1.17.0\greenhouseOS\build\Release\LWIP\Target\ethernetif.o
 .text.phy_find_address
                0x08008404       0x70 C:\Users\AUTcomp\STM32CubeIDE\workspace_1.17.0\greenhouseOS\build\Release\LWIP\Target\ethernetif.o
 .text.phy_get_link_state
                0x08008474       0x78 C:\Users\AUTcomp\STM32CubeIDE\workspace_1.17.0\greenhouseOS\build\Release\LWIP\Target\ethernetif.o
 .text.pbuf_free_custom
                0x080084ec       0x30 C:\Users\AUTcomp\STM32CubeIDE\workspace_1.17.0\greenhouseOS\build\Release\LWIP\Target\ethernetif.o
                0x080084ec                pbuf_free_custom
 .text.ethernetif_input
                0x0800851c       0x60 C:\Users\AUTcomp\STM32CubeIDE\workspace_1.17.0\greenhouseOS\build\Release\LWIP\Target\ethernetif.o
                0x0800851c                ethernetif_input
 .text.HAL_ETH_RxCpltCallback
                0x0800857c        0xc C:\Users\AUTcomp\STM32CubeIDE\workspace_1.17.0\greenhouseOS\build\Release\LWIP\Target\ethernetif.o
                0x0800857c                HAL_ETH_RxCpltCallback
 .text.HAL_ETH_TxCpltCallback
                0x08008588        0xc C:\Users\AUTcomp\STM32CubeIDE\workspace_1.17.0\greenhouseOS\build\Release\LWIP\Target\ethernetif.o
                0x08008588                HAL_ETH_TxCpltCallback
 .text.HAL_ETH_ErrorCallback
                0x08008594       0x1c C:\Users\AUTcomp\STM32CubeIDE\workspace_1.17.0\greenhouseOS\build\Release\LWIP\Target\ethernetif.o
                0x08008594                HAL_ETH_ErrorCallback
 .text.ethernetif_init
                0x080085b0      0x2d4 C:\Users\AUTcomp\STM32CubeIDE\workspace_1.17.0\greenhouseOS\build\Release\LWIP\Target\ethernetif.o
                0x080085b0                ethernetif_init
 .text.sys_now  0x08008884        0x4 C:\Users\AUTcomp\STM32CubeIDE\workspace_1.17.0\greenhouseOS\build\Release\LWIP\Target\ethernetif.o
                0x08008884                sys_now
 .text.HAL_ETH_MspInit
                0x08008888      0x108 C:\Users\AUTcomp\STM32CubeIDE\workspace_1.17.0\greenhouseOS\build\Release\LWIP\Target\ethernetif.o
                0x08008888                HAL_ETH_MspInit
 .text.ethernet_link_thread
                0x08008990      0x118 C:\Users\AUTcomp\STM32CubeIDE\workspace_1.17.0\greenhouseOS\build\Release\LWIP\Target\ethernetif.o
                0x08008990                ethernet_link_thread
 .text.HAL_ETH_RxAllocateCallback
                0x08008aa8       0x48 C:\Users\AUTcomp\STM32CubeIDE\workspace_1.17.0\greenhouseOS\build\Release\LWIP\Target\ethernetif.o
                0x08008aa8                HAL_ETH_RxAllocateCallback
 .text.HAL_ETH_RxLinkCallback
                0x08008af0       0x3c C:\Users\AUTcomp\STM32CubeIDE\workspace_1.17.0\greenhouseOS\build\Release\LWIP\Target\ethernetif.o
                0x08008af0                HAL_ETH_RxLinkCallback
 .text.HAL_ETH_TxFreeCallback
                0x08008b2c        0x4 C:\Users\AUTcomp\STM32CubeIDE\workspace_1.17.0\greenhouseOS\build\Release\LWIP\Target\ethernetif.o
                0x08008b2c                HAL_ETH_TxFreeCallback
 .text.SysTick_Handler
                0x08008b30       0x1c C:\Users\AUTcomp\STM32CubeIDE\workspace_1.17.0\greenhouseOS\build\Release\Middlewares\Third_Party\FreeRTOS\Source\CMSIS_RTOS_V2\cmsis_os2.o
                0x08008b30                SysTick_Handler
 .text.osKernelInitialize
                0x08008b4c       0x24 C:\Users\AUTcomp\STM32CubeIDE\workspace_1.17.0\greenhouseOS\build\Release\Middlewares\Third_Party\FreeRTOS\Source\CMSIS_RTOS_V2\cmsis_os2.o
                0x08008b4c                osKernelInitialize
 .text.osKernelGetState
                0x08008b70       0x24 C:\Users\AUTcomp\STM32CubeIDE\workspace_1.17.0\greenhouseOS\build\Release\Middlewares\Third_Party\FreeRTOS\Source\CMSIS_RTOS_V2\cmsis_os2.o
                0x08008b70                osKernelGetState
 .text.osKernelStart
                0x08008b94       0x3c C:\Users\AUTcomp\STM32CubeIDE\workspace_1.17.0\greenhouseOS\build\Release\Middlewares\Third_Party\FreeRTOS\Source\CMSIS_RTOS_V2\cmsis_os2.o
                0x08008b94                osKernelStart
 .text.osKernelGetTickCount
                0x08008bd0       0x10 C:\Users\AUTcomp\STM32CubeIDE\workspace_1.17.0\greenhouseOS\build\Release\Middlewares\Third_Party\FreeRTOS\Source\CMSIS_RTOS_V2\cmsis_os2.o
                0x08008bd0                osKernelGetTickCount
 .text.osThreadNew
                0x08008be0       0xa8 C:\Users\AUTcomp\STM32CubeIDE\workspace_1.17.0\greenhouseOS\build\Release\Middlewares\Third_Party\FreeRTOS\Source\CMSIS_RTOS_V2\cmsis_os2.o
                0x08008be0                osThreadNew
 .text.osDelay  0x08008c88       0x1c C:\Users\AUTcomp\STM32CubeIDE\workspace_1.17.0\greenhouseOS\build\Release\Middlewares\Third_Party\FreeRTOS\Source\CMSIS_RTOS_V2\cmsis_os2.o
                0x08008c88                osDelay
 .text.osEventFlagsNew
                0x08008ca4       0x24 C:\Users\AUTcomp\STM32CubeIDE\workspace_1.17.0\greenhouseOS\build\Release\Middlewares\Third_Party\FreeRTOS\Source\CMSIS_RTOS_V2\cmsis_os2.o
                0x08008ca4                osEventFlagsNew
 .text.osEventFlagsSet
                0x08008cc8       0x50 C:\Users\AUTcomp\STM32CubeIDE\workspace_1.17.0\greenhouseOS\build\Release\Middlewares\Third_Party\FreeRTOS\Source\CMSIS_RTOS_V2\cmsis_os2.o
                0x08008cc8                osEventFlagsSet
 .text.osEventFlagsClear
                0x08008d18       0x40 C:\Users\AUTcomp\STM32CubeIDE\workspace_1.17.0\greenhouseOS\build\Release\Middlewares\Third_Party\FreeRTOS\Source\CMSIS_RTOS_V2\cmsis_os2.o
                0x08008d18                osEventFlagsClear
 .text.osEventFlagsWait
                0x08008d58       0x6c C:\Users\AUTcomp\STM32CubeIDE\workspace_1.17.0\greenhouseOS\build\Release\Middlewares\Third_Party\FreeRTOS\Source\CMSIS_RTOS_V2\cmsis_os2.o
                0x08008d58                osEventFlagsWait
 .text.osMutexNew
                0x08008dc4       0xc8 C:\Users\AUTcomp\STM32CubeIDE\workspace_1.17.0\greenhouseOS\build\Release\Middlewares\Third_Party\FreeRTOS\Source\CMSIS_RTOS_V2\cmsis_os2.o
                0x08008dc4                osMutexNew
 .text.osMutexAcquire
                0x08008e8c       0x48 C:\Users\AUTcomp\STM32CubeIDE\workspace_1.17.0\greenhouseOS\build\Release\Middlewares\Third_Party\FreeRTOS\Source\CMSIS_RTOS_V2\cmsis_os2.o
                0x08008e8c                osMutexAcquire
 .text.osMutexRelease
                0x08008ed4       0x44 C:\Users\AUTcomp\STM32CubeIDE\workspace_1.17.0\greenhouseOS\build\Release\Middlewares\Third_Party\FreeRTOS\Source\CMSIS_RTOS_V2\cmsis_os2.o
                0x08008ed4                osMutexRelease
 .text.osMutexDelete
                0x08008f18       0x30 C:\Users\AUTcomp\STM32CubeIDE\workspace_1.17.0\greenhouseOS\build\Release\Middlewares\Third_Party\FreeRTOS\Source\CMSIS_RTOS_V2\cmsis_os2.o
                0x08008f18                osMutexDelete
 .text.osSemaphoreNew
                0x08008f48       0xc4 C:\Users\AUTcomp\STM32CubeIDE\workspace_1.17.0\greenhouseOS\build\Release\Middlewares\Third_Party\FreeRTOS\Source\CMSIS_RTOS_V2\cmsis_os2.o
                0x08008f48                osSemaphoreNew
 .text.osSemaphoreAcquire
                0x0800900c       0x64 C:\Users\AUTcomp\STM32CubeIDE\workspace_1.17.0\greenhouseOS\build\Release\Middlewares\Third_Party\FreeRTOS\Source\CMSIS_RTOS_V2\cmsis_os2.o
                0x0800900c                osSemaphoreAcquire
 .text.osSemaphoreRelease
                0x08009070       0x54 C:\Users\AUTcomp\STM32CubeIDE\workspace_1.17.0\greenhouseOS\build\Release\Middlewares\Third_Party\FreeRTOS\Source\CMSIS_RTOS_V2\cmsis_os2.o
                0x08009070                osSemaphoreRelease
 .text.osSemaphoreDelete
                0x080090c4       0x28 C:\Users\AUTcomp\STM32CubeIDE\workspace_1.17.0\greenhouseOS\build\Release\Middlewares\Third_Party\FreeRTOS\Source\CMSIS_RTOS_V2\cmsis_os2.o
                0x080090c4                osSemaphoreDelete
 .text.osMessageQueueNew
                0x080090ec       0x7c C:\Users\AUTcomp\STM32CubeIDE\workspace_1.17.0\greenhouseOS\build\Release\Middlewares\Third_Party\FreeRTOS\Source\CMSIS_RTOS_V2\cmsis_os2.o
                0x080090ec                osMessageQueueNew
 .text.osMessageQueuePut
                0x08009168       0x68 C:\Users\AUTcomp\STM32CubeIDE\workspace_1.17.0\greenhouseOS\build\Release\Middlewares\Third_Party\FreeRTOS\Source\CMSIS_RTOS_V2\cmsis_os2.o
                0x08009168                osMessageQueuePut
 .text.osMessageQueueGet
                0x080091d0       0x6c C:\Users\AUTcomp\STM32CubeIDE\workspace_1.17.0\greenhouseOS\build\Release\Middlewares\Third_Party\FreeRTOS\Source\CMSIS_RTOS_V2\cmsis_os2.o
                0x080091d0                osMessageQueueGet
 .text.osMessageQueueGetCount
                0x0800923c       0x14 C:\Users\AUTcomp\STM32CubeIDE\workspace_1.17.0\greenhouseOS\build\Release\Middlewares\Third_Party\FreeRTOS\Source\CMSIS_RTOS_V2\cmsis_os2.o
                0x0800923c                osMessageQueueGetCount
 .text.osMessageQueueDelete
                0x08009250       0x28 C:\Users\AUTcomp\STM32CubeIDE\workspace_1.17.0\greenhouseOS\build\Release\Middlewares\Third_Party\FreeRTOS\Source\CMSIS_RTOS_V2\cmsis_os2.o
                0x08009250                osMessageQueueDelete
 .text.vApplicationGetIdleTaskMemory
                0x08009278       0x1c C:\Users\AUTcomp\STM32CubeIDE\workspace_1.17.0\greenhouseOS\build\Release\Middlewares\Third_Party\FreeRTOS\Source\CMSIS_RTOS_V2\cmsis_os2.o
                0x08009278                vApplicationGetIdleTaskMemory
 .text.vApplicationGetTimerTaskMemory
                0x08009294       0x20 C:\Users\AUTcomp\STM32CubeIDE\workspace_1.17.0\greenhouseOS\build\Release\Middlewares\Third_Party\FreeRTOS\Source\CMSIS_RTOS_V2\cmsis_os2.o
                0x08009294                vApplicationGetTimerTaskMemory
 .text.vEventGroupClearBitsCallback
                0x080092b4       0x50 C:\Users\AUTcomp\STM32CubeIDE\workspace_1.17.0\greenhouseOS\build\Release\Middlewares\Third_Party\FreeRTOS\Source\event_groups.o
                0x080092b4                vEventGroupClearBitsCallback
 .text.xEventGroupCreateStatic
                0x08009304       0x4c C:\Users\AUTcomp\STM32CubeIDE\workspace_1.17.0\greenhouseOS\build\Release\Middlewares\Third_Party\FreeRTOS\Source\event_groups.o
                0x08009304                xEventGroupCreateStatic
 .text.xEventGroupCreate
                0x08009350       0x28 C:\Users\AUTcomp\STM32CubeIDE\workspace_1.17.0\greenhouseOS\build\Release\Middlewares\Third_Party\FreeRTOS\Source\event_groups.o
                0x08009350                xEventGroupCreate
 .text.xEventGroupWaitBits
                0x08009378      0x134 C:\Users\AUTcomp\STM32CubeIDE\workspace_1.17.0\greenhouseOS\build\Release\Middlewares\Third_Party\FreeRTOS\Source\event_groups.o
                0x08009378                xEventGroupWaitBits
 .text.xEventGroupClearBits
                0x080094ac       0x50 C:\Users\AUTcomp\STM32CubeIDE\workspace_1.17.0\greenhouseOS\build\Release\Middlewares\Third_Party\FreeRTOS\Source\event_groups.o
                0x080094ac                xEventGroupClearBits
 .text.xEventGroupClearBitsFromISR
                0x080094fc       0x10 C:\Users\AUTcomp\STM32CubeIDE\workspace_1.17.0\greenhouseOS\build\Release\Middlewares\Third_Party\FreeRTOS\Source\event_groups.o
                0x080094fc                xEventGroupClearBitsFromISR
 .text.xEventGroupGetBitsFromISR
                0x0800950c       0x1c C:\Users\AUTcomp\STM32CubeIDE\workspace_1.17.0\greenhouseOS\build\Release\Middlewares\Third_Party\FreeRTOS\Source\event_groups.o
                0x0800950c                xEventGroupGetBitsFromISR
 .text.xEventGroupSetBits
                0x08009528       0x9c C:\Users\AUTcomp\STM32CubeIDE\workspace_1.17.0\greenhouseOS\build\Release\Middlewares\Third_Party\FreeRTOS\Source\event_groups.o
                0x08009528                xEventGroupSetBits
 .text.vEventGroupSetBitsCallback
                0x080095c4        0x4 C:\Users\AUTcomp\STM32CubeIDE\workspace_1.17.0\greenhouseOS\build\Release\Middlewares\Third_Party\FreeRTOS\Source\event_groups.o
                0x080095c4                vEventGroupSetBitsCallback
 .text.xEventGroupSetBitsFromISR
                0x080095c8       0x14 C:\Users\AUTcomp\STM32CubeIDE\workspace_1.17.0\greenhouseOS\build\Release\Middlewares\Third_Party\FreeRTOS\Source\event_groups.o
                0x080095c8                xEventGroupSetBitsFromISR
 .text.vListInitialise
                0x080095dc       0x18 C:\Users\AUTcomp\STM32CubeIDE\workspace_1.17.0\greenhouseOS\build\Release\Middlewares\Third_Party\FreeRTOS\Source\list.o
                0x080095dc                vListInitialise
 .text.vListInitialiseItem
                0x080095f4        0x8 C:\Users\AUTcomp\STM32CubeIDE\workspace_1.17.0\greenhouseOS\build\Release\Middlewares\Third_Party\FreeRTOS\Source\list.o
                0x080095f4                vListInitialiseItem
 .text.vListInsertEnd
                0x080095fc       0x1c C:\Users\AUTcomp\STM32CubeIDE\workspace_1.17.0\greenhouseOS\build\Release\Middlewares\Third_Party\FreeRTOS\Source\list.o
                0x080095fc                vListInsertEnd
 .text.vListInsert
                0x08009618       0x38 C:\Users\AUTcomp\STM32CubeIDE\workspace_1.17.0\greenhouseOS\build\Release\Middlewares\Third_Party\FreeRTOS\Source\list.o
                0x08009618                vListInsert
 .text.uxListRemove
                0x08009650       0x24 C:\Users\AUTcomp\STM32CubeIDE\workspace_1.17.0\greenhouseOS\build\Release\Middlewares\Third_Party\FreeRTOS\Source\list.o
                0x08009650                uxListRemove
 .text.prvCopyDataToQueue
                0x08009674       0x7c C:\Users\AUTcomp\STM32CubeIDE\workspace_1.17.0\greenhouseOS\build\Release\Middlewares\Third_Party\FreeRTOS\Source\queue.o
 .text.prvUnlockQueue
                0x080096f0       0x80 C:\Users\AUTcomp\STM32CubeIDE\workspace_1.17.0\greenhouseOS\build\Release\Middlewares\Third_Party\FreeRTOS\Source\queue.o
 .text.xQueueGenericReset
                0x08009770       0x98 C:\Users\AUTcomp\STM32CubeIDE\workspace_1.17.0\greenhouseOS\build\Release\Middlewares\Third_Party\FreeRTOS\Source\queue.o
                0x08009770                xQueueGenericReset
 .text.xQueueGenericCreateStatic
                0x08009808       0xb4 C:\Users\AUTcomp\STM32CubeIDE\workspace_1.17.0\greenhouseOS\build\Release\Middlewares\Third_Party\FreeRTOS\Source\queue.o
                0x08009808                xQueueGenericCreateStatic
 .text.xQueueGenericCreate
                0x080098bc       0x60 C:\Users\AUTcomp\STM32CubeIDE\workspace_1.17.0\greenhouseOS\build\Release\Middlewares\Third_Party\FreeRTOS\Source\queue.o
                0x080098bc                xQueueGenericCreate
 .text.xQueueCreateCountingSemaphoreStatic
                0x0800991c       0x44 C:\Users\AUTcomp\STM32CubeIDE\workspace_1.17.0\greenhouseOS\build\Release\Middlewares\Third_Party\FreeRTOS\Source\queue.o
                0x0800991c                xQueueCreateCountingSemaphoreStatic
 .text.xQueueCreateCountingSemaphore
                0x08009960       0x64 C:\Users\AUTcomp\STM32CubeIDE\workspace_1.17.0\greenhouseOS\build\Release\Middlewares\Third_Party\FreeRTOS\Source\queue.o
                0x08009960                xQueueCreateCountingSemaphore
 .text.xQueueGenericSend
                0x080099c4      0x184 C:\Users\AUTcomp\STM32CubeIDE\workspace_1.17.0\greenhouseOS\build\Release\Middlewares\Third_Party\FreeRTOS\Source\queue.o
                0x080099c4                xQueueGenericSend
 .text.xQueueCreateMutex
                0x08009b48       0x70 C:\Users\AUTcomp\STM32CubeIDE\workspace_1.17.0\greenhouseOS\build\Release\Middlewares\Third_Party\FreeRTOS\Source\queue.o
                0x08009b48                xQueueCreateMutex
 .text.xQueueGiveMutexRecursive
                0x08009bb8       0x48 C:\Users\AUTcomp\STM32CubeIDE\workspace_1.17.0\greenhouseOS\build\Release\Middlewares\Third_Party\FreeRTOS\Source\queue.o
                0x08009bb8                xQueueGiveMutexRecursive
 .text.xQueueCreateMutexStatic
                0x08009c00       0x6c C:\Users\AUTcomp\STM32CubeIDE\workspace_1.17.0\greenhouseOS\build\Release\Middlewares\Third_Party\FreeRTOS\Source\queue.o
                0x08009c00                xQueueCreateMutexStatic
 .text.xQueueGenericSendFromISR
                0x08009c6c       0xd0 C:\Users\AUTcomp\STM32CubeIDE\workspace_1.17.0\greenhouseOS\build\Release\Middlewares\Third_Party\FreeRTOS\Source\queue.o
                0x08009c6c                xQueueGenericSendFromISR
 .text.xQueueGiveFromISR
                0x08009d3c       0xb8 C:\Users\AUTcomp\STM32CubeIDE\workspace_1.17.0\greenhouseOS\build\Release\Middlewares\Third_Party\FreeRTOS\Source\queue.o
                0x08009d3c                xQueueGiveFromISR
 .text.xQueueReceive
                0x08009df4      0x180 C:\Users\AUTcomp\STM32CubeIDE\workspace_1.17.0\greenhouseOS\build\Release\Middlewares\Third_Party\FreeRTOS\Source\queue.o
                0x08009df4                xQueueReceive
 .text.xQueueSemaphoreTake
                0x08009f74      0x1b0 C:\Users\AUTcomp\STM32CubeIDE\workspace_1.17.0\greenhouseOS\build\Release\Middlewares\Third_Party\FreeRTOS\Source\queue.o
                0x08009f74                xQueueSemaphoreTake
 .text.xQueueTakeMutexRecursive
                0x0800a124       0x40 C:\Users\AUTcomp\STM32CubeIDE\workspace_1.17.0\greenhouseOS\build\Release\Middlewares\Third_Party\FreeRTOS\Source\queue.o
                0x0800a124                xQueueTakeMutexRecursive
 .text.xQueueReceiveFromISR
                0x0800a164       0xc8 C:\Users\AUTcomp\STM32CubeIDE\workspace_1.17.0\greenhouseOS\build\Release\Middlewares\Third_Party\FreeRTOS\Source\queue.o
                0x0800a164                xQueueReceiveFromISR
 .text.uxQueueMessagesWaiting
                0x0800a22c       0x30 C:\Users\AUTcomp\STM32CubeIDE\workspace_1.17.0\greenhouseOS\build\Release\Middlewares\Third_Party\FreeRTOS\Source\queue.o
                0x0800a22c                uxQueueMessagesWaiting
 .text.uxQueueMessagesWaitingFromISR
                0x0800a25c       0x18 C:\Users\AUTcomp\STM32CubeIDE\workspace_1.17.0\greenhouseOS\build\Release\Middlewares\Third_Party\FreeRTOS\Source\queue.o
                0x0800a25c                uxQueueMessagesWaitingFromISR
 *fill*         0x0800a274        0x4 
 .text.vQueueDelete
                0x0800a278       0x60 C:\Users\AUTcomp\STM32CubeIDE\workspace_1.17.0\greenhouseOS\build\Release\Middlewares\Third_Party\FreeRTOS\Source\queue.o
                0x0800a278                vQueueDelete
 .text.vQueueAddToRegistry
                0x0800a2d8       0x2c C:\Users\AUTcomp\STM32CubeIDE\workspace_1.17.0\greenhouseOS\build\Release\Middlewares\Third_Party\FreeRTOS\Source\queue.o
                0x0800a2d8                vQueueAddToRegistry
 .text.vQueueUnregisterQueue
                0x0800a304       0x2c C:\Users\AUTcomp\STM32CubeIDE\workspace_1.17.0\greenhouseOS\build\Release\Middlewares\Third_Party\FreeRTOS\Source\queue.o
                0x0800a304                vQueueUnregisterQueue
 .text.vQueueWaitForMessageRestricted
                0x0800a330       0x50 C:\Users\AUTcomp\STM32CubeIDE\workspace_1.17.0\greenhouseOS\build\Release\Middlewares\Third_Party\FreeRTOS\Source\queue.o
                0x0800a330                vQueueWaitForMessageRestricted
 .text.prvAddNewTaskToReadyList
                0x0800a380      0x10c C:\Users\AUTcomp\STM32CubeIDE\workspace_1.17.0\greenhouseOS\build\Release\Middlewares\Third_Party\FreeRTOS\Source\tasks.o
 .text.prvAddCurrentTaskToDelayedList
                0x0800a48c       0x8c C:\Users\AUTcomp\STM32CubeIDE\workspace_1.17.0\greenhouseOS\build\Release\Middlewares\Third_Party\FreeRTOS\Source\tasks.o
 .text.prvDeleteTCB
                0x0800a518       0x48 C:\Users\AUTcomp\STM32CubeIDE\workspace_1.17.0\greenhouseOS\build\Release\Middlewares\Third_Party\FreeRTOS\Source\tasks.o
 .text.prvIdleTask
                0x0800a560       0x68 C:\Users\AUTcomp\STM32CubeIDE\workspace_1.17.0\greenhouseOS\build\Release\Middlewares\Third_Party\FreeRTOS\Source\tasks.o
 .text.prvInitialiseNewTask.constprop.0
                0x0800a5c8       0xb4 C:\Users\AUTcomp\STM32CubeIDE\workspace_1.17.0\greenhouseOS\build\Release\Middlewares\Third_Party\FreeRTOS\Source\tasks.o
 .text.xTaskCreateStatic
                0x0800a67c       0x84 C:\Users\AUTcomp\STM32CubeIDE\workspace_1.17.0\greenhouseOS\build\Release\Middlewares\Third_Party\FreeRTOS\Source\tasks.o
                0x0800a67c                xTaskCreateStatic
 .text.xTaskCreate
                0x0800a700       0x60 C:\Users\AUTcomp\STM32CubeIDE\workspace_1.17.0\greenhouseOS\build\Release\Middlewares\Third_Party\FreeRTOS\Source\tasks.o
                0x0800a700                xTaskCreate
 .text.vTaskStartScheduler
                0x0800a760       0xa0 C:\Users\AUTcomp\STM32CubeIDE\workspace_1.17.0\greenhouseOS\build\Release\Middlewares\Third_Party\FreeRTOS\Source\tasks.o
                0x0800a760                vTaskStartScheduler
 .text.vTaskSuspendAll
                0x0800a800       0x10 C:\Users\AUTcomp\STM32CubeIDE\workspace_1.17.0\greenhouseOS\build\Release\Middlewares\Third_Party\FreeRTOS\Source\tasks.o
                0x0800a800                vTaskSuspendAll
 .text.xTaskGetTickCount
                0x0800a810        0xc C:\Users\AUTcomp\STM32CubeIDE\workspace_1.17.0\greenhouseOS\build\Release\Middlewares\Third_Party\FreeRTOS\Source\tasks.o
                0x0800a810                xTaskGetTickCount
 .text.xTaskGetTickCountFromISR
                0x0800a81c       0x10 C:\Users\AUTcomp\STM32CubeIDE\workspace_1.17.0\greenhouseOS\build\Release\Middlewares\Third_Party\FreeRTOS\Source\tasks.o
                0x0800a81c                xTaskGetTickCountFromISR
 .text.xTaskIncrementTick
                0x0800a82c      0x15c C:\Users\AUTcomp\STM32CubeIDE\workspace_1.17.0\greenhouseOS\build\Release\Middlewares\Third_Party\FreeRTOS\Source\tasks.o
                0x0800a82c                xTaskIncrementTick
 .text.xTaskResumeAll.part.0
                0x0800a988      0x10c C:\Users\AUTcomp\STM32CubeIDE\workspace_1.17.0\greenhouseOS\build\Release\Middlewares\Third_Party\FreeRTOS\Source\tasks.o
 .text.xTaskResumeAll
                0x0800aa94       0x20 C:\Users\AUTcomp\STM32CubeIDE\workspace_1.17.0\greenhouseOS\build\Release\Middlewares\Third_Party\FreeRTOS\Source\tasks.o
                0x0800aa94                xTaskResumeAll
 .text.vTaskDelay
                0x0800aab4       0x64 C:\Users\AUTcomp\STM32CubeIDE\workspace_1.17.0\greenhouseOS\build\Release\Middlewares\Third_Party\FreeRTOS\Source\tasks.o
                0x0800aab4                vTaskDelay
 .text.vTaskSwitchContext
                0x0800ab18       0x9c C:\Users\AUTcomp\STM32CubeIDE\workspace_1.17.0\greenhouseOS\build\Release\Middlewares\Third_Party\FreeRTOS\Source\tasks.o
                0x0800ab18                vTaskSwitchContext
 .text.vTaskPlaceOnEventList
                0x0800abb4       0x34 C:\Users\AUTcomp\STM32CubeIDE\workspace_1.17.0\greenhouseOS\build\Release\Middlewares\Third_Party\FreeRTOS\Source\tasks.o
                0x0800abb4                vTaskPlaceOnEventList
 .text.vTaskPlaceOnUnorderedEventList
                0x0800abe8       0x5c C:\Users\AUTcomp\STM32CubeIDE\workspace_1.17.0\greenhouseOS\build\Release\Middlewares\Third_Party\FreeRTOS\Source\tasks.o
                0x0800abe8                vTaskPlaceOnUnorderedEventList
 .text.vTaskPlaceOnEventListRestricted
                0x0800ac44       0x44 C:\Users\AUTcomp\STM32CubeIDE\workspace_1.17.0\greenhouseOS\build\Release\Middlewares\Third_Party\FreeRTOS\Source\tasks.o
                0x0800ac44                vTaskPlaceOnEventListRestricted
 .text.xTaskRemoveFromEventList
                0x0800ac88       0x90 C:\Users\AUTcomp\STM32CubeIDE\workspace_1.17.0\greenhouseOS\build\Release\Middlewares\Third_Party\FreeRTOS\Source\tasks.o
                0x0800ac88                xTaskRemoveFromEventList
 .text.vTaskRemoveFromUnorderedEventList
                0x0800ad18       0x8c C:\Users\AUTcomp\STM32CubeIDE\workspace_1.17.0\greenhouseOS\build\Release\Middlewares\Third_Party\FreeRTOS\Source\tasks.o
                0x0800ad18                vTaskRemoveFromUnorderedEventList
 .text.vTaskInternalSetTimeOutState
                0x0800ada4       0x18 C:\Users\AUTcomp\STM32CubeIDE\workspace_1.17.0\greenhouseOS\build\Release\Middlewares\Third_Party\FreeRTOS\Source\tasks.o