Archive member included to satisfy reference by file (symbol)

C:/Users/AUTcomp/arm_gnu_toolchain/bin/../lib/gcc/arm-none-eabi/15.2.1/../../../../arm-none-eabi/lib/thumb/v7e-m+fp/hard\libc_nano.a(libc_a-atoi.o)
                              C:\Users\AUTcomp\STM32CubeIDE\workspace_1.17.0\greenhouseOS\build\Release\Middlewares\Third_Party\LwIP\src\core\netif.o (atoi)
C:/Users/AUTcomp/arm_gnu_toolchain/bin/../lib/gcc/arm-none-eabi/15.2.1/../../../../arm-none-eabi/lib/thumb/v7e-m+fp/hard\libc_nano.a(libc_a-exit.o)
                              C:/Users/AUTcomp/arm_gnu_toolchain/bin/../lib/gcc/arm-none-eabi/15.2.1/../../../../arm-none-eabi/lib/thumb/v7e-m+fp/hard/crt0.o (exit)
C:/Users/AUTcomp/arm_gnu_toolchain/bin/../lib/gcc/arm-none-eabi/15.2.1/../../../../arm-none-eabi/lib/thumb/v7e-m+fp/hard\libc_nano.a(libc_a-rand.o)
                              C:\Users\AUTcomp\STM32CubeIDE\workspace_1.17.0\greenhouseOS\build\Release\Middlewares\Third_Party\LwIP\src\core\tcp.o (rand)
C:/Users/AUTcomp/arm_gnu_toolchain/bin/../lib/gcc/arm-none-eabi/15.2.1/../../../../arm-none-eabi/lib/thumb/v7e-m+fp/hard\libc_nano.a(libc_a-strtol.o)
                              C:/Users/AUTcomp/arm_gnu_toolchain/bin/../lib/gcc/arm-none-eabi/15.2.1/../../../../arm-none-eabi/lib/thumb/v7e-m+fp/hard\libc_nano.a(libc_a-atoi.o) (_strtol_r)
C:/Users/AUTcomp/arm_gnu_toolchain/bin/../lib/gcc/arm-none-eabi/15.2.1/../../../../arm-none-eabi/lib/thumb/v7e-m+fp/hard\libc_nano.a(libc_a-ctype_.o)
                              C:\Users\AUTcomp\STM32CubeIDE\workspace_1.17.0\greenhouseOS\build\Release\Middlewares\Third_Party\LwIP\src\core\ipv4\ip4_addr.o (_ctype_)
C:/Users/AUTcomp/arm_gnu_toolchain/bin/../lib/gcc/arm-none-eabi/15.2.1/../../../../arm-none-eabi/lib/thumb/v7e-m+fp/hard\libc_nano.a(libc_a-findfp.o)
                              C:\Users\AUTcomp\STM32CubeIDE\workspace_1.17.0\greenhouseOS\build\Release\Middlewares\Third_Party\FreeRTOS\Source\tasks.o (__sf)
C:/Users/AUTcomp/arm_gnu_toolchain/bin/../lib/gcc/arm-none-eabi/15.2.1/../../../../arm-none-eabi/lib/thumb/v7e-m+fp/hard\libc_nano.a(libc_a-fwalk.o)
                              C:/Users/AUTcomp/arm_gnu_toolchain/bin/../lib/gcc/arm-none-eabi/15.2.1/../../../../arm-none-eabi/lib/thumb/v7e-m+fp/hard\libc_nano.a(libc_a-findfp.o) (_fwalk_sglue)
C:/Users/AUTcomp/arm_gnu_toolchain/bin/../lib/gcc/arm-none-eabi/15.2.1/../../../../arm-none-eabi/lib/thumb/v7e-m+fp/hard\libc_nano.a(libc_a-printf.o)
                              C:\Users\AUTcomp\STM32CubeIDE\workspace_1.17.0\greenhouseOS\build\Release\LWIP\Target\ethernetif.o (printf)
C:/Users/AUTcomp/arm_gnu_toolchain/bin/../lib/gcc/arm-none-eabi/15.2.1/../../../../arm-none-eabi/lib/thumb/v7e-m+fp/hard\libc_nano.a(libc_a-stdio.o)
                              C:/Users/AUTcomp/arm_gnu_toolchain/bin/../lib/gcc/arm-none-eabi/15.2.1/../../../../arm-none-eabi/lib/thumb/v7e-m+fp/hard\libc_nano.a(libc_a-findfp.o) (__sread)
C:/Users/AUTcomp/arm_gnu_toolchain/bin/../lib/gcc/arm-none-eabi/15.2.1/../../../../arm-none-eabi/lib/thumb/v7e-m+fp/hard\libc_nano.a(libc_a-memcmp.o)
                              C:\Users\AUTcomp\STM32CubeIDE\workspace_1.17.0\greenhouseOS\build\Release\Middlewares\Third_Party\LwIP\src\netif\bridgeif_fdb.o (memcmp)
C:/Users/AUTcomp/arm_gnu_toolchain/bin/../lib/gcc/arm-none-eabi/15.2.1/../../../../arm-none-eabi/lib/thumb/v7e-m+fp/hard\libc_nano.a(libc_a-memmove.o)
                              C:\Users\AUTcomp\STM32CubeIDE\workspace_1.17.0\greenhouseOS\build\Release\Middlewares\Third_Party\LwIP\src\core\def.o (memmove)
C:/Users/AUTcomp/arm_gnu_toolchain/bin/../lib/gcc/arm-none-eabi/15.2.1/../../../../arm-none-eabi/lib/thumb/v7e-m+fp/hard\libc_nano.a(libc_a-memset.o)
                              C:/Users/AUTcomp/arm_gnu_toolchain/bin/../lib/gcc/arm-none-eabi/15.2.1/../../../../arm-none-eabi/lib/thumb/v7e-m+fp/hard/crt0.o (memset)
C:/Users/AUTcomp/arm_gnu_toolchain/bin/../lib/gcc/arm-none-eabi/15.2.1/../../../../arm-none-eabi/lib/thumb/v7e-m+fp/hard\libc_nano.a(libc_a-strncmp.o)
                              C:\Users\AUTcomp\STM32CubeIDE\workspace_1.17.0\greenhouseOS\build\Release\Middlewares\Third_Party\LwIP\src\core\def.o (strncmp)
C:/Users/AUTcomp/arm_gnu_toolchain/bin/../lib/gcc/arm-none-eabi/15.2.1/../../../../arm-none-eabi/lib/thumb/v7e-m+fp/hard\libc_nano.a(libc_a-closer.o)
                              C:/Users/AUTcomp/arm_gnu_toolchain/bin/../lib/gcc/arm-none-eabi/15.2.1/../../../../arm-none-eabi/lib/thumb/v7e-m+fp/hard\libc_nano.a(libc_a-stdio.o) (_close_r)
C:/Users/AUTcomp/arm_gnu_toolchain/bin/../lib/gcc/arm-none-eabi/15.2.1/../../../../arm-none-eabi/lib/thumb/v7e-m+fp/hard\libc_nano.a(libc_a-reent.o)
                              C:\Users\AUTcomp\STM32CubeIDE\workspace_1.17.0\greenhouseOS\build\Release\Middlewares\Third_Party\FreeRTOS\Source\tasks.o (_reclaim_reent)
C:/Users/AUTcomp/arm_gnu_toolchain/bin/../lib/gcc/arm-none-eabi/15.2.1/../../../../arm-none-eabi/lib/thumb/v7e-m+fp/hard\libc_nano.a(libc_a-impure.o)
[...]
Memory Configuration

Name             Origin             Length             Attributes
CCMRAM           0x10000000         0x00010000         xrw
RAM              0x20000000         0x00020000         xrw
FLASH            0x08000000         0x00080000         xr
*default*        0x00000000         0xffffffff

Linker script and memory map

LOAD C:/Users/AUTcomp/arm_gnu_toolchain/bin/../lib/gcc/arm-none-eabi/15.2.1/thumb/v7e-m+fp/hard/crti.o
LOAD C:/Users/AUTcomp/arm_gnu_toolchain/bin/../lib/gcc/arm-none-eabi/15.2.1/thumb/v7e-m+fp/hard/crtbegin.o
LOAD C:/Users/AUTcomp/arm_gnu_toolchain/bin/../lib/gcc/arm-none-eabi/15.2.1/../../../../arm-none-eabi/lib/thumb/v7e-m+fp/hard/crt0.o
LOAD C:\Users\AUTcomp\STM32CubeIDE\workspace_1.17.0\greenhouseOS\build\Release\Core\Src\Modbus.o
LOAD C:\Users\AUTcomp\STM32CubeIDE\workspace_1.17.0\greenhouseOS\build\Release\Core\Src\UARTCallback.o
LOAD C:\Users\AUTcomp\STM32CubeIDE\workspace_1.17.0\greenhouseOS\build\Release\Core\Src\freertos.o
LOAD C:\Users\AUTcomp\STM32CubeIDE\workspace_1.17.0\greenhouseOS\build\Release\Core\Src\gh_config_storage.o
LOAD C:\Users\AUTcomp\STM32CubeIDE\workspace_1.17.0\greenhouseOS\build\Release\Core\Src\gh_crc32.o
LOAD C:\Users\AUTcomp\STM32CubeIDE\workspace_1.17.0\greenhouseOS\build\Release\Core\Src\gh_modbus_io.o
LOAD C:\Users\AUTcomp\STM32CubeIDE\workspace_1.17.0\greenhouseOS\build\Release\Core\Src\gh_modbus_map.o
LOAD C:\Users\AUTcomp\STM32CubeIDE\workspace_1.17.0\greenhouseOS\build\Release\Core\Src\gh_modbus_master.o
LOAD C:\Users\AUTcomp\STM32CubeIDE\workspace_1.17.0\greenhouseOS\build\Release\Core\Src\gh_modbus_tcp_server.o
LOAD C:\Users\AUTcomp\STM32CubeIDE\workspace_1.17.0\greenhouseOS\build\Release\Core\Src\main.o
LOAD C:\Users\AUTcomp\STM32CubeIDE\workspace_1.17.0\greenhouseOS\build\Release\Core\Src\stm32f4xx_hal_msp.o
LOAD C:\Users\AUTcomp\STM32CubeIDE\workspace_1.17.0\greenhouseOS\build\Release\Core\Src\stm32f4xx_hal_timebase_tim.o
LOAD C:\Users\AUTcomp\STM32CubeIDE\workspace_1.17.0\greenhouseOS\build\Release\Core\Src\stm32f4xx_it.o
LOAD C:\Users\AUTcomp\STM32CubeIDE\workspace_1.17.0\greenhouseOS\build\Release\Core\Src\syscalls.o
LOAD C:\Users\AUTcomp\STM32CubeIDE\workspace_1.17.0\greenhouseOS\build\Release\Core\Src\sysmem.o
LOAD C:\Users\AUTcomp\STM32CubeIDE\workspace_1.17.0\greenhouseOS\build\Release\Core\Src\system_stm32f4xx.o
LOAD C:\Users\AUTcomp\STM32CubeIDE\workspace_1.17.0\greenhouseOS\build\Release\Core\Startup\startup_stm32f407vetx.o
LOAD C:\Users\AUTcomp\STM32CubeIDE\workspace_1.17.0\greenhouseOS\build\Release\Drivers\BSP\Components\lan8742\lan8742.o
LOAD C:\Users\AUTcomp\STM32CubeIDE\workspace_1.17.0\greenhouseOS\build\Release\Drivers\STM32F4xx_HAL_Driver\Src\stm32f4xx_hal.o
LOAD C:\Users\AUTcomp\STM32CubeIDE\workspace_1.17.0\greenhouseOS\build\Release\Drivers\STM32F4xx_HAL_Driver\Src\stm32f4xx_hal_cortex.o
LOAD C:\Users\AUTcomp\STM32CubeIDE\workspace_1.17.0\greenhouseOS\build\Release\Drivers\STM32F4xx_HAL_Driver\Src\stm32f4xx_hal_dma.o
LOAD C:\Users\AUTcomp\STM32CubeIDE\workspace_1.17.0\greenhouseOS\build\Release\Drivers\STM32F4xx_HAL_Driver\Src\stm32f4xx_hal_dma_ex.o
LOAD C:\Users\AUTcomp\STM32CubeIDE\workspace_1.17.0\greenhouseOS\build\Release\Drivers\STM32F4xx_HAL_Driver\Src\stm32f4xx_hal_eth.o
LOAD C:\Users\AUTcomp\STM32CubeIDE\workspace_1.17.0\greenhouseOS\build\Release\Drivers\STM32F4xx_HAL_Driver\Src\stm32f4xx_hal_exti.o
LOAD C:\Users\AUTcomp\STM32CubeIDE\workspace_1.17.0\greenhouseOS\build\Release\Drivers\STM32F4xx_HAL_Driver\Src\stm32f4xx_hal_flash.o
LOAD C:\Users\AUTcomp\STM32CubeIDE\workspace_1.17.0\greenhouseOS\build\Release\Drivers\STM32F4xx_HAL_Driver\Src\stm32f4xx_hal_flash_ex.o
LOAD C:\Users\AUTcomp\STM32CubeIDE\workspace_1.17.0\greenhouseOS\build\Release\Drivers\STM32F4xx_HAL_Driver\Src\stm32f4xx_hal_flash_ramfunc.o
LOAD C:\Users\AUTcomp\STM32CubeIDE\workspace_1.17.0\greenhouseOS\build\Release\Drivers\STM32F4xx_HAL_Driver\Src\stm32f4xx_hal_gpio.o
LOAD C:\Users\AUTcomp\STM32CubeIDE\workspace_1.17.0\greenhouseOS\build\Release\Drivers\STM32F4xx_HAL_Driver\Src\stm32f4xx_hal_pwr.o
LOAD C:\Users\AUTcomp\STM32CubeIDE\workspace_1.17.0\greenhouseOS\build\Release\Drivers\STM32F4xx_HAL_Driver\Src\stm32f4xx_hal_pwr_ex.o
LOAD C:\Users\AUTcomp\STM32CubeIDE\workspace_1.17.0\greenhouseOS\build\Release\Drivers\STM32F4xx_HAL_Driver\Src\stm32f4xx_hal_rcc.o
LOAD C:\Users\AUTcomp\STM32CubeIDE\workspace_1.17.0\greenhouseOS\build\Release\Drivers\STM32F4xx_HAL_Driver\Src\stm32f4xx_hal_rcc_ex.o
LOAD C:\Users\AUTcomp\STM32CubeIDE\workspace_1.17.0\greenhouseOS\build\Release\Drivers\STM32F4xx_HAL_Driver\Src\stm32f4xx_hal_rtc.o
LOAD C:\Users\AUTcomp\STM32CubeIDE\workspace_1.17.0\greenhouseOS\build\Release\Drivers\STM32F4xx_HAL_Driver\Src\stm32f4xx_hal_rtc_ex.o
LOAD C:\Users\AUTcomp\STM32CubeIDE\workspace_1.17.0\greenhouseOS\build\Release\Drivers\STM32F4xx_HAL_Driver\Src\stm32f4xx_hal_tim.o
LOAD C:\Users\AUTcomp\STM32CubeIDE\workspace_1.17.0\greenhouseOS\build\Release\Drivers\STM32F4xx_HAL_Driver\Src\stm32f4xx_hal_tim_ex.o
LOAD C:\Users\AUTcomp\STM32CubeIDE\workspace_1.17.0\greenhouseOS\build\Release\Drivers\STM32F4xx_HAL_Driver\Src\stm32f4xx_hal_uart.o
LOAD C:\Users\AUTcomp\STM32CubeIDE\workspace_1.17.0\greenhouseOS\build\Release\LWIP\App\lwip.o
LOAD C:\Users\AUTcomp\STM32CubeIDE\workspace_1.17.0\greenhouseOS\build\Release\LWIP\Target\ethernetif.o
LOAD C:\Users\AUTcomp\STM32CubeIDE\workspace_1.17.0\greenhouseOS\build\Release\Middlewares\Third_Party\FreeRTOS\Source\CMSIS_RTOS_V2\cmsis_os2.o
LOAD C:\Users\AUTcomp\STM32CubeIDE\workspace_1.17.0\greenhouseOS\build\Release\Middlewares\Third_Party\FreeRTOS\Source\croutine.o
LOAD C:\Users\AUTcomp\STM32CubeIDE\workspace_1.17.0\greenhouseOS\build\Release\Middlewares\Third_Party\FreeRTOS\Source\event_groups.o
LOAD C:\Users\AUTcomp\STM32CubeIDE\workspace_1.17.0\greenhouseOS\build\Release\Middlewares\Third_Party\FreeRTOS\Source\list.o
LOAD C:\Users\AUTcomp\STM32CubeIDE\workspace_1.17.0\greenhouseOS\build\Release\Middlewares\Third_Party\FreeRTOS\Source\queue.o
LOAD C:\Users\AUTcomp\STM32CubeIDE\workspace_1.17.0\greenhouseOS\build\Release\Middlewares\Third_Party\FreeRTOS\Source\stream_buffer.o
LOAD C:\Users\AUTcomp\STM32CubeIDE\workspace_1.17.0\greenhouseOS\build\Release\Middlewares\Third_Party\FreeRTOS\Source\tasks.o
LOAD C:\Users\AUTcomp\STM32CubeIDE\workspace_1.17.0\greenhouseOS\build\Release\Middlewares\Third_Party\FreeRTOS\Source\timers.o
LOAD C:\Users\AUTcomp\STM32CubeIDE\workspace_1.17.0\greenhouseOS\build\Release\Middlewares\Third_Party\FreeRTOS\Source\portable\GCC\ARM_CM4F\port.o
LOAD C:\Users\AUTcomp\STM32CubeIDE\workspace_1.17.0\greenhouseOS\build\Release\Middlewares\Third_Party\FreeRTOS\Source\portable\MemMang\heap_4.o
LOAD C:\Users\AUTcomp\STM32CubeIDE\workspace_1.17.0\greenhouseOS\build\Release\Middlewares\Third_Party\LwIP\src\api\api_lib.o
LOAD C:\Users\AUTcomp\STM32CubeIDE\workspace_1.17.0\greenhouseOS\build\Release\Middlewares\Third_Party\LwIP\src\api\api_msg.o
LOAD C:\Users\AUTcomp\STM32CubeIDE\workspace_1.17.0\greenhouseOS\build\Release\Middlewares\Third_Party\LwIP\src\api\err.o
LOAD C:\Users\AUTcomp\STM32CubeIDE\workspace_1.17.0\greenhouseOS\build\Release\Middlewares\Third_Party\LwIP\src\api\if_api.o
LOAD C:\Users\AUTcomp\STM32CubeIDE\workspace_1.17.0\greenhouseOS\build\Release\Middlewares\Third_Party\LwIP\src\api\netbuf.o
LOAD C:\Users\AUTcomp\STM32CubeIDE\workspace_1.17.0\greenhouseOS\build\Release\Middlewares\Third_Party\LwIP\src\api\netdb.o
LOAD C:\Users\AUTcomp\STM32CubeIDE\workspace_1.17.0\greenhouseOS\build\Release\Middlewares\Third_Party\LwIP\src\api\netifapi.o
LOAD C:\Users\AUTcomp\STM32CubeIDE\workspace_1.17.0\greenhouseOS\build\Release\Middlewares\Third_Party\LwIP\src\api\sockets.o
LOAD C:\Users\AUTcomp\STM32CubeIDE\workspace_1.17.0\greenhouseOS\build\Release\Middlewares\Third_Party\LwIP\src\api\tcpip.o
LOAD C:\Users\AUTcomp\STM32CubeIDE\workspace_1.17.0\greenhouseOS\build\Release\Middlewares\Third_Party\LwIP\src\apps\mqtt\mqtt.o
LOAD C:\Users\AUTcomp\STM32CubeIDE\workspace_1.17.0\greenhouseOS\build\Release\Middlewares\Third_Party\LwIP\src\core\altcp.o
LOAD C:\Users\AUTcomp\STM32CubeIDE\workspace_1.17.0\greenhouseOS\build\Release\Middlewares\Third_Party\LwIP\src\core\altcp_alloc.o
LOAD C:\Users\AUTcomp\STM32CubeIDE\workspace_1.17.0\greenhouseOS\build\Release\Middlewares\Third_Party\LwIP\src\core\altcp_tcp.o
LOAD C:\Users\AUTcomp\STM32CubeIDE\workspace_1.17.0\greenhouseOS\build\Release\Middlewares\Third_Party\LwIP\src\core\def.o
LOAD C:\Users\AUTcomp\STM32CubeIDE\workspace_1.17.0\greenhouseOS\build\Release\Middlewares\Third_Party\LwIP\src\core\dns.o
LOAD C:\Users\AUTcomp\STM32CubeIDE\workspace_1.17.0\greenhouseOS\build\Release\Middlewares\Third_Party\LwIP\src\core\inet_chksum.o
LOAD C:\Users\AUTcomp\STM32CubeIDE\workspace_1.17.0\greenhouseOS\build\Release\Middlewares\Third_Party\LwIP\src\core\init.o
LOAD C:\Users\AUTcomp\STM32CubeIDE\workspace_1.17.0\greenhouseOS\build\Release\Middlewares\Third_Party\LwIP\src\core\ip.o
LOAD C:\Users\AUTcomp\STM32CubeIDE\workspace_1.17.0\greenhouseOS\build\Release\Middlewares\Third_Party\LwIP\src\core\mem.o
LOAD C:\Users\AUTcomp\STM32CubeIDE\workspace_1.17.0\greenhouseOS\build\Release\Middlewares\Third_Party\LwIP\src\core\memp.o
LOAD C:\Users\AUTcomp\STM32CubeIDE\workspace_1.17.0\greenhouseOS\build\Release\Middlewares\Third_Party\LwIP\src\core\netif.o
LOAD C:\Users\AUTcomp\STM32CubeIDE\workspace_1.17.0\greenhouseOS\build\Release\Middlewares\Third_Party\LwIP\src\core\pbuf.o
LOAD C:\Users\AUTcomp\STM32CubeIDE\workspace_1.17.0\greenhouseOS\build\Release\Middlewares\Third_Party\LwIP\src\core\raw.o
LOAD C:\Users\AUTcomp\STM32CubeIDE\workspace_1.17.0\greenhouseOS\build\Release\Middlewares\Third_Party\LwIP\src\core\stats.o
LOAD C:\Users\AUTcomp\STM32CubeIDE\workspace_1.17.0\greenhouseOS\build\Release\Middlewares\Third_Party\LwIP\src\core\sys.o
LOAD C:\Users\AUTcomp\STM32CubeIDE\workspace_1.17.0\greenhouseOS\build\Release\Middlewares\Third_Party\LwIP\src\core\tcp.o
LOAD C:\Users\AUTcomp\STM32CubeIDE\workspace_1.17.0\greenhouseOS\build\Release\Middlewares\Third_Party\LwIP\src\core\tcp_in.o
LOAD C:\Users\AUTcomp\STM32CubeIDE\workspace_1.17.0\greenhouseOS\build\Release\Middlewares\Third_Party\LwIP\src\core\tcp_out.o
LOAD C:\Users\AUTcomp\STM32CubeIDE\workspace_1.17.0\greenhouseOS\build\Release\Middlewares\Third_Party\LwIP\src\core\timeouts.o
LOAD C:\Users\AUTcomp\STM32CubeIDE\workspace_1.17.0\greenhouseOS\build\Release\Middlewares\Third_Party\LwIP\src\core\udp.o
LOAD C:\Users\AUTcomp\STM32CubeIDE\workspace_1.17.0\greenhouseOS\build\Release\Middlewares\Third_Party\LwIP\src\core\ipv4\autoip.o
LOAD C:\Users\AUTcomp\STM32CubeIDE\workspace_1.17.0\greenhouseOS\build\Release\Middlewares\Third_Party\LwIP\src\core\ipv4\dhcp.o
LOAD C:\Users\AUTcomp\STM32CubeIDE\workspace_1.17.0\greenhouseOS\build\Release\Middlewares\Third_Party\LwIP\src\core\ipv4\etharp.o
LOAD C:\Users\AUTcomp\STM32CubeIDE\workspace_1.17.0\greenhouseOS\build\Release\Middlewares\Third_Party\LwIP\src\core\ipv4\icmp.o
LOAD C:\Users\AUTcomp\STM32CubeIDE\workspace_1.17.0\greenhouseOS\build\Release\Middlewares\Third_Party\LwIP\src\core\ipv4\igmp.o
LOAD C:\Users\AUTcomp\STM32CubeIDE\workspace_1.17.0\greenhouseOS\build\Release\Middlewares\Third_Party\LwIP\src\core\ipv4\ip4.o
LOAD C:\Users\AUTcomp\STM32CubeIDE\workspace_1.17.0\greenhouseOS\build\Release\Middlewares\Third_Party\LwIP\src\core\ipv4\ip4_addr.o
LOAD C:\Users\AUTcomp\STM32CubeIDE\workspace_1.17.0\greenhouseOS\build\Release\Middlewares\Third_Party\LwIP\src\core\ipv4\ip4_frag.o
LOAD C:\Users\AUTcomp\STM32CubeIDE\workspace_1.17.0\greenhouseOS\build\Release\Middlewares\Third_Party\LwIP\src\core\ipv6\dhcp6.o
LOAD C:\Users\AUTcomp\STM32CubeIDE\workspace_1.17.0\greenhouseOS\build\Release\Middlewares\Third_Party\LwIP\src\core\ipv6\ethip6.o
LOAD C:\Users\AUTcomp\STM32CubeIDE\workspace_1.17.0\greenhouseOS\build\Release\Middlewares\Third_Party\LwIP\src\core\ipv6\icmp6.o
LOAD C:\Users\AUTcomp\STM32CubeIDE\workspace_1.17.0\greenhouseOS\build\Release\Middlewares\Third_Party\LwIP\src\core\ipv6\inet6.o
LOAD C:\Users\AUTcomp\STM32CubeIDE\workspace_1.17.0\greenhouseOS\build\Release\Middlewares\Third_Party\LwIP\src\core\ipv6\ip6.o
LOAD C:\Users\AUTcomp\STM32CubeIDE\workspace_1.17.0\greenhouseOS\build\Release\Middlewares\Third_Party\LwIP\src\core\ipv6\ip6_addr.o
LOAD C:\Users\AUTcomp\STM32CubeIDE\workspace_1.17.0\greenhouseOS\build\Release\Middlewares\Third_Party\LwIP\src\core\ipv6\ip6_frag.o
LOAD C:\Users\AUTcomp\STM32CubeIDE\workspace_1.17.0\greenhouseOS\build\Release\Middlewares\Third_Party\LwIP\src\core\ipv6\mld6.o
LOAD C:\Users\AUTcomp\STM32CubeIDE\workspace_1.17.0\greenhouseOS\build\Release\Middlewares\Third_Party\LwIP\src\core\ipv6\nd6.o
LOAD C:\Users\AUTcomp\STM32CubeIDE\workspace_1.17.0\greenhouseOS\build\Release\Middlewares\Third_Party\LwIP\src\netif\bridgeif.o
LOAD C:\Users\AUTcomp\STM32CubeIDE\workspace_1.17.0\greenhouseOS\build\Release\Middlewares\Third_Party\LwIP\src\netif\bridgeif_fdb.o
LOAD C:\Users\AUTcomp\STM32CubeIDE\workspace_1.17.0\greenhouseOS\build\Release\Middlewares\Third_Party\LwIP\src\netif\ethernet.o
LOAD C:\Users\AUTcomp\STM32CubeIDE\workspace_1.17.0\greenhouseOS\build\Release\Middlewares\Third_Party\LwIP\src\netif\lowpan6.o
LOAD C:\Users\AUTcomp\STM32CubeIDE\workspace_1.17.0\greenhouseOS\build\Release\Middlewares\Third_Party\LwIP\src\netif\lowpan6_ble.o
LOAD C:\Users\AUTcomp\STM32CubeIDE\workspace_1.17.0\greenhouseOS\build\Release\Middlewares\Third_Party\LwIP\src\netif\lowpan6_common.o
LOAD C:\Users\AUTcomp\STM32CubeIDE\workspace_1.17.0\greenhouseOS\build\Release\Middlewares\Third_Party\LwIP\src\netif\slipif.o
LOAD C:\Users\AUTcomp\STM32CubeIDE\workspace_1.17.0\greenhouseOS\build\Release\Middlewares\Third_Party\LwIP\src\netif\zepif.o
LOAD C:\Users\AUTcomp\STM32CubeIDE\workspace_1.17.0\greenhouseOS\build\Release\Middlewares\Third_Party\LwIP\src\netif\ppp\auth.o
LOAD C:\Users\AUTcomp\STM32CubeIDE\workspace_1.17.0\greenhouseOS\build\Release\Middlewares\Third_Party\LwIP\src\netif\ppp\ccp.o
LOAD C:\Users\AUTcomp\STM32CubeIDE\workspace_1.17.0\greenhouseOS\build\Release\Middlewares\Third_Party\LwIP\src\netif\ppp\chap-md5.o
LOAD C:\Users\AUTcomp\STM32CubeIDE\workspace_1.17.0\greenhouseOS\build\Release\Middlewares\Third_Party\LwIP\src\netif\ppp\chap-new.o
LOAD C:\Users\AUTcomp\STM32CubeIDE\workspace_1.17.0\greenhouseOS\build\Release\Middlewares\Third_Party\LwIP\src\netif\ppp\chap_ms.o
LOAD C:\Users\AUTcomp\STM32CubeIDE\workspace_1.17.0\greenhouseOS\build\Release\Middlewares\Third_Party\LwIP\src\netif\ppp\demand.o
LOAD C:\Users\AUTcomp\STM32CubeIDE\workspace_1.17.0\greenhouseOS\build\Release\Middlewares\Third_Party\LwIP\src\netif\ppp\eap.o
LOAD C:\Users\AUTcomp\STM32CubeIDE\workspace_1.17.0\greenhouseOS\build\Release\Middlewares\Third_Party\LwIP\src\netif\ppp\ecp.o
LOAD C:\Users\AUTcomp\STM32CubeIDE\workspace_1.17.0\greenhouseOS\build\Release\Middlewares\Third_Party\LwIP\src\netif\ppp\eui64.o
LOAD C:\Users\AUTcomp\STM32CubeIDE\workspace_1.17.0\greenhouseOS\build\Release\Middlewares\Third_Party\LwIP\src\netif\ppp\fsm.o
LOAD C:\Users\AUTcomp\STM32CubeIDE\workspace_1.17.0\greenhouseOS\build\Release\Middlewares\Third_Party\LwIP\src\netif\ppp\ipcp.o
LOAD C:\Users\AUTcomp\STM32CubeIDE\workspace_1.17.0\greenhouseOS\build\Release\Middlewares\Third_Party\LwIP\src\netif\ppp\ipv6cp.o
LOAD C:\Users\AUTcomp\STM32CubeIDE\workspace_1.17.0\greenhouseOS\build\Release\Middlewares\Third_Party\LwIP\src\netif\ppp\lcp.o
LOAD C:\Users\AUTcomp\STM32CubeIDE\workspace_1.17.0\greenhouseOS\build\Release\Middlewares\Third_Party\LwIP\src\netif\ppp\magic.o
LOAD C:\Users\AUTcomp\STM32CubeIDE\workspace_1.17.0\greenhouseOS\build\Release\Middlewares\Third_Party\LwIP\src\netif\ppp\mppe.o
LOAD C:\Users\AUTcomp\STM32CubeIDE\workspace_1.17.0\greenhouseOS\build\Release\Middlewares\Third_Party\LwIP\src\netif\ppp\multilink.o
LOAD C:\Users\AUTcomp\STM32CubeIDE\workspace_1.17.0\greenhouseOS\build\Release\Middlewares\Third_Party\LwIP\src\netif\ppp\ppp.o
LOAD C:\Users\AUTcomp\STM32CubeIDE\workspace_1.17.0\greenhouseOS\build\Release\Middlewares\Third_Party\LwIP\src\netif\ppp\pppapi.o
LOAD C:\Users\AUTcomp\STM32CubeIDE\workspace_1.17.0\greenhouseOS\build\Release\Middlewares\Third_Party\LwIP\src\netif\ppp\pppcrypt.o
LOAD C:\Users\AUTcomp\STM32CubeIDE\workspace_1.17.0\greenhouseOS\build\Release\Middlewares\Third_Party\LwIP\src\netif\ppp\pppoe.o
LOAD C:\Users\AUTcomp\STM32CubeIDE\workspace_1.17.0\greenhouseOS\build\Release\Middlewares\Third_Party\LwIP\src\netif\ppp\pppol2tp.o
LOAD C:\Users\AUTcomp\STM32CubeIDE\workspace_1.17.0\greenhouseOS\build\Release\Middlewares\Third_Party\LwIP\src\netif\ppp\pppos.o
LOAD C:\Users\AUTcomp\STM32CubeIDE\workspace_1.17.0\greenhouseOS\build\Release\Middlewares\Third_Party\LwIP\src\netif\ppp\upap.o
LOAD C:\Users\AUTcomp\STM32CubeIDE\workspace_1.17.0\greenhouseOS\build\Release\Middlewares\Third_Party\LwIP\src\netif\ppp\utils.o
LOAD C:\Users\AUTcomp\STM32CubeIDE\workspace_1.17.0\greenhouseOS\build\Release\Middlewares\Third_Party\LwIP\src\netif\ppp\vj.o
LOAD C:\Users\AUTcomp\STM32CubeIDE\workspace_1.17.0\greenhouseOS\build\Release\Middlewares\Third_Party\LwIP\system\OS\sys_arch.o
START GROUP
LOAD C:/Users/AUTcomp/arm_gnu_toolchain/bin/../lib/gcc/arm-none-eabi/15.2.1/../../../../arm-none-eabi/lib/thumb/v7e-m+fp/hard\libc_nano.a
LOAD C:/Users/AUTcomp/arm_gnu_toolchain/bin/../lib/gcc/arm-none-eabi/15.2.1/../../../../arm-none-eabi/lib/thumb/v7e-m+fp/hard\libm.a
END GROUP
START GROUP
LOAD C:/Users/AUTcomp/arm_gnu_toolchain/bin/../lib/gcc/arm-none-eabi/15.2.1/thumb/v7e-m+fp/hard\libgcc.a
LOAD C:/Users/AUTcomp/arm_gnu_toolchain/bin/../lib/gcc/arm-none-eabi/15.2.1/../../../../arm-none-eabi/lib/thumb/v7e-m+fp/hard\libc_nano.a
END GROUP
START GROUP
LOAD C:/Users/AUTcomp/arm_gnu_toolchain/bin/../lib/gcc/arm-none-eabi/15.2.1/thumb/v7e-m+fp/hard\libgcc.a
LOAD C:/Users/AUTcomp/arm_gnu_toolchain/bin/../lib/gcc/arm-none-eabi/15.2.1/../../../../arm-none-eabi/lib/thumb/v7e-m+fp/hard\libc_nano.a
LOAD C:/Users/AUTcomp/arm_gnu_toolchain/bin/../lib/gcc/arm-none-eabi/15.2.1/../../../../arm-none-eabi/lib/thumb/v7e-m+fp/hard\libnosys.a
END GROUP
START GROUP
LOAD C:/Users/AUTcomp/arm_gnu_toolchain/bin/../lib/gcc/arm-none-eabi/15.2.1/thumb/v7e-m+fp/hard\libgcc.a
LOAD C:/Users/AUTcomp/arm_gnu_toolchain/bin/../lib/gcc/arm-none-eabi/15.2.1/../../../../arm-none-eabi/lib/thumb/v7e-m+fp/hard\libc_nano.a
LOAD C:/Users/AUTcomp/arm_gnu_toolchain/bin/../lib/gcc/arm-none-eabi/15.2.1/../../../../arm-none-eabi/lib/thumb/v7e-m+fp/hard\libnosys.a
END GROUP
LOAD C:/Users/AUTcomp/arm_gnu_toolchain/bin/../lib/gcc/arm-none-eabi/15.2.1/thumb/v7e-m+fp/hard/crtend.o
LOAD C:/Users/AUTcomp/arm_gnu_toolchain/bin/../lib/gcc/arm-none-eabi/15.2.1/thumb/v7e-m+fp/hard/crtn.o
                0x20020000                        _estack = (ORIGIN (RAM) + LENGTH (RAM))
                0x00000200                        _Min_Heap_Size = 0x200
                0x00000400                        _Min_Stack_Size = 0x400

.isr_vector     0x08000000      0x188
                0x08000000                        . = ALIGN (0x4)
 *(.isr_vector)
 .isr_vector    0x08000000      0x188 C:\Users\AUTcomp\STM32CubeIDE\workspace_1.17.0\greenhouseOS\build\Release\Core\Startup\startup_stm32f407vetx.o
                0x08000000                g_pfnVectors
                0x08000188                        . = ALIGN (0x4)

.text           0x08000190    0x17ca4
                0x08000190                        . = ALIGN (0x4)
 *(.text)
 .text          0x08000190       0xa0 C:/Users/AUTcomp/arm_gnu_toolchain/bin/../lib/gcc/arm-none-eabi/15.2.1/../../../../arm-none-eabi/lib/thumb/v7e-m+fp/hard\libc_nano.a(libc_a-memchr.o)
                0x08000190                memchr
 .text          0x08000230       0x30 C:/Users/AUTcomp/arm_gnu_toolchain/bin/../lib/gcc/arm-none-eabi/15.2.1/thumb/v7e-m+fp/hard\libgcc.a(_aeabi_uldivmod.o)
                0x08000230                __aeabi_uldivmod
 .text          0x08000260        0x4 C:/Users/AUTcomp/arm_gnu_toolchain/bin/../lib/gcc/arm-none-eabi/15.2.1/thumb/v7e-m+fp/hard\libgcc.a(_dvmd_tls.o)
                0x08000260                __aeabi_idiv0
                0x08000260                __aeabi_ldiv0
 *(.text*)
 .text.deregister_tm_clones
                0x08000264       0x1c C:/Users/AUTcomp/arm_gnu_toolchain/bin/../lib/gcc/arm-none-eabi/15.2.1/thumb/v7e-m+fp/hard/crtbegin.o
 .text.register_tm_clones
                0x08000280       0x24 C:/Users/AUTcomp/arm_gnu_toolchain/bin/../lib/gcc/arm-none-eabi/15.2.1/thumb/v7e-m+fp/hard/crtbegin.o
 .text.__do_global_dtors_aux
                0x080002a4       0x28 C:/Users/AUTcomp/arm_gnu_toolchain/bin/../lib/gcc/arm-none-eabi/15.2.1/thumb/v7e-m+fp/hard/crtbegin.o
 .text.frame_dummy
                0x080002cc       0x24 C:/Users/AUTcomp/arm_gnu_toolchain/bin/../lib/gcc/arm-none-eabi/15.2.1/thumb/v7e-m+fp/hard/crtbegin.o
 .text.vTimerCallbackT35
                0x080002f0       0x5c C:\Users\AUTcomp\STM32CubeIDE\workspace_1.17.0\greenhouseOS\build\Release\Core\Src\Modbus.o
 .text.vTimerCallbackTimeout
                0x0800034c       0x3c C:\Users\AUTcomp\STM32CubeIDE\workspace_1.17.0\greenhouseOS\build\Release\Core\Src\Modbus.o
 .text.TCPinitserver.part.0
                0x08000388       0x50 C:\Users\AUTcomp\STM32CubeIDE\workspace_1.17.0\greenhouseOS\build\Release\Core\Src\Modbus.o
 .text.getRxBuffer
                0x080003d8       0xb8 C:\Users\AUTcomp\STM32CubeIDE\workspace_1.17.0\greenhouseOS\build\Release\Core\Src\Modbus.o
 .text.sendTxBuffer
                0x08000490      0x194 C:\Users\AUTcomp\STM32CubeIDE\workspace_1.17.0\greenhouseOS\build\Release\Core\Src\Modbus.o
 .text.StartTaskModbusSlave
                0x08000624      0x960 C:\Users\AUTcomp\STM32CubeIDE\workspace_1.17.0\greenhouseOS\build\Release\Core\Src\Modbus.o
                0x08000624                StartTaskModbusSlave
 .text.SendQuery.isra.0
                0x08000f84      0x190 C:\Users\AUTcomp\STM32CubeIDE\workspace_1.17.0\greenhouseOS\build\Release\Core\Src\Modbus.o
 .text.StartTaskModbusMaster
                0x08001114      0x3f0 C:\Users\AUTcomp\STM32CubeIDE\workspace_1.17.0\greenhouseOS\build\Release\Core\Src\Modbus.o
                0x08001114                StartTaskModbusMaster
 .text.RingAdd  0x08001504       0x20 C:\Users\AUTcomp\STM32CubeIDE\workspace_1.17.0\greenhouseOS\build\Release\Core\Src\Modbus.o
                0x08001504                RingAdd
 .text.ModbusInit
                0x08001524      0x1a8 C:\Users\AUTcomp\STM32CubeIDE\workspace_1.17.0\greenhouseOS\build\Release\Core\Src\Modbus.o
                0x08001524                ModbusInit
 .text.ModbusStart
                0x080016cc       0x90 C:\Users\AUTcomp\STM32CubeIDE\workspace_1.17.0\greenhouseOS\build\Release\Core\Src\Modbus.o
                0x080016cc                ModbusStart
 .text.HAL_UART_TxCpltCallback
                0x0800175c       0x68 C:\Users\AUTcomp\STM32CubeIDE\workspace_1.17.0\greenhouseOS\build\Release\Core\Src\UARTCallback.o
                0x0800175c                HAL_UART_TxCpltCallback
 .text.HAL_UART_RxCpltCallback
                0x080017c4       0xa0 C:\Users\AUTcomp\STM32CubeIDE\workspace_1.17.0\greenhouseOS\build\Release\Core\Src\UARTCallback.o
                0x080017c4                HAL_UART_RxCpltCallback
 .text.HAL_UART_ErrorCallback
                0x08001864        0x4 C:\Users\AUTcomp\STM32CubeIDE\workspace_1.17.0\greenhouseOS\build\Release\Core\Src\UARTCallback.o
                0x08001864                HAL_UART_ErrorCallback
 .text.topo_section_bounds
                0x08001868       0x38 C:\Users\AUTcomp\STM32CubeIDE\workspace_1.17.0\greenhouseOS\build\Release\Core\Src\gh_config_storage.o
 .text.topo_find_module_by_id
                0x080018a0       0x7c C:\Users\AUTcomp\STM32CubeIDE\workspace_1.17.0\greenhouseOS\build\Release\Core\Src\gh_config_storage.o
 .text.topo_flash_write_words
                0x0800191c       0x54 C:\Users\AUTcomp\STM32CubeIDE\workspace_1.17.0\greenhouseOS\build\Release\Core\Src\gh_config_storage.o
 .text.topology_write_payload
                0x08001970       0x90 C:\Users\AUTcomp\STM32CubeIDE\workspace_1.17.0\greenhouseOS\build\Release\Core\Src\gh_config_storage.o
 .text.cfg_write_slot_with_retries
                0x08001a00       0x74 C:\Users\AUTcomp\STM32CubeIDE\workspace_1.17.0\greenhouseOS\build\Release\Core\Src\gh_config_storage.o
 .text.runtime_lock
                0x08001a74       0x4c C:\Users\AUTcomp\STM32CubeIDE\workspace_1.17.0\greenhouseOS\build\Release\Core\Src\gh_config_storage.o
 .text.topology_write_slot_with_retries.constprop.0
                0x08001ac0       0x5c C:\Users\AUTcomp\STM32CubeIDE\workspace_1.17.0\greenhouseOS\build\Release\Core\Src\gh_config_storage.o
 .text.GH_TopologyRuntime_Clear.part.0
                0x08001b1c       0x70 C:\Users\AUTcomp\STM32CubeIDE\workspace_1.17.0\greenhouseOS\build\Release\Core\Src\gh_config_storage.o
 .text.GH_TopologyRuntime_Clear
                0x08001b8c       0x54 C:\Users\AUTcomp\STM32CubeIDE\workspace_1.17.0\greenhouseOS\build\Release\Core\Src\gh_config_storage.o
                0x08001b8c                GH_TopologyRuntime_Clear
 .text.GH_TopologyRuntime_CopyPollPlan
                0x08001be0       0xa0 C:\Users\AUTcomp\STM32CubeIDE\workspace_1.17.0\greenhouseOS\build\Release\Core\Src\gh_config_storage.o
                0x08001be0                GH_TopologyRuntime_CopyPollPlan
 .text.GH_TopologyRuntime_CopyPointBindings
                0x08001c80       0x90 C:\Users\AUTcomp\STM32CubeIDE\workspace_1.17.0\greenhouseOS\build\Release\Core\Src\gh_config_storage.o
                0x08001c80                GH_TopologyRuntime_CopyPointBindings
 .text.GH_TopologyRuntime_CopyCommandBindings
                0x08001d10       0x90 C:\Users\AUTcomp\STM32CubeIDE\workspace_1.17.0\greenhouseOS\build\Release\Core\Src\gh_config_storage.o
                0x08001d10                GH_TopologyRuntime_CopyCommandBindings
 .text.GH_TopologyV2_ValidatePayload
                0x08001da0      0x82c C:\Users\AUTcomp\STM32CubeIDE\workspace_1.17.0\greenhouseOS\build\Release\Core\Src\gh_config_storage.o
                0x08001da0                GH_TopologyV2_ValidatePayload
 .text.GH_TopologyRuntime_RebuildFromPayload
                0x080025cc      0x444 C:\Users\AUTcomp\STM32CubeIDE\workspace_1.17.0\greenhouseOS\build\Release\Core\Src\gh_config_storage.o
                0x080025cc                GH_TopologyRuntime_RebuildFromPayload
 .text.topology_slot_read.constprop.0
                0x08002a10       0x74 C:\Users\AUTcomp\STM32CubeIDE\workspace_1.17.0\greenhouseOS\build\Release\Core\Src\gh_config_storage.o
 .text.GH_TopologyV2_SyncRuntimeFromPayload
                0x08002a84       0xec C:\Users\AUTcomp\STM32CubeIDE\workspace_1.17.0\greenhouseOS\build\Release\Core\Src\gh_config_storage.o
                0x08002a84                GH_TopologyV2_SyncRuntimeFromPayload
 .text.GH_TopologyV2_SyncRuntimeFromConfig
                0x08002b70       0x6c C:\Users\AUTcomp\STM32CubeIDE\workspace_1.17.0\greenhouseOS\build\Release\Core\Src\gh_config_storage.o
                0x08002b70                GH_TopologyV2_SyncRuntimeFromConfig
 .text.GH_TopologyStorage_LoadActiveFromFlash
                0x08002bdc      0x15c C:\Users\AUTcomp\STM32CubeIDE\workspace_1.17.0\greenhouseOS\build\Release\Core\Src\gh_config_storage.o
                0x08002bdc                GH_TopologyStorage_LoadActiveFromFlash
 .text.GH_ConfigStorageTask_Run
                0x08002d38      0x558 C:\Users\AUTcomp\STM32CubeIDE\workspace_1.17.0\greenhouseOS\build\Release\Core\Src\gh_config_storage.o
                0x08002d38                GH_ConfigStorageTask_Run
 .text.gh_crc32_compute
                0x08003290       0xbc C:\Users\AUTcomp\STM32CubeIDE\workspace_1.17.0\greenhouseOS\build\Release\Core\Src\gh_crc32.o
                0x08003290                gh_crc32_compute
 .text.modbus_io_ensure_ready
                0x0800334c       0x6c C:\Users\AUTcomp\STM32CubeIDE\workspace_1.17.0\greenhouseOS\build\Release\Core\Src\gh_modbus_io.o
 .text.modbus_uart_tx_it
                0x080033b8       0xa0 C:\Users\AUTcomp\STM32CubeIDE\workspace_1.17.0\greenhouseOS\build\Release\Core\Src\gh_modbus_io.o
 .text.modbus_uart_rx_it
                0x08003458       0x58 C:\Users\AUTcomp\STM32CubeIDE\workspace_1.17.0\greenhouseOS\build\Release\Core\Src\gh_modbus_io.o
 .text.modbus_write_multiple_holding_registers_impl
                0x080034b0      0x2d0 C:\Users\AUTcomp\STM32CubeIDE\workspace_1.17.0\greenhouseOS\build\Release\Core\Src\gh_modbus_io.o
 .text.modbus_write_single_holding_register_impl
                0x08003780      0x274 C:\Users\AUTcomp\STM32CubeIDE\workspace_1.17.0\greenhouseOS\build\Release\Core\Src\gh_modbus_io.o
 .text.modbus_read_holding_registers_impl
                0x080039f4      0x2d8 C:\Users\AUTcomp\STM32CubeIDE\workspace_1.17.0\greenhouseOS\build\Release\Core\Src\gh_modbus_io.o
 .text.GH_ModbusIo_OnUartTxCplt
                0x08003ccc       0x3c C:\Users\AUTcomp\STM32CubeIDE\workspace_1.17.0\greenhouseOS\build\Release\Core\Src\gh_modbus_io.o
                0x08003ccc                GH_ModbusIo_OnUartTxCplt
 .text.GH_ModbusIo_OnUartRxCplt
                0x08003d08       0x3c C:\Users\AUTcomp\STM32CubeIDE\workspace_1.17.0\greenhouseOS\build\Release\Core\Src\gh_modbus_io.o
                0x08003d08                GH_ModbusIo_OnUartRxCplt
 .text.GH_ModbusIo_OnUartError
                0x08003d44       0x3c C:\Users\AUTcomp\STM32CubeIDE\workspace_1.17.0\greenhouseOS\build\Release\Core\Src\gh_modbus_io.o
                0x08003d44                GH_ModbusIo_OnUartError
 .text.modbus_read_holding_registers_timeout
                0x08003d80        0x4 C:\Users\AUTcomp\STM32CubeIDE\workspace_1.17.0\greenhouseOS\build\Release\Core\Src\gh_modbus_io.o
                0x08003d80                modbus_read_holding_registers_timeout
 .text.modbus_write_single_holding_register_timeout
                0x08003d84        0x4 C:\Users\AUTcomp\STM32CubeIDE\workspace_1.17.0\greenhouseOS\build\Release\Core\Src\gh_modbus_io.o
                0x08003d84                modbus_write_single_holding_register_timeout
 .text.modbus_write_multiple_holding_registers_timeout
                0x08003d88        0x4 C:\Users\AUTcomp\STM32CubeIDE\workspace_1.17.0\greenhouseOS\build\Release\Core\Src\gh_modbus_io.o
                0x08003d88                modbus_write_multiple_holding_registers_timeout
 .text.map_refresh_runtime_diag_nolock
                0x08003d8c      0x2e8 C:\Users\AUTcomp\STM32CubeIDE\workspace_1.17.0\greenhouseOS\build\Release\Core\Src\gh_modbus_map.o
 .text.topo_try_submit.isra.0
                0x08004074      0x168 C:\Users\AUTcomp\STM32CubeIDE\workspace_1.17.0\greenhouseOS\build\Release\Core\Src\gh_modbus_map.o
 .text.cfg_try_submit.isra.0
                0x080041dc      0x11c C:\Users\AUTcomp\STM32CubeIDE\workspace_1.17.0\greenhouseOS\build\Release\Core\Src\gh_modbus_map.o
 .text.map_lock
                0x080042f8       0x4c C:\Users\AUTcomp\STM32CubeIDE\workspace_1.17.0\greenhouseOS\build\Release\Core\Src\gh_modbus_map.o
 .text.GH_ModbusMap_ReportConfigResult
                0x08004344       0x88 C:\Users\AUTcomp\STM32CubeIDE\workspace_1.17.0\greenhouseOS\build\Release\Core\Src\gh_modbus_map.o
                0x08004344                GH_ModbusMap_ReportConfigResult
 .text.GH_ModbusMap_ReportTopologyResult
                0x080043cc       0x60 C:\Users\AUTcomp\STM32CubeIDE\workspace_1.17.0\greenhouseOS\build\Release\Core\Src\gh_modbus_map.o
                0x080043cc                GH_ModbusMap_ReportTopologyResult
 .text.GH_ModbusMap_Init
                0x0800442c       0xd8 C:\Users\AUTcomp\STM32CubeIDE\workspace_1.17.0\greenhouseOS\build\Release\Core\Src\gh_modbus_map.o
                0x0800442c                GH_ModbusMap_Init
 .text.GH_ModbusMap_UpdateAges
                0x08004504       0xbc C:\Users\AUTcomp\STM32CubeIDE\workspace_1.17.0\greenhouseOS\build\Release\Core\Src\gh_modbus_map.o
                0x08004504                GH_ModbusMap_UpdateAges
 .text.GH_ModbusMap_ReadRange
                0x080045c0       0x68 C:\Users\AUTcomp\STM32CubeIDE\workspace_1.17.0\greenhouseOS\build\Release\Core\Src\gh_modbus_map.o
                0x080045c0                GH_ModbusMap_ReadRange
 .text.GH_ModbusMap_WriteSingle
                0x08004628       0xac C:\Users\AUTcomp\STM32CubeIDE\workspace_1.17.0\greenhouseOS\build\Release\Core\Src\gh_modbus_map.o
                0x08004628                GH_ModbusMap_WriteSingle
 .text.GH_ModbusMap_WriteRange
                0x080046d4       0xb0 C:\Users\AUTcomp\STM32CubeIDE\workspace_1.17.0\greenhouseOS\build\Release\Core\Src\gh_modbus_map.o
                0x080046d4                GH_ModbusMap_WriteRange
 .text.GH_ModbusMap_UpdateTelemetry
                0x08004784       0x74 C:\Users\AUTcomp\STM32CubeIDE\workspace_1.17.0\greenhouseOS\build\Release\Core\Src\gh_modbus_map.o
                0x08004784                GH_ModbusMap_UpdateTelemetry
 .text.GH_ModbusMap_ReportTimeout
                0x080047f8       0x74 C:\Users\AUTcomp\STM32CubeIDE\workspace_1.17.0\greenhouseOS\build\Release\Core\Src\gh_modbus_map.o
                0x080047f8                GH_ModbusMap_ReportTimeout
 .text.GH_ModbusMap_UpdateDiag
                0x0800486c       0x58 C:\Users\AUTcomp\STM32CubeIDE\workspace_1.17.0\greenhouseOS\build\Release\Core\Src\gh_modbus_map.o
                0x0800486c                GH_ModbusMap_UpdateDiag
 .text.GH_ModbusMap_GetApplyRequest
                0x080048c4       0xb4 C:\Users\AUTcomp\STM32CubeIDE\workspace_1.17.0\greenhouseOS\build\Release\Core\Src\gh_modbus_map.o
                0x080048c4                GH_ModbusMap_GetApplyRequest
 .text.GH_ModbusMap_MarkApplyResult
                0x08004978       0x50 C:\Users\AUTcomp\STM32CubeIDE\workspace_1.17.0\greenhouseOS\build\Release\Core\Src\gh_modbus_map.o
                0x08004978                GH_ModbusMap_MarkApplyResult
 .text.GH_ModbusMap_GetBackingStore
                0x080049c8        0x8 C:\Users\AUTcomp\STM32CubeIDE\workspace_1.17.0\greenhouseOS\build\Release\Core\Src\gh_modbus_map.o
                0x080049c8                GH_ModbusMap_GetBackingStore
 .text.GH_ModbusMap_GetBackingStoreSize
                0x080049d0        0x8 C:\Users\AUTcomp\STM32CubeIDE\workspace_1.17.0\greenhouseOS\build\Release\Core\Src\gh_modbus_map.o
                0x080049d0                GH_ModbusMap_GetBackingStoreSize
 .text.gh_modbus_write_single_retry
                0x080049d8       0x5c C:\Users\AUTcomp\STM32CubeIDE\workspace_1.17.0\greenhouseOS\build\Release\Core\Src\gh_modbus_master.o
 .text.gh_apply_request_for_slave
                0x08004a34      0x290 C:\Users\AUTcomp\STM32CubeIDE\workspace_1.17.0\greenhouseOS\build\Release\Core\Src\gh_modbus_master.o
 .text.GH_ModbusMasterTask_Run
                0x08004cc4      0x8b0 C:\Users\AUTcomp\STM32CubeIDE\workspace_1.17.0\greenhouseOS\build\Release\Core\Src\gh_modbus_master.o
                0x08004cc4                GH_ModbusMasterTask_Run
 .text.GH_ModbusTcpServerTask_Run
                0x08005574      0x184 C:\Users\AUTcomp\STM32CubeIDE\workspace_1.17.0\greenhouseOS\build\Release\Core\Src\gh_modbus_tcp_server.o
                0x08005574                GH_ModbusTcpServerTask_Run
 .text.flash_write_words
                0x080056f8       0x28 C:\Users\AUTcomp\STM32CubeIDE\workspace_1.17.0\greenhouseOS\build\Release\Core\Src\main.o
 .text.store_reset_reason
                0x08005720       0x54 C:\Users\AUTcomp\STM32CubeIDE\workspace_1.17.0\greenhouseOS\build\Release\Core\Src\main.o
 .text.persist_diag_increment
                0x08005774       0x24 C:\Users\AUTcomp\STM32CubeIDE\workspace_1.17.0\greenhouseOS\build\Release\Core\Src\main.o
 .text.config_slot_read
                0x08005798       0x50 C:\Users\AUTcomp\STM32CubeIDE\workspace_1.17.0\greenhouseOS\build\Release\Core\Src\main.o
 .text.config_load_or_default
                0x080057e8       0x8c C:\Users\AUTcomp\STM32CubeIDE\workspace_1.17.0\greenhouseOS\build\Release\Core\Src\main.o
 .text.StartModbusMasterTask
                0x08005874        0x4 C:\Users\AUTcomp\STM32CubeIDE\workspace_1.17.0\greenhouseOS\build\Release\Core\Src\main.o
                0x08005874                StartModbusMasterTask
 .text.StartModbusTcpServerTask
                0x08005878        0x4 C:\Users\AUTcomp\STM32CubeIDE\workspace_1.17.0\greenhouseOS\build\Release\Core\Src\main.o
                0x08005878                StartModbusTcpServerTask
 .text.StartConfigStorageTask
                0x0800587c        0x4 C:\Users\AUTcomp\STM32CubeIDE\workspace_1.17.0\greenhouseOS\build\Release\Core\Src\main.o
                0x0800587c                StartConfigStorageTask
 .text.StartDefaultTask
                0x08005880       0x10 C:\Users\AUTcomp\STM32CubeIDE\workspace_1.17.0\greenhouseOS\build\Release\Core\Src\main.o
                0x08005880                StartDefaultTask
 .text.StartControlTask
                0x08005890       0xbc C:\Users\AUTcomp\STM32CubeIDE\workspace_1.17.0\greenhouseOS\build\Release\Core\Src\main.o
                0x08005890                StartControlTask
 .text.StartHealthWatchdogTask
                0x0800594c      0x1e0 C:\Users\AUTcomp\STM32CubeIDE\workspace_1.17.0\greenhouseOS\build\Release\Core\Src\main.o
                0x0800594c                StartHealthWatchdogTask
 .text.task_heartbeat_kick
                0x08005b2c       0x68 C:\Users\AUTcomp\STM32CubeIDE\workspace_1.17.0\greenhouseOS\build\Release\Core\Src\main.o
                0x08005b2c                task_heartbeat_kick
 *fill*         0x08005b94        0x4 
 .text.config_write_to_slot
                0x08005b98       0xa4 C:\Users\AUTcomp\STM32CubeIDE\workspace_1.17.0\greenhouseOS\build\Release\Core\Src\main.o
                0x08005b98                config_write_to_slot
 .text.publish_event
                0x08005c3c       0x3c C:\Users\AUTcomp\STM32CubeIDE\workspace_1.17.0\greenhouseOS\build\Release\Core\Src\main.o
                0x08005c3c                publish_event
 .text.HAL_TIM_PeriodElapsedCallback
                0x08005c78       0x14 C:\Users\AUTcomp\STM32CubeIDE\workspace_1.17.0\greenhouseOS\build\Release\Core\Src\main.o
                0x08005c78                HAL_TIM_PeriodElapsedCallback
 .text.Error_Handler
                0x08005c8c       0x30 C:\Users\AUTcomp\STM32CubeIDE\workspace_1.17.0\greenhouseOS\build\Release\Core\Src\main.o
                0x08005c8c                Error_Handler
 .text.SystemClock_Config
                0x08005cbc       0x90 C:\Users\AUTcomp\STM32CubeIDE\workspace_1.17.0\greenhouseOS\build\Release\Core\Src\main.o
                0x08005cbc                SystemClock_Config
 .text.startup.main
                0x08005d4c      0x3f0 C:\Users\AUTcomp\STM32CubeIDE\workspace_1.17.0\greenhouseOS\build\Release\Core\Src\main.o
                0x08005d4c                main
 .text.HAL_MspInit
                0x0800613c       0x40 C:\Users\AUTcomp\STM32CubeIDE\workspace_1.17.0\greenhouseOS\build\Release\Core\Src\stm32f4xx_hal_msp.o
                0x0800613c                HAL_MspInit
 .text.HAL_RTC_MspInit
                0x0800617c       0x44 C:\Users\AUTcomp\STM32CubeIDE\workspace_1.17.0\greenhouseOS\build\Release\Core\Src\stm32f4xx_hal_msp.o
                0x0800617c                HAL_RTC_MspInit
 .text.HAL_UART_MspInit
                0x080061c0       0x88 C:\Users\AUTcomp\STM32CubeIDE\workspace_1.17.0\greenhouseOS\build\Release\Core\Src\stm32f4xx_hal_msp.o
                0x080061c0                HAL_UART_MspInit
 .text.HAL_InitTick
                0x08006248       0x98 C:\Users\AUTcomp\STM32CubeIDE\workspace_1.17.0\greenhouseOS\build\Release\Core\Src\stm32f4xx_hal_timebase_tim.o
                0x08006248                HAL_InitTick
 .text.__NVIC_SystemReset
                0x080062e0       0x24 C:\Users\AUTcomp\STM32CubeIDE\workspace_1.17.0\greenhouseOS\build\Release\Core\Src\stm32f4xx_it.o
 .text.gh_store_fault_reset_reason
                0x08006304       0x5c C:\Users\AUTcomp\STM32CubeIDE\workspace_1.17.0\greenhouseOS\build\Release\Core\Src\stm32f4xx_it.o
 .text.NMI_Handler
                0x08006360       0x10 C:\Users\AUTcomp\STM32CubeIDE\workspace_1.17.0\greenhouseOS\build\Release\Core\Src\stm32f4xx_it.o
                0x08006360                NMI_Handler
 .text.HardFault_Handler
                0x08006370       0x10 C:\Users\AUTcomp\STM32CubeIDE\workspace_1.17.0\greenhouseOS\build\Release\Core\Src\stm32f4xx_it.o
                0x08006370                HardFault_Handler
 .text.MemManage_Handler
                0x08006380       0x10 C:\Users\AUTcomp\STM32CubeIDE\workspace_1.17.0\greenhouseOS\build\Release\Core\Src\stm32f4xx_it.o
                0x08006380                MemManage_Handler
 .text.BusFault_Handler
                0x08006390       0x10 C:\Users\AUTcomp\STM32CubeIDE\workspace_1.17.0\greenhouseOS\build\Release\Core\Src\stm32f4xx_it.o
                0x08006390                BusFault_Handler
 .text.UsageFault_Handler
                0x080063a0       0x10 C:\Users\AUTcomp\STM32CubeIDE\workspace_1.17.0\greenhouseOS\build\Release\Core\Src\stm32f4xx_it.o
                0x080063a0                UsageFault_Handler
 .text.DebugMon_Handler
                0x080063b0        0x4 C:\Users\AUTcomp\STM32CubeIDE\workspace_1.17.0\greenhouseOS\build\Release\Core\Src\stm32f4xx_it.o
                0x080063b0                DebugMon_Handler
 .text.TIM1_UP_TIM10_IRQHandler
                0x080063b4        0xc C:\Users\AUTcomp\STM32CubeIDE\workspace_1.17.0\greenhouseOS\build\Release\Core\Src\stm32f4xx_it.o
                0x080063b4                TIM1_UP_TIM10_IRQHandler
 .text.USART2_IRQHandler
                0x080063c0        0xc C:\Users\AUTcomp\STM32CubeIDE\workspace_1.17.0\greenhouseOS\build\Release\Core\Src\stm32f4xx_it.o
                0x080063c0                USART2_IRQHandler
 .text.ETH_IRQHandler
                0x080063cc        0xc C:\Users\AUTcomp\STM32CubeIDE\workspace_1.17.0\greenhouseOS\build\Release\Core\Src\stm32f4xx_it.o
                0x080063cc                ETH_IRQHandler
 .text._getpid  0x080063d8        0x4 C:\Users\AUTcomp\STM32CubeIDE\workspace_1.17.0\greenhouseOS\build\Release\Core\Src\syscalls.o
                0x080063d8                _getpid
 .text._kill    0x080063dc       0x10 C:\Users\AUTcomp\STM32CubeIDE\workspace_1.17.0\greenhouseOS\build\Release\Core\Src\syscalls.o
                0x080063dc                _kill
 .text._exit    0x080063ec       0x2c C:\Users\AUTcomp\STM32CubeIDE\workspace_1.17.0\greenhouseOS\build\Release\Core\Src\syscalls.o
                0x080063ec                _exit
 .text._read    0x08006418       0x1c C:\Users\AUTcomp\STM32CubeIDE\workspace_1.17.0\greenhouseOS\build\Release\Core\Src\syscalls.o
                0x08006418                _read
 .text._write   0x08006434       0x1c C:\Users\AUTcomp\STM32CubeIDE\workspace_1.17.0\greenhouseOS\build\Release\Core\Src\syscalls.o
                0x08006434                _write
 .text._close   0x08006450        0x8 C:\Users\AUTcomp\STM32CubeIDE\workspace_1.17.0\greenhouseOS\build\Release\Core\Src\syscalls.o
                0x08006450                _close
 .text._fstat   0x08006458        0xc C:\Users\AUTcomp\STM32CubeIDE\workspace_1.17.0\greenhouseOS\build\Release\Core\Src\syscalls.o
                0x08006458                _fstat
 .text._isatty  0x08006464        0x4 C:\Users\AUTcomp\STM32CubeIDE\workspace_1.17.0\greenhouseOS\build\Release\Core\Src\syscalls.o
                0x08006464                _isatty
 .text._lseek   0x08006468        0x4 C:\Users\AUTcomp\STM32CubeIDE\workspace_1.17.0\greenhouseOS\build\Release\Core\Src\syscalls.o
                0x08006468                _lseek
 .text._sbrk    0x0800646c       0x44 C:\Users\AUTcomp\STM32CubeIDE\workspace_1.17.0\greenhouseOS\build\Release\Core\Src\sysmem.o
                0x0800646c                _sbrk
 .text.SystemInit
                0x080064b0       0x14 C:\Users\AUTcomp\STM32CubeIDE\workspace_1.17.0\greenhouseOS\build\Release\Core\Src\system_stm32f4xx.o
                0x080064b0                SystemInit
 .text.Reset_Handler
                0x080064c4       0x50 C:\Users\AUTcomp\STM32CubeIDE\workspace_1.17.0\greenhouseOS\build\Release\Core\Startup\startup_stm32f407vetx.o
                0x080064c4                Reset_Handler
 .text.Default_Handler
                0x08006514        0x2 C:\Users\AUTcomp\STM32CubeIDE\workspace_1.17.0\greenhouseOS\build\Release\Core\Startup\startup_stm32f407vetx.o
                0x08006514                RTC_Alarm_IRQHandler
                0x08006514                HASH_RNG_IRQHandler
                0x08006514                EXTI2_IRQHandler
                0x08006514                TIM8_CC_IRQHandler
                0x08006514                TIM1_CC_IRQHandler
                0x08006514                DMA2_Stream5_IRQHandler
                0x08006514                DMA1_Stream5_IRQHandler
                0x08006514                PVD_IRQHandler
                0x08006514                SDIO_IRQHandler
                0x08006514                TAMP_STAMP_IRQHandler
                0x08006514                CAN2_RX1_IRQHandler
                0x08006514                EXTI3_IRQHandler
                0x08006514                TIM8_TRG_COM_TIM14_IRQHandler
                0x08006514                TIM8_UP_TIM13_IRQHandler
                0x08006514                I2C3_ER_IRQHandler
                0x08006514                EXTI0_IRQHandler
                0x08006514                I2C2_EV_IRQHandler
                0x08006514                DMA1_Stream2_IRQHandler
                0x08006514                CAN1_RX0_IRQHandler
                0x08006514                FPU_IRQHandler
                0x08006514                OTG_HS_WKUP_IRQHandler
                0x08006514                CAN2_SCE_IRQHandler
                0x08006514                DMA2_Stream2_IRQHandler
                0x08006514                SPI1_IRQHandler
                0x08006514                TIM6_DAC_IRQHandler
                0x08006514                TIM1_BRK_TIM9_IRQHandler
                0x08006514                DCMI_IRQHandler
                0x08006514                CAN2_RX0_IRQHandler
                0x08006514                DMA2_Stream3_IRQHandler
                0x08006514                USART6_IRQHandler
                0x08006514                USART3_IRQHandler
                0x08006514                CAN1_RX1_IRQHandler
                0x08006514                UART5_IRQHandler
                0x08006514                DMA2_Stream0_IRQHandler
                0x08006514                TIM4_IRQHandler
                0x08006514                I2C1_EV_IRQHandler
                0x08006514                DMA1_Stream6_IRQHandler
                0x08006514                DMA1_Stream1_IRQHandler
                0x08006514                UART4_IRQHandler
                0x08006514                TIM3_IRQHandler
                0x08006514                RCC_IRQHandler
                0x08006514                TIM8_BRK_TIM12_IRQHandler
                0x08006514                Default_Handler
                0x08006514                EXTI15_10_IRQHandler
                0x08006514                ADC_IRQHandler
                0x08006514                DMA1_Stream7_IRQHandler
                0x08006514                TIM7_IRQHandler
                0x08006514                CAN2_TX_IRQHandler
                0x08006514                TIM5_IRQHandler
                0x08006514                DMA2_Stream7_IRQHandler
                0x08006514                I2C3_EV_IRQHandler
                0x08006514                EXTI9_5_IRQHandler
                0x08006514                RTC_WKUP_IRQHandler
                0x08006514                ETH_WKUP_IRQHandler
                0x08006514                SPI2_IRQHandler
                0x08006514                OTG_HS_EP1_IN_IRQHandler
                0x08006514                DMA1_Stream0_IRQHandler
                0x08006514                CAN1_TX_IRQHandler
                0x08006514                EXTI4_IRQHandler
                0x08006514                FSMC_IRQHandler
                0x08006514                OTG_HS_EP1_OUT_IRQHandler
                0x08006514                WWDG_IRQHandler
                0x08006514                TIM2_IRQHandler
                0x08006514                OTG_FS_WKUP_IRQHandler
                0x08006514                TIM1_TRG_COM_TIM11_IRQHandler
                0x08006514                OTG_HS_IRQHandler
                0x08006514                EXTI1_IRQHandler
                0x08006514                I2C2_ER_IRQHandler
                0x08006514                DMA2_Stream1_IRQHandler
                0x08006514                CAN1_SCE_IRQHandler
                0x08006514                FLASH_IRQHandler
                0x08006514                DMA2_Stream4_IRQHandler
                0x08006514                USART1_IRQHandler
                0x08006514                OTG_FS_IRQHandler
                0x08006514                SPI3_IRQHandler
                0x08006514                DMA1_Stream4_IRQHandler
                0x08006514                I2C1_ER_IRQHandler
                0x08006514                DMA2_Stream6_IRQHandler
                0x08006514                DMA1_Stream3_IRQHandler
 *fill*         0x08006516        0x2 
 .text.HAL_Init
                0x08006518       0x34 C:\Users\AUTcomp\STM32CubeIDE\workspace_1.17.0\greenhouseOS\build\Release\Drivers\STM32F4xx_HAL_Driver\Src\stm32f4xx_hal.o
                0x08006518                HAL_Init
 .text.HAL_IncTick
                0x0800654c       0x18 C:\Users\AUTcomp\STM32CubeIDE\workspace_1.17.0\greenhouseOS\build\Release\Drivers\STM32F4xx_HAL_Driver\Src\stm32f4xx_hal.o
                0x0800654c                HAL_IncTick
 .text.HAL_GetTick
                0x08006564        0xc C:\Users\AUTcomp\STM32CubeIDE\workspace_1.17.0\greenhouseOS\build\Release\Drivers\STM32F4xx_HAL_Driver\Src\stm32f4xx_hal.o
                0x08006564                HAL_GetTick
 .text.HAL_Delay
                0x08006570       0x24 C:\Users\AUTcomp\STM32CubeIDE\workspace_1.17.0\greenhouseOS\build\Release\Drivers\STM32F4xx_HAL_Driver\Src\stm32f4xx_hal.o
                0x08006570                HAL_Delay
 .text.HAL_GetUIDw0
                0x08006594        0xc C:\Users\AUTcomp\STM32CubeIDE\workspace_1.17.0\greenhouseOS\build\Release\Drivers\STM32F4xx_HAL_Driver\Src\stm32f4xx_hal.o
                0x08006594                HAL_GetUIDw0
 .text.HAL_GetUIDw1
                0x080065a0        0xc C:\Users\AUTcomp\STM32CubeIDE\workspace_1.17.0\greenhouseOS\build\Release\Drivers\STM32F4xx_HAL_Driver\Src\stm32f4xx_hal.o
                0x080065a0                HAL_GetUIDw1
 .text.HAL_GetUIDw2
                0x080065ac        0xc C:\Users\AUTcomp\STM32CubeIDE\workspace_1.17.0\greenhouseOS\build\Release\Drivers\STM32F4xx_HAL_Driver\Src\stm32f4xx_hal.o
                0x080065ac                HAL_GetUIDw2
 .text.HAL_NVIC_SetPriorityGrouping
                0x080065b8       0x24 C:\Users\AUTcomp\STM32CubeIDE\workspace_1.17.0\greenhouseOS\build\Release\Drivers\STM32F4xx_HAL_Driver\Src\stm32f4xx_hal_cortex.o
                0x080065b8                HAL_NVIC_SetPriorityGrouping
 .text.HAL_NVIC_SetPriority
                0x080065dc       0x64 C:\Users\AUTcomp\STM32CubeIDE\workspace_1.17.0\greenhouseOS\build\Release\Drivers\STM32F4xx_HAL_Driver\Src\stm32f4xx_hal_cortex.o
                0x080065dc                HAL_NVIC_SetPriority
 .text.HAL_NVIC_EnableIRQ
                0x08006640       0x1c C:\Users\AUTcomp\STM32CubeIDE\workspace_1.17.0\greenhouseOS\build\Release\Drivers\STM32F4xx_HAL_Driver\Src\stm32f4xx_hal_cortex.o
                0x08006640                HAL_NVIC_EnableIRQ
 .text.HAL_DMA_Abort
                0x0800665c       0x94 C:\Users\AUTcomp\STM32CubeIDE\workspace_1.17.0\greenhouseOS\build\Release\Drivers\STM32F4xx_HAL_Driver\Src\stm32f4xx_hal_dma.o
                0x0800665c                HAL_DMA_Abort
 .text.HAL_DMA_Abort_IT
                0x080066f0       0x24 C:\Users\AUTcomp\STM32CubeIDE\workspace_1.17.0\greenhouseOS\build\Release\Drivers\STM32F4xx_HAL_Driver\Src\stm32f4xx_hal_dma.o
                0x080066f0                HAL_DMA_Abort_IT
 .text.HAL_DMA_GetError
                0x08006714        0x4 C:\Users\AUTcomp\STM32CubeIDE\workspace_1.17.0\greenhouseOS\build\Release\Drivers\STM32F4xx_HAL_Driver\Src\stm32f4xx_hal_dma.o
                0x08006714                HAL_DMA_GetError
 .text.ETH_Prepare_Tx_Descriptors
                0x08006718      0x18c C:\Users\AUTcomp\STM32CubeIDE\workspace_1.17.0\greenhouseOS\build\Release\Drivers\STM32F4xx_HAL_Driver\Src\stm32f4xx_hal_eth.o
 .text.ETH_SetMACConfig
                0x080068a4      0x100 C:\Users\AUTcomp\STM32CubeIDE\workspace_1.17.0\greenhouseOS\build\Release\Drivers\STM32F4xx_HAL_Driver\Src\stm32f4xx_hal_eth.o
 .text.ETH_SetDMAConfig
                0x080069a4       0xa8 C:\Users\AUTcomp\STM32CubeIDE\workspace_1.17.0\greenhouseOS\build\Release\Drivers\STM32F4xx_HAL_Driver\Src\stm32f4xx_hal_eth.o
 .text.ETH_UpdateDescriptor
                0x08006a4c       0xa0 C:\Users\AUTcomp\STM32CubeIDE\workspace_1.17.0\greenhouseOS\build\Release\Drivers\STM32F4xx_HAL_Driver\Src\stm32f4xx_hal_eth.o
 .text.HAL_ETH_Init
                0x08006aec      0x24c C:\Users\AUTcomp\STM32CubeIDE\workspace_1.17.0\greenhouseOS\build\Release\Drivers\STM32F4xx_HAL_Driver\Src\stm32f4xx_hal_eth.o
                0x08006aec                HAL_ETH_Init
 .text.HAL_ETH_Start_IT
                0x08006d38       0xb0 C:\Users\AUTcomp\STM32CubeIDE\workspace_1.17.0\greenhouseOS\build\Release\Drivers\STM32F4xx_HAL_Driver\Src\stm32f4xx_hal_eth.o
                0x08006d38                HAL_ETH_Start_IT
 .text.HAL_ETH_Stop_IT
                0x08006de8       0xbc C:\Users\AUTcomp\STM32CubeIDE\workspace_1.17.0\greenhouseOS\build\Release\Drivers\STM32F4xx_HAL_Driver\Src\stm32f4xx_hal_eth.o
                0x08006de8                HAL_ETH_Stop_IT
 .text.HAL_ETH_Transmit_IT
                0x08006ea4       0x70 C:\Users\AUTcomp\STM32CubeIDE\workspace_1.17.0\greenhouseOS\build\Release\Drivers\STM32F4xx_HAL_Driver\Src\stm32f4xx_hal_eth.o
                0x08006ea4                HAL_ETH_Transmit_IT
 .text.HAL_ETH_ReadData
                0x08006f14      0x124 C:\Users\AUTcomp\STM32CubeIDE\workspace_1.17.0\greenhouseOS\build\Release\Drivers\STM32F4xx_HAL_Driver\Src\stm32f4xx_hal_eth.o
                0x08006f14                HAL_ETH_ReadData
 .text.HAL_ETH_ReleaseTxPacket
                0x08007038       0x64 C:\Users\AUTcomp\STM32CubeIDE\workspace_1.17.0\greenhouseOS\build\Release\Drivers\STM32F4xx_HAL_Driver\Src\stm32f4xx_hal_eth.o
                0x08007038                HAL_ETH_ReleaseTxPacket
 .text.HAL_ETH_PMTCallback
                0x0800709c        0x4 C:\Users\AUTcomp\STM32CubeIDE\workspace_1.17.0\greenhouseOS\build\Release\Drivers\STM32F4xx_HAL_Driver\Src\stm32f4xx_hal_eth.o
                0x0800709c                HAL_ETH_PMTCallback
 .text.HAL_ETH_WakeUpCallback
                0x080070a0        0x4 C:\Users\AUTcomp\STM32CubeIDE\workspace_1.17.0\greenhouseOS\build\Release\Drivers\STM32F4xx_HAL_Driver\Src\stm32f4xx_hal_eth.o
                0x080070a0                HAL_ETH_WakeUpCallback
 .text.HAL_ETH_IRQHandler
                0x080070a4       0xfc C:\Users\AUTcomp\STM32CubeIDE\workspace_1.17.0\greenhouseOS\build\Release\Drivers\STM32F4xx_HAL_Driver\Src\stm32f4xx_hal_eth.o
                0x080070a4                HAL_ETH_IRQHandler
 .text.HAL_ETH_ReadPHYRegister
                0x080071a0       0x4c C:\Users\AUTcomp\STM32CubeIDE\workspace_1.17.0\greenhouseOS\build\Release\Drivers\STM32F4xx_HAL_Driver\Src\stm32f4xx_hal_eth.o
                0x080071a0                HAL_ETH_ReadPHYRegister
 .text.HAL_ETH_WritePHYRegister
                0x080071ec       0x48 C:\Users\AUTcomp\STM32CubeIDE\workspace_1.17.0\greenhouseOS\build\Release\Drivers\STM32F4xx_HAL_Driver\Src\stm32f4xx_hal_eth.o
                0x080071ec                HAL_ETH_WritePHYRegister
 .text.HAL_ETH_GetMACConfig
                0x08007234       0xdc C:\Users\AUTcomp\STM32CubeIDE\workspace_1.17.0\greenhouseOS\build\Release\Drivers\STM32F4xx_HAL_Driver\Src\stm32f4xx_hal_eth.o
                0x08007234                HAL_ETH_GetMACConfig
 .text.HAL_ETH_SetMACConfig
                0x08007310       0x1c C:\Users\AUTcomp\STM32CubeIDE\workspace_1.17.0\greenhouseOS\build\Release\Drivers\STM32F4xx_HAL_Driver\Src\stm32f4xx_hal_eth.o
                0x08007310                HAL_ETH_SetMACConfig
 .text.HAL_ETH_SetMDIOClockRange
                0x0800732c       0x5c C:\Users\AUTcomp\STM32CubeIDE\workspace_1.17.0\greenhouseOS\build\Release\Drivers\STM32F4xx_HAL_Driver\Src\stm32f4xx_hal_eth.o
                0x0800732c                HAL_ETH_SetMDIOClockRange
 .text.HAL_ETH_GetError
                0x08007388        0x8 C:\Users\AUTcomp\STM32CubeIDE\workspace_1.17.0\greenhouseOS\build\Release\Drivers\STM32F4xx_HAL_Driver\Src\stm32f4xx_hal_eth.o
                0x08007388                HAL_ETH_GetError
 .text.HAL_ETH_GetDMAError
                0x08007390        0x8 C:\Users\AUTcomp\STM32CubeIDE\workspace_1.17.0\greenhouseOS\build\Release\Drivers\STM32F4xx_HAL_Driver\Src\stm32f4xx_hal_eth.o
                0x08007390                HAL_ETH_GetDMAError
 .text.FLASH_SetErrorCode
                0x08007398       0x78 C:\Users\AUTcomp\STM32CubeIDE\workspace_1.17.0\greenhouseOS\build\Release\Drivers\STM32F4xx_HAL_Driver\Src\stm32f4xx_hal_flash.o
 .text.HAL_FLASH_Unlock
                0x08007410       0x28 C:\Users\AUTcomp\STM32CubeIDE\workspace_1.17.0\greenhouseOS\build\Release\Drivers\STM32F4xx_HAL_Driver\Src\stm32f4xx_hal_flash.o
                0x08007410                HAL_FLASH_Unlock
 .text.HAL_FLASH_Lock
                0x08007438       0x14 C:\Users\AUTcomp\STM32CubeIDE\workspace_1.17.0\greenhouseOS\build\Release\Drivers\STM32F4xx_HAL_Driver\Src\stm32f4xx_hal_flash.o
                0x08007438                HAL_FLASH_Lock
 .text.FLASH_WaitForLastOperation
                0x0800744c       0x6c C:\Users\AUTcomp\STM32CubeIDE\workspace_1.17.0\greenhouseOS\build\Release\Drivers\STM32F4xx_HAL_Driver\Src\stm32f4xx_hal_flash.o
                0x0800744c                FLASH_WaitForLastOperation
 .text.HAL_FLASH_Program
                0x080074b8       0xc0 C:\Users\AUTcomp\STM32CubeIDE\workspace_1.17.0\greenhouseOS\build\Release\Drivers\STM32F4xx_HAL_Driver\Src\stm32f4xx_hal_flash.o
                0x080074b8                HAL_FLASH_Program
 .text.FLASH_Erase_Sector
                0x08007578       0x3c C:\Users\AUTcomp\STM32CubeIDE\workspace_1.17.0\greenhouseOS\build\Release\Drivers\STM32F4xx_HAL_Driver\Src\stm32f4xx_hal_flash_ex.o
                0x08007578                FLASH_Erase_Sector
 .text.FLASH_FlushCaches
                0x080075b4       0x58 C:\Users\AUTcomp\STM32CubeIDE\workspace_1.17.0\greenhouseOS\build\Release\Drivers\STM32F4xx_HAL_Driver\Src\stm32f4xx_hal_flash_ex.o
                0x080075b4                FLASH_FlushCaches
 .text.HAL_FLASHEx_Erase
                0x0800760c       0xc4 C:\Users\AUTcomp\STM32CubeIDE\workspace_1.17.0\greenhouseOS\build\Release\Drivers\STM32F4xx_HAL_Driver\Src\stm32f4xx_hal_flash_ex.o
                0x0800760c                HAL_FLASHEx_Erase
 .text.HAL_GPIO_Init
                0x080076d0      0x20c C:\Users\AUTcomp\STM32CubeIDE\workspace_1.17.0\greenhouseOS\build\Release\Drivers\STM32F4xx_HAL_Driver\Src\stm32f4xx_hal_gpio.o
                0x080076d0                HAL_GPIO_Init
 .text.HAL_GPIO_WritePin
                0x080078dc        0x8 C:\Users\AUTcomp\STM32CubeIDE\workspace_1.17.0\greenhouseOS\build\Release\Drivers\STM32F4xx_HAL_Driver\Src\stm32f4xx_hal_gpio.o
                0x080078dc                HAL_GPIO_WritePin
 .text.HAL_PWR_EnableBkUpAccess
                0x080078e4       0x1c C:\Users\AUTcomp\STM32CubeIDE\workspace_1.17.0\greenhouseOS\build\Release\Drivers\STM32F4xx_HAL_Driver\Src\stm32f4xx_hal_pwr.o
                0x080078e4                HAL_PWR_EnableBkUpAccess
 .text.HAL_RCC_OscConfig
                0x08007900      0x3d4 C:\Users\AUTcomp\STM32CubeIDE\workspace_1.17.0\greenhouseOS\build\Release\Drivers\STM32F4xx_HAL_Driver\Src\stm32f4xx_hal_rcc.o
                0x08007900                HAL_RCC_OscConfig
 .text.HAL_RCC_GetSysClockFreq
                0x08007cd4       0x68 C:\Users\AUTcomp\STM32CubeIDE\workspace_1.17.0\greenhouseOS\build\Release\Drivers\STM32F4xx_HAL_Driver\Src\stm32f4xx_hal_rcc.o
                0x08007cd4                HAL_RCC_GetSysClockFreq
 .text.HAL_RCC_ClockConfig
                0x08007d3c      0x134 C:\Users\AUTcomp\STM32CubeIDE\workspace_1.17.0\greenhouseOS\build\Release\Drivers\STM32F4xx_HAL_Driver\Src\stm32f4xx_hal_rcc.o
                0x08007d3c                HAL_RCC_ClockConfig
 .text.HAL_RCC_GetHCLKFreq
                0x08007e70        0xc C:\Users\AUTcomp\STM32CubeIDE\workspace_1.17.0\greenhouseOS\build\Release\Drivers\STM32F4xx_HAL_Driver\Src\stm32f4xx_hal_rcc.o
                0x08007e70                HAL_RCC_GetHCLKFreq
 .text.HAL_RCC_GetPCLK1Freq
                0x08007e7c       0x20 C:\Users\AUTcomp\STM32CubeIDE\workspace_1.17.0\greenhouseOS\build\Release\Drivers\STM32F4xx_HAL_Driver\Src\stm32f4xx_hal_rcc.o
                0x08007e7c                HAL_RCC_GetPCLK1Freq
 .text.HAL_RCC_GetPCLK2Freq
                0x08007e9c       0x20 C:\Users\AUTcomp\STM32CubeIDE\workspace_1.17.0\greenhouseOS\build\Release\Drivers\STM32F4xx_HAL_Driver\Src\stm32f4xx_hal_rcc.o
                0x08007e9c                HAL_RCC_GetPCLK2Freq
 .text.HAL_RCC_GetClockConfig
                0x08007ebc       0x40 C:\Users\AUTcomp\STM32CubeIDE\workspace_1.17.0\greenhouseOS\build\Release\Drivers\STM32F4xx_HAL_Driver\Src\stm32f4xx_hal_rcc.o
                0x08007ebc                HAL_RCC_GetClockConfig
 .text.HAL_RCCEx_PeriphCLKConfig
                0x08007efc      0x138 C:\Users\AUTcomp\STM32CubeIDE\workspace_1.17.0\greenhouseOS\build\Release\Drivers\STM32F4xx_HAL_Driver\Src\stm32f4xx_hal_rcc_ex.o
                0x08007efc                HAL_RCCEx_PeriphCLKConfig
 .text.RTC_EnterInitMode
                0x08008034       0x40 C:\Users\AUTcomp\STM32CubeIDE\workspace_1.17.0\greenhouseOS\build\Release\Drivers\STM32F4xx_HAL_Driver\Src\stm32f4xx_hal_rtc.o
                0x08008034                RTC_EnterInitMode
 .text.RTC_ExitInitMode
                0x08008074       0x44 C:\Users\AUTcomp\STM32CubeIDE\workspace_1.17.0\greenhouseOS\build\Release\Drivers\STM32F4xx_HAL_Driver\Src\stm32f4xx_hal_rtc.o
                0x08008074                RTC_ExitInitMode
 .text.HAL_RTC_Init
                0x080080b8       0xb4 C:\Users\AUTcomp\STM32CubeIDE\workspace_1.17.0\greenhouseOS\build\Release\Drivers\STM32F4xx_HAL_Driver\Src\stm32f4xx_hal_rtc.o
                0x080080b8                HAL_RTC_Init
 .text.HAL_RTC_SetTime
                0x0800816c      0x120 C:\Users\AUTcomp\STM32CubeIDE\workspace_1.17.0\greenhouseOS\build\Release\Drivers\STM32F4xx_HAL_Driver\Src\stm32f4xx_hal_rtc.o
                0x0800816c                HAL_RTC_SetTime
 .text.HAL_RTC_SetDate
                0x0800828c       0xf8 C:\Users\AUTcomp\STM32CubeIDE\workspace_1.17.0\greenhouseOS\build\Release\Drivers\STM32F4xx_HAL_Driver\Src\stm32f4xx_hal_rtc.o
                0x0800828c                HAL_RTC_SetDate
 .text.HAL_RTCEx_BKUPWrite
                0x08008384        0xc C:\Users\AUTcomp\STM32CubeIDE\workspace_1.17.0\greenhouseOS\build\Release\Drivers\STM32F4xx_HAL_Driver\Src\stm32f4xx_hal_rtc_ex.o
                0x08008384                HAL_RTCEx_BKUPWrite
 .text.HAL_RTCEx_BKUPRead
                0x08008390        0xc C:\Users\AUTcomp\STM32CubeIDE\workspace_1.17.0\greenhouseOS\build\Release\Drivers\STM32F4xx_HAL_Driver\Src\stm32f4xx_hal_rtc_ex.o
                0x08008390                HAL_RTCEx_BKUPRead
 .text.HAL_TIM_Base_MspInit
                0x0800839c        0x4 C:\Users\AUTcomp\STM32CubeIDE\workspace_1.17.0\greenhouseOS\build\Release\Drivers\STM32F4xx_HAL_Driver\Src\stm32f4xx_hal_tim.o
                0x0800839c                HAL_TIM_Base_MspInit
 .text.HAL_TIM_Base_Start_IT
                0x080083a0       0x74 C:\Users\AUTcomp\STM32CubeIDE\workspace_1.17.0\greenhouseOS\build\Release\Drivers\STM32F4xx_HAL_Driver\Src\stm32f4xx_hal_tim.o
                0x080083a0                HAL_TIM_Base_Start_IT
 .text.HAL_TIM_OC_DelayElapsedCallback
                0x08008414        0x4 C:\Users\AUTcomp\STM32CubeIDE\workspace_1.17.0\greenhouseOS\build\Release\Drivers\STM32F4xx_HAL_Driver\Src\stm32f4xx_hal_tim.o
                0x08008414                HAL_TIM_OC_DelayElapsedCallback
 .text.HAL_TIM_IC_CaptureCallback
                0x08008418        0x4 C:\Users\AUTcomp\STM32CubeIDE\workspace_1.17.0\greenhouseOS\build\Release\Drivers\STM32F4xx_HAL_Driver\Src\stm32f4xx_hal_tim.o
                0x08008418                HAL_TIM_IC_CaptureCallback
 .text.HAL_TIM_PWM_PulseFinishedCallback
                0x0800841c        0x4 C:\Users\AUTcomp\STM32CubeIDE\workspace_1.17.0\greenhouseOS\build\Release\Drivers\STM32F4xx_HAL_Driver\Src\stm32f4xx_hal_tim.o
                0x0800841c                HAL_TIM_PWM_PulseFinishedCallback
 .text.HAL_TIM_TriggerCallback
                0x08008420        0x4 C:\Users\AUTcomp\STM32CubeIDE\workspace_1.17.0\greenhouseOS\build\Release\Drivers\STM32F4xx_HAL_Driver\Src\stm32f4xx_hal_tim.o
                0x08008420                HAL_TIM_TriggerCallback
 .text.HAL_TIM_IRQHandler
                0x08008424      0x138 C:\Users\AUTcomp\STM32CubeIDE\workspace_1.17.0\greenhouseOS\build\Release\Drivers\STM32F4xx_HAL_Driver\Src\stm32f4xx_hal_tim.o
                0x08008424                HAL_TIM_IRQHandler
 .text.TIM_Base_SetConfig
                0x0800855c       0xf0 C:\Users\AUTcomp\STM32CubeIDE\workspace_1.17.0\greenhouseOS\build\Release\Drivers\STM32F4xx_HAL_Driver\Src\stm32f4xx_hal_tim.o
                0x0800855c                TIM_Base_SetConfig
 .text.HAL_TIM_Base_Init
                0x0800864c       0x5c C:\Users\AUTcomp\STM32CubeIDE\workspace_1.17.0\greenhouseOS\build\Release\Drivers\STM32F4xx_HAL_Driver\Src\stm32f4xx_hal_tim.o
                0x0800864c                HAL_TIM_Base_Init
 .text.HAL_TIMEx_CommutCallback
                0x080086a8        0x4 C:\Users\AUTcomp\STM32CubeIDE\workspace_1.17.0\greenhouseOS\build\Release\Drivers\STM32F4xx_HAL_Driver\Src\stm32f4xx_hal_tim_ex.o
                0x080086a8                HAL_TIMEx_CommutCallback
 .text.HAL_TIMEx_BreakCallback
                0x080086ac        0x4 C:\Users\AUTcomp\STM32CubeIDE\workspace_1.17.0\greenhouseOS\build\Release\Drivers\STM32F4xx_HAL_Driver\Src\stm32f4xx_hal_tim_ex.o
                0x080086ac                HAL_TIMEx_BreakCallback
 .text.UART_EndRxTransfer
                0x080086b0       0x60 C:\Users\AUTcomp\STM32CubeIDE\workspace_1.17.0\greenhouseOS\build\Release\Drivers\STM32F4xx_HAL_Driver\Src\stm32f4xx_hal_uart.o
 .text.UART_SetConfig
                0x08008710       0xcc C:\Users\AUTcomp\STM32CubeIDE\workspace_1.17.0\greenhouseOS\build\Release\Drivers\STM32F4xx_HAL_Driver\Src\stm32f4xx_hal_uart.o
 .text.HAL_UART_Init
                0x080087dc       0x64 C:\Users\AUTcomp\STM32CubeIDE\workspace_1.17.0\greenhouseOS\build\Release\Drivers\STM32F4xx_HAL_Driver\Src\stm32f4xx_hal_uart.o
                0x080087dc                HAL_UART_Init
 .text.HAL_UART_Receive
                0x08008840      0x114 C:\Users\AUTcomp\STM32CubeIDE\workspace_1.17.0\greenhouseOS\build\Release\Drivers\STM32F4xx_HAL_Driver\Src\stm32f4xx_hal_uart.o
                0x08008840                HAL_UART_Receive
 .text.HAL_UART_Transmit_IT
                0x08008954       0x38 C:\Users\AUTcomp\STM32CubeIDE\workspace_1.17.0\greenhouseOS\build\Release\Drivers\STM32F4xx_HAL_Driver\Src\stm32f4xx_hal_uart.o
                0x08008954                HAL_UART_Transmit_IT
 .text.HAL_UART_Receive_IT
                0x0800898c       0x50 C:\Users\AUTcomp\STM32CubeIDE\workspace_1.17.0\greenhouseOS\build\Release\Drivers\STM32F4xx_HAL_Driver\Src\stm32f4xx_hal_uart.o
                0x0800898c                HAL_UART_Receive_IT
 .text.HAL_UART_AbortTransmit
                0x080089dc       0x6c C:\Users\AUTcomp\STM32CubeIDE\workspace_1.17.0\greenhouseOS\build\Release\Drivers\STM32F4xx_HAL_Driver\Src\stm32f4xx_hal_uart.o
                0x080089dc                HAL_UART_AbortTransmit
 .text.HAL_UART_AbortReceive
                0x08008a48       0xa8 C:\Users\AUTcomp\STM32CubeIDE\workspace_1.17.0\greenhouseOS\build\Release\Drivers\STM32F4xx_HAL_Driver\Src\stm32f4xx_hal_uart.o
                0x08008a48                HAL_UART_AbortReceive
 .text.UART_DMAAbortOnError
                0x08008af0       0x10 C:\Users\AUTcomp\STM32CubeIDE\workspace_1.17.0\greenhouseOS\build\Release\Drivers\STM32F4xx_HAL_Driver\Src\stm32f4xx_hal_uart.o
 .text.HAL_UART_AbortReceiveCpltCallback
                0x08008b00        0x4 C:\Users\AUTcomp\STM32CubeIDE\workspace_1.17.0\greenhouseOS\build\Release\Drivers\STM32F4xx_HAL_Driver\Src\stm32f4xx_hal_uart.o
                0x08008b00                HAL_UART_AbortReceiveCpltCallback
 .text.HAL_UART_AbortReceive_IT
                0x08008b04       0xbc C:\Users\AUTcomp\STM32CubeIDE\workspace_1.17.0\greenhouseOS\build\Release\Drivers\STM32F4xx_HAL_Driver\Src\stm32f4xx_hal_uart.o
                0x08008b04                HAL_UART_AbortReceive_IT
 .text.UART_DMARxOnlyAbortCallback
                0x08008bc0       0x18 C:\Users\AUTcomp\STM32CubeIDE\workspace_1.17.0\greenhouseOS\build\Release\Drivers\STM32F4xx_HAL_Driver\Src\stm32f4xx_hal_uart.o
 .text.HAL_UARTEx_RxEventCallback
                0x08008bd8        0x4 C:\Users\AUTcomp\STM32CubeIDE\workspace_1.17.0\greenhouseOS\build\Release\Drivers\STM32F4xx_HAL_Driver\Src\stm32f4xx_hal_uart.o
                0x08008bd8                HAL_UARTEx_RxEventCallback
 .text.UART_Receive_IT.isra.0
                0x08008bdc       0xbc C:\Users\AUTcomp\STM32CubeIDE\workspace_1.17.0\greenhouseOS\build\Release\Drivers\STM32F4xx_HAL_Driver\Src\stm32f4xx_hal_uart.o
 .text.HAL_UART_IRQHandler
                0x08008c98      0x378 C:\Users\AUTcomp\STM32CubeIDE\workspace_1.17.0\greenhouseOS\build\Release\Drivers\STM32F4xx_HAL_Driver\Src\stm32f4xx_hal_uart.o
                0x08008c98                HAL_UART_IRQHandler
 .text.HAL_HalfDuplex_EnableTransmitter
                0x08009010       0x34 C:\Users\AUTcomp\STM32CubeIDE\workspace_1.17.0\greenhouseOS\build\Release\Drivers\STM32F4xx_HAL_Driver\Src\stm32f4xx_hal_uart.o
                0x08009010                HAL_HalfDuplex_EnableTransmitter
 .text.HAL_HalfDuplex_EnableReceiver
                0x08009044       0x34 C:\Users\AUTcomp\STM32CubeIDE\workspace_1.17.0\greenhouseOS\build\Release\Drivers\STM32F4xx_HAL_Driver\Src\stm32f4xx_hal_uart.o
                0x08009044                HAL_HalfDuplex_EnableReceiver
 .text.HAL_UART_GetState
                0x08009078        0xc C:\Users\AUTcomp\STM32CubeIDE\workspace_1.17.0\greenhouseOS\build\Release\Drivers\STM32F4xx_HAL_Driver\Src\stm32f4xx_hal_uart.o
                0x08009078                HAL_UART_GetState
 .text.ethernet_link_status_updated
                0x08009084        0x4 C:\Users\AUTcomp\STM32CubeIDE\workspace_1.17.0\greenhouseOS\build\Release\LWIP\App\lwip.o
 .text.MX_LWIP_Init
                0x08009088       0xc4 C:\Users\AUTcomp\STM32CubeIDE\workspace_1.17.0\greenhouseOS\build\Release\LWIP\App\lwip.o
                0x08009088                MX_LWIP_Init
 .text.low_level_output
                0x0800914c       0xa8 C:\Users\AUTcomp\STM32CubeIDE\workspace_1.17.0\greenhouseOS\build\Release\LWIP\Target\ethernetif.o
 .text.phy_addr_is_valid
                0x080091f4       0x58 C:\Users\AUTcomp\STM32CubeIDE\workspace_1.17.0\greenhouseOS\build\Release\LWIP\Target\ethernetif.o
 .text.phy_find_address
                0x0800924c       0x70 C:\Users\AUTcomp\STM32CubeIDE\workspace_1.17.0\greenhouseOS\build\Release\LWIP\Target\ethernetif.o
 .text.phy_get_link_state
                0x080092bc       0x78 C:\Users\AUTcomp\STM32CubeIDE\workspace_1.17.0\greenhouseOS\build\Release\LWIP\Target\ethernetif.o
 .text.pbuf_free_custom
                0x08009334       0x30 C:\Users\AUTcomp\STM32CubeIDE\workspace_1.17.0\greenhouseOS\build\Release\LWIP\Target\ethernetif.o
                0x08009334                pbuf_free_custom
 .text.ethernetif_input
                0x08009364       0x60 C:\Users\AUTcomp\STM32CubeIDE\workspace_1.17.0\greenhouseOS\build\Release\LWIP\Target\ethernetif.o
                0x08009364                ethernetif_input
 .text.HAL_ETH_RxCpltCallback
                0x080093c4        0xc C:\Users\AUTcomp\STM32CubeIDE\workspace_1.17.0\greenhouseOS\build\Release\LWIP\Target\ethernetif.o
                0x080093c4                HAL_ETH_RxCpltCallback
 .text.HAL_ETH_TxCpltCallback
                0x080093d0        0xc C:\Users\AUTcomp\STM32CubeIDE\workspace_1.17.0\greenhouseOS\build\Release\LWIP\Target\ethernetif.o
                0x080093d0                HAL_ETH_TxCpltCallback
 .text.HAL_ETH_ErrorCallback
                0x080093dc       0x1c C:\Users\AUTcomp\STM32CubeIDE\workspace_1.17.0\greenhouseOS\build\Release\LWIP\Target\ethernetif.o
                0x080093dc                HAL_ETH_ErrorCallback
 .text.ethernetif_init
                0x080093f8      0x2d4 C:\Users\AUTcomp\STM32CubeIDE\workspace_1.17.0\greenhouseOS\build\Release\LWIP\Target\ethernetif.o
                0x080093f8                ethernetif_init
 .text.sys_now  0x080096cc        0x4 C:\Users\AUTcomp\STM32CubeIDE\workspace_1.17.0\greenhouseOS\build\Release\LWIP\Target\ethernetif.o
                0x080096cc                sys_now
 .text.HAL_ETH_MspInit
                0x080096d0      0x108 C:\Users\AUTcomp\STM32CubeIDE\workspace_1.17.0\greenhouseOS\build\Release\LWIP\Target\ethernetif.o
                0x080096d0                HAL_ETH_MspInit
 .text.ethernet_link_thread
                0x080097d8      0x118 C:\Users\AUTcomp\STM32CubeIDE\workspace_1.17.0\greenhouseOS\build\Release\LWIP\Target\ethernetif.o
                0x080097d8                ethernet_link_thread
 .text.HAL_ETH_RxAllocateCallback
                0x080098f0       0x48 C:\Users\AUTcomp\STM32CubeIDE\workspace_1.17.0\greenhouseOS\build\Release\LWIP\Target\ethernetif.o
                0x080098f0                HAL_ETH_RxAllocateCallback
 .text.HAL_ETH_RxLinkCallback
                0x08009938       0x3c C:\Users\AUTcomp\STM32CubeIDE\workspace_1.17.0\greenhouseOS\build\Release\LWIP\Target\ethernetif.o
                0x08009938                HAL_ETH_RxLinkCallback
 .text.HAL_ETH_TxFreeCallback
                0x08009974        0x4 C:\Users\AUTcomp\STM32CubeIDE\workspace_1.17.0\greenhouseOS\build\Release\LWIP\Target\ethernetif.o
                0x08009974                HAL_ETH_TxFreeCallback
 .text.SysTick_Handler
                0x08009978       0x1c C:\Users\AUTcomp\STM32CubeIDE\workspace_1.17.0\greenhouseOS\build\Release\Middlewares\Third_Party\FreeRTOS\Source\CMSIS_RTOS_V2\cmsis_os2.o
                0x08009978                SysTick_Handler
 .text.osKernelInitialize
                0x08009994       0x24 C:\Users\AUTcomp\STM32CubeIDE\workspace_1.17.0\greenhouseOS\build\Release\Middlewares\Third_Party\FreeRTOS\Source\CMSIS_RTOS_V2\cmsis_os2.o
                0x08009994                osKernelInitialize
 .text.osKernelGetState
                0x080099b8       0x24 C:\Users\AUTcomp\STM32CubeIDE\workspace_1.17.0\greenhouseOS\build\Release\Middlewares\Third_Party\FreeRTOS\Source\CMSIS_RTOS_V2\cmsis_os2.o
                0x080099b8                osKernelGetState
 .text.osKernelStart
                0x080099dc       0x3c C:\Users\AUTcomp\STM32CubeIDE\workspace_1.17.0\greenhouseOS\build\Release\Middlewares\Third_Party\FreeRTOS\Source\CMSIS_RTOS_V2\cmsis_os2.o
                0x080099dc                osKernelStart
 .text.osKernelGetTickCount
                0x08009a18       0x10 C:\Users\AUTcomp\STM32CubeIDE\workspace_1.17.0\greenhouseOS\build\Release\Middlewares\Third_Party\FreeRTOS\Source\CMSIS_RTOS_V2\cmsis_os2.o
                0x08009a18                osKernelGetTickCount
 .text.osThreadNew
                0x08009a28       0xa8 C:\Users\AUTcomp\STM32CubeIDE\workspace_1.17.0\greenhouseOS\build\Release\Middlewares\Third_Party\FreeRTOS\Source\CMSIS_RTOS_V2\cmsis_os2.o
                0x08009a28                osThreadNew
 .text.osDelay  0x08009ad0       0x1c C:\Users\AUTcomp\STM32CubeIDE\workspace_1.17.0\greenhouseOS\build\Release\Middlewares\Third_Party\FreeRTOS\Source\CMSIS_RTOS_V2\cmsis_os2.o
                0x08009ad0                osDelay
 .text.osEventFlagsNew
                0x08009aec       0x24 C:\Users\AUTcomp\STM32CubeIDE\workspace_1.17.0\greenhouseOS\build\Release\Middlewares\Third_Party\FreeRTOS\Source\CMSIS_RTOS_V2\cmsis_os2.o
                0x08009aec                osEventFlagsNew
 .text.osEventFlagsSet
                0x08009b10       0x50 C:\Users\AUTcomp\STM32CubeIDE\workspace_1.17.0\greenhouseOS\build\Release\Middlewares\Third_Party\FreeRTOS\Source\CMSIS_RTOS_V2\cmsis_os2.o
                0x08009b10                osEventFlagsSet
 .text.osEventFlagsClear
                0x08009b60       0x40 C:\Users\AUTcomp\STM32CubeIDE\workspace_1.17.0\greenhouseOS\build\Release\Middlewares\Third_Party\FreeRTOS\Source\CMSIS_RTOS_V2\cmsis_os2.o
                0x08009b60                osEventFlagsClear
 .text.osEventFlagsWait
                0x08009ba0       0x6c C:\Users\AUTcomp\STM32CubeIDE\workspace_1.17.0\greenhouseOS\build\Release\Middlewares\Third_Party\FreeRTOS\Source\CMSIS_RTOS_V2\cmsis_os2.o
                0x08009ba0                osEventFlagsWait
 .text.osMutexNew
                0x08009c0c       0xc8 C:\Users\AUTcomp\STM32CubeIDE\workspace_1.17.0\greenhouseOS\build\Release\Middlewares\Third_Party\FreeRTOS\Source\CMSIS_RTOS_V2\cmsis_os2.o
                0x08009c0c                osMutexNew
 .text.osMutexAcquire
                0x08009cd4       0x48 C:\Users\AUTcomp\STM32CubeIDE\workspace_1.17.0\greenhouseOS\build\Release\Middlewares\Third_Party\FreeRTOS\Source\CMSIS_RTOS_V2\cmsis_os2.o
                0x08009cd4                osMutexAcquire
 .text.osMutexRelease
                0x08009d1c       0x44 C:\Users\AUTcomp\STM32CubeIDE\workspace_1.17.0\greenhouseOS\build\Release\Middlewares\Third_Party\FreeRTOS\Source\CMSIS_RTOS_V2\cmsis_os2.o
                0x08009d1c                osMutexRelease
 .text.osMutexDelete
                0x08009d60       0x30 C:\Users\AUTcomp\STM32CubeIDE\workspace_1.17.0\greenhouseOS\build\Release\Middlewares\Third_Party\FreeRTOS\Source\CMSIS_RTOS_V2\cmsis_os2.o
                0x08009d60                osMutexDelete
 .text.osSemaphoreNew
                0x08009d90       0xc4 C:\Users\AUTcomp\STM32CubeIDE\workspace_1.17.0\greenhouseOS\build\Release\Middlewares\Third_Party\FreeRTOS\Source\CMSIS_RTOS_V2\cmsis_os2.o
                0x08009d90                osSemaphoreNew
 .text.osSemaphoreAcquire
                0x08009e54       0x64 C:\Users\AUTcomp\STM32CubeIDE\workspace_1.17.0\greenhouseOS\build\Release\Middlewares\Third_Party\FreeRTOS\Source\CMSIS_RTOS_V2\cmsis_os2.o
                0x08009e54                osSemaphoreAcquire
 .text.osSemaphoreRelease
                0x08009eb8       0x54 C:\Users\AUTcomp\STM32CubeIDE\workspace_1.17.0\greenhouseOS\build\Release\Middlewares\Third_Party\FreeRTOS\Source\CMSIS_RTOS_V2\cmsis_os2.o
                0x08009eb8                osSemaphoreRelease
 .text.osSemaphoreDelete
                0x08009f0c       0x28 C:\Users\AUTcomp\STM32CubeIDE\workspace_1.17.0\greenhouseOS\build\Release\Middlewares\Third_Party\FreeRTOS\Source\CMSIS_RTOS_V2\cmsis_os2.o
                0x08009f0c                osSemaphoreDelete
 .text.osMessageQueueNew
                0x08009f34       0x7c C:\Users\AUTcomp\STM32CubeIDE\workspace_1.17.0\greenhouseOS\build\Release\Middlewares\Third_Party\FreeRTOS\Source\CMSIS_RTOS_V2\cmsis_os2.o
                0x08009f34                osMessageQueueNew
 .text.osMessageQueuePut
                0x08009fb0       0x68 C:\Users\AUTcomp\STM32CubeIDE\workspace_1.17.0\greenhouseOS\build\Release\Middlewares\Third_Party\FreeRTOS\Source\CMSIS_RTOS_V2\cmsis_os2.o
                0x08009fb0                osMessageQueuePut
 .text.osMessageQueueGet
                0x0800a018       0x6c C:\Users\AUTcomp\STM32CubeIDE\workspace_1.17.0\greenhouseOS\build\Release\Middlewares\Third_Party\FreeRTOS\Source\CMSIS_RTOS_V2\cmsis_os2.o
                0x0800a018                osMessageQueueGet
 .text.osMessageQueueGetCount
                0x0800a084       0x14 C:\Users\AUTcomp\STM32CubeIDE\workspace_1.17.0\greenhouseOS\build\Release\Middlewares\Third_Party\FreeRTOS\Source\CMSIS_RTOS_V2\cmsis_os2.o
                0x0800a084                osMessageQueueGetCount
 .text.osMessageQueueDelete
                0x0800a098       0x28 C:\Users\AUTcomp\STM32CubeIDE\workspace_1.17.0\greenhouseOS\build\Release\Middlewares\Third_Party\FreeRTOS\Source\CMSIS_RTOS_V2\cmsis_os2.o
                0x0800a098                osMessageQueueDelete
 .text.vApplicationGetIdleTaskMemory
                0x0800a0c0       0x1c C:\Users\AUTcomp\STM32CubeIDE\workspace_1.17.0\greenhouseOS\build\Release\Middlewares\Third_Party\FreeRTOS\Source\CMSIS_RTOS_V2\cmsis_os2.o
                0x0800a0c0                vApplicationGetIdleTaskMemory
 .text.vApplicationGetTimerTaskMemory
                0x0800a0dc       0x20 C:\Users\AUTcomp\STM32CubeIDE\workspace_1.17.0\greenhouseOS\build\Release\Middlewares\Third_Party\FreeRTOS\Source\CMSIS_RTOS_V2\cmsis_os2.o
                0x0800a0dc                vApplicationGetTimerTaskMemory
 .text.vEventGroupClearBitsCallback
                0x0800a0fc       0x50 C:\Users\AUTcomp\STM32CubeIDE\workspace_1.17.0\greenhouseOS\build\Release\Middlewares\Third_Party\FreeRTOS\Source\event_groups.o
                0x0800a0fc                vEventGroupClearBitsCallback
 .text.xEventGroupCreateStatic
                0x0800a14c       0x4c C:\Users\AUTcomp\STM32CubeIDE\workspace_1.17.0\greenhouseOS\build\Release\Middlewares\Third_Party\FreeRTOS\Source\event_groups.o
                0x0800a14c                xEventGroupCreateStatic
 .text.xEventGroupCreate
                0x0800a198       0x28 C:\Users\AUTcomp\STM32CubeIDE\workspace_1.17.0\greenhouseOS\build\Release\Middlewares\Third_Party\FreeRTOS\Source\event_groups.o
                0x0800a198                xEventGroupCreate
 .text.xEventGroupWaitBits
                0x0800a1c0      0x134 C:\Users\AUTcomp\STM32CubeIDE\workspace_1.17.0\greenhouseOS\build\Release\Middlewares\Third_Party\FreeRTOS\Source\event_groups.o
                0x0800a1c0                xEventGroupWaitBits
 .text.xEventGroupClearBits
                0x0800a2f4       0x50 C:\Users\AUTcomp\STM32CubeIDE\workspace_1.17.0\greenhouseOS\build\Release\Middlewares\Third_Party\FreeRTOS\Source\event_groups.o
                0x0800a2f4                xEventGroupClearBits
 .text.xEventGroupClearBitsFromISR
                0x0800a344       0x10 C:\Users\AUTcomp\STM32CubeIDE\workspace_1.17.0\greenhouseOS\build\Release\Middlewares\Third_Party\FreeRTOS\Source\event_groups.o
                0x0800a344                xEventGroupClearBitsFromISR
 .text.xEventGroupGetBitsFromISR
                0x0800a354       0x1c C:\Users\AUTcomp\STM32CubeIDE\workspace_1.17.0\greenhouseOS\build\Release\Middlewares\Third_Party\FreeRTOS\Source\event_groups.o
                0x0800a354                xEventGroupGetBitsFromISR
 .text.xEventGroupSetBits
                0x0800a370       0x9c C:\Users\AUTcomp\STM32CubeIDE\workspace_1.17.0\greenhouseOS\build\Release\Middlewares\Third_Party\FreeRTOS\Source\event_groups.o
                0x0800a370                xEventGroupSetBits
 .text.vEventGroupSetBitsCallback
                0x0800a40c        0x4 C:\Users\AUTcomp\STM32CubeIDE\workspace_1.17.0\greenhouseOS\build\Release\Middlewares\Third_Party\FreeRTOS\Source\event_groups.o
                0x0800a40c                vEventGroupSetBitsCallback
 .text.xEventGroupSetBitsFromISR
                0x0800a410       0x14 C:\Users\AUTcomp\STM32CubeIDE\workspace_1.17.0\greenhouseOS\build\Release\Middlewares\Third_Party\FreeRTOS\Source\event_groups.o
                0x0800a410                xEventGroupSetBitsFromISR
 .text.vListInitialise
                0x0800a424       0x18 C:\Users\AUTcomp\STM32CubeIDE\workspace_1.17.0\greenhouseOS\build\Release\Middlewares\Third_Party\FreeRTOS\Source\list.o
                0x0800a424                vListInitialise
 .text.vListInitialiseItem
                0x0800a43c        0x8 C:\Users\AUTcomp\STM32CubeIDE\workspace_1.17.0\greenhouseOS\build\Release\Middlewares\Third_Party\FreeRTOS\Source\list.o
                0x0800a43c                vListInitialiseItem
 .text.vListInsertEnd
                0x0800a444       0x1c C:\Users\AUTcomp\STM32CubeIDE\workspace_1.17.0\greenhouseOS\build\Release\Middlewares\Third_Party\FreeRTOS\Source\list.o
                0x0800a444                vListInsertEnd
 .text.vListInsert
                0x0800a460       0x38 C:\Users\AUTcomp\STM32CubeIDE\workspace_1.17.0\greenhouseOS\build\Release\Middlewares\Third_Party\FreeRTOS\Source\list.o
                0x0800a460                vListInsert
 .text.uxListRemove
                0x0800a498       0x24 C:\Users\AUTcomp\STM32CubeIDE\workspace_1.17.0\greenhouseOS\build\Release\Middlewares\Third_Party\FreeRTOS\Source\list.o
                0x0800a498                uxListRemove
 .text.prvCopyDataToQueue
                0x0800a4bc       0x7c C:\Users\AUTcomp\STM32CubeIDE\workspace_1.17.0\greenhouseOS\build\Release\Middlewares\Third_Party\FreeRTOS\Source\queue.o
 .text.prvUnlockQueue
                0x0800a538       0x80 C:\Users\AUTcomp\STM32CubeIDE\workspace_1.17.0\greenhouseOS\build\Release\Middlewares\Third_Party\FreeRTOS\Source\queue.o
 .text.xQueueGenericReset
                0x0800a5b8       0x98 C:\Users\AUTcomp\STM32CubeIDE\workspace_1.17.0\greenhouseOS\build\Release\Middlewares\Third_Party\FreeRTOS\Source\queue.o
                0x0800a5b8                xQueueGenericReset
 .text.xQueueGenericCreateStatic
                0x0800a650       0xb4 C:\Users\AUTcomp\STM32CubeIDE\workspace_1.17.0\greenhouseOS\build\Release\Middlewares\Third_Party\FreeRTOS\Source\queue.o
                0x0800a650                xQueueGenericCreateStatic
 .text.xQueueGenericCreate
                0x0800a704       0x60 C:\Users\AUTcomp\STM32CubeIDE\workspace_1.17.0\greenhouseOS\build\Release\Middlewares\Third_Party\FreeRTOS\Source\queue.o
                0x0800a704                xQueueGenericCreate
 .text.xQueueCreateCountingSemaphoreStatic
                0x0800a764       0x44 C:\Users\AUTcomp\STM32CubeIDE\workspace_1.17.0\greenhouseOS\build\Release\Middlewares\Third_Party\FreeRTOS\Source\queue.o
                0x0800a764                xQueueCreateCountingSemaphoreStatic
 .text.xQueueCreateCountingSemaphore
                0x0800a7a8       0x64 C:\Users\AUTcomp\STM32CubeIDE\workspace_1.17.0\greenhouseOS\build\Release\Middlewares\Third_Party\FreeRTOS\Source\queue.o
                0x0800a7a8                xQueueCreateCountingSemaphore
 .text.xQueueGenericSend
                0x0800a80c      0x184 C:\Users\AUTcomp\STM32CubeIDE\workspace_1.17.0\greenhouseOS\build\Release\Middlewares\Third_Party\FreeRTOS\Source\queue.o
                0x0800a80c                xQueueGenericSend
 .text.xQueueCreateMutex
                0x0800a990       0x70 C:\Users\AUTcomp\STM32CubeIDE\workspace_1.17.0\greenhouseOS\build\Release\Middlewares\Third_Party\FreeRTOS\Source\queue.o
                0x0800a990                xQueueCreateMutex
 .text.xQueueGiveMutexRecursive
                0x0800aa00       0x48 C:\Users\AUTcomp\STM32CubeIDE\workspace_1.17.0\greenhouseOS\build\Release\Middlewares\Third_Party\FreeRTOS\Source\queue.o
                0x0800aa00                xQueueGiveMutexRecursive
 .text.xQueueCreateMutexStatic
                0x0800aa48       0x6c C:\Users\AUTcomp\STM32CubeIDE\workspace_1.17.0\greenhouseOS\build\Release\Middlewares\Third_Party\FreeRTOS\Source\queue.o
                0x0800aa48                xQueueCreateMutexStatic
 .text.xQueueGenericSendFromISR
                0x0800aab4       0xd0 C:\Users\AUTcomp\STM32CubeIDE\workspace_1.17.0\greenhouseOS\build\Release\Middlewares\Third_Party\FreeRTOS\Source\queue.o
                0x0800aab4                xQueueGenericSendFromISR
 .text.xQueueGiveFromISR
                0x0800ab84       0xb8 C:\Users\AUTcomp\STM32CubeIDE\workspace_1.17.0\greenhouseOS\build\Release\Middlewares\Third_Party\FreeRTOS\Source\queue.o
                0x0800ab84                xQueueGiveFromISR
 .text.xQueueReceive
                0x0800ac3c      0x180 C:\Users\AUTcomp\STM32CubeIDE\workspace_1.17.0\greenhouseOS\build\Release\Middlewares\Third_Party\FreeRTOS\Source\queue.o
                0x0800ac3c                xQueueReceive
 .text.xQueueSemaphoreTake
                0x0800adbc      0x1b0 C:\Users\AUTcomp\STM32CubeIDE\workspace_1.17.0\greenhouseOS\build\Release\Middlewares\Third_Party\FreeRTOS\Source\queue.o
                0x0800adbc                xQueueSemaphoreTake
 .text.xQueueTakeMutexRecursive
                0x0800af6c       0x40 C:\Users\AUTcomp\STM32CubeIDE\workspace_1.17.0\greenhouseOS\build\Release\Middlewares\Third_Party\FreeRTOS\Source\queue.o
                0x0800af6c                xQueueTakeMutexRecursive
 .text.xQueueReceiveFromISR
                0x0800afac       0xc8 C:\Users\AUTcomp\STM32CubeIDE\workspace_1.17.0\greenhouseOS\build\Release\Middlewares\Third_Party\FreeRTOS\Source\queue.o
                0x0800afac                xQueueReceiveFromISR
 .text.uxQueueMessagesWaiting
                0x0800b074       0x30 C:\Users\AUTcomp\STM32CubeIDE\workspace_1.17.0\greenhouseOS\build\Release\Middlewares\Third_Party\FreeRTOS\Source\queue.o
                0x0800b074                uxQueueMessagesWaiting
 .text.uxQueueMessagesWaitingFromISR
                0x0800b0a4       0x18 C:\Users\AUTcomp\STM32CubeIDE\workspace_1.17.0\greenhouseOS\build\Release\Middlewares\Third_Party\FreeRTOS\Source\queue.o
                0x0800b0a4                uxQueueMessagesWaitingFromISR
 *fill*         0x0800b0bc        0x4 
 .text.vQueueDelete
                0x0800b0c0       0x60 C:\Users\AUTcomp\STM32CubeIDE\workspace_1.17.0\greenhouseOS\build\Release\Middlewares\Third_Party\FreeRTOS\Source\queue.o
                0x0800b0c0                vQueueDelete
 .text.vQueueAddToRegistry
                0x0800b120       0x2c C:\Users\AUTcomp\STM32CubeIDE\workspace_1.17.0\greenhouseOS\build\Release\Middlewares\Third_Party\FreeRTOS\Source\queue.o
                0x0800b120                vQueueAddToRegistry
 .text.vQueueUnregisterQueue
                0x0800b14c       0x2c C:\Users\AUTcomp\STM32CubeIDE\workspace_1.17.0\greenhouseOS\build\Release\Middlewares\Third_Party\FreeRTOS\Source\queue.o
                0x0800b14c                vQueueUnregisterQueue
 .text.vQueueWaitForMessageRestricted
                0x0800b178       0x50 C:\Users\AUTcomp\STM32CubeIDE\workspace_1.17.0\greenhouseOS\build\Release\Middlewares\Third_Party\FreeRTOS\Source\queue.o
                0x0800b178                vQueueWaitForMessageRestricted
 .text.prvAddNewTaskToReadyList
                0x0800b1c8      0x10c C:\Users\AUTcomp\STM32CubeIDE\workspace_1.17.0\greenhouseOS\build\Release\Middlewares\Third_Party\FreeRTOS\Source\tasks.o
 .text.prvAddCurrentTaskToDelayedList
                0x0800b2d4       0x8c C:\Users\AUTcomp\STM32CubeIDE\workspace_1.17.0\greenhouseOS\build\Release\Middlewares\Third_Party\FreeRTOS\Source\tasks.o
 .text.prvDeleteTCB
                0x0800b360       0x48 C:\Users\AUTcomp\STM32CubeIDE\workspace_1.17.0\greenhouseOS\build\Release\Middlewares\Third_Party\FreeRTOS\Source\tasks.o
 .text.prvIdleTask
                0x0800b3a8       0x68 C:\Users\AUTcomp\STM32CubeIDE\workspace_1.17.0\greenhouseOS\build\Release\Middlewares\Third_Party\FreeRTOS\Source\tasks.o
 .text.prvInitialiseNewTask.constprop.0
                0x0800b410       0xb4 C:\Users\AUTcomp\STM32CubeIDE\workspace_1.17.0\greenhouseOS\build\Release\Middlewares\Third_Party\FreeRTOS\Source\tasks.o
 .text.xTaskCreateStatic
                0x0800b4c4       0x84 C:\Users\AUTcomp\STM32CubeIDE\workspace_1.17.0\greenhouseOS\build\Release\Middlewares\Third_Party\FreeRTOS\Source\tasks.o
                0x0800b4c4                xTaskCreateStatic
 .text.xTaskCreate
                0x0800b548       0x60 C:\Users\AUTcomp\STM32CubeIDE\workspace_1.17.0\greenhouseOS\build\Release\Middlewares\Third_Party\FreeRTOS\Source\tasks.o
                0x0800b548                xTaskCreate
 .text.vTaskStartScheduler
                0x0800b5a8       0xa0 C:\Users\AUTcomp\STM32CubeIDE\workspace_1.17.0\greenhouseOS\build\Release\Middlewares\Third_Party\FreeRTOS\Source\tasks.o
                0x0800b5a8                vTaskStartScheduler
 .text.vTaskSuspendAll
                0x0800b648       0x10 C:\Users\AUTcomp\STM32CubeIDE\workspace_1.17.0\greenhouseOS\build\Release\Middlewares\Third_Party\FreeRTOS\Source\tasks.o
                0x0800b648                vTaskSuspendAll
 .text.xTaskGetTickCount
                0x0800b658        0xc C:\Users\AUTcomp\STM32CubeIDE\workspace_1.17.0\greenhouseOS\build\Release\Middlewares\Third_Party\FreeRTOS\Source\tasks.o
                0x0800b658                xTaskGetTickCount
 .text.xTaskGetTickCountFromISR
                0x0800b664       0x10 C:\Users\AUTcomp\STM32CubeIDE\workspace_1.17.0\greenhouseOS\build\Release\Middlewares\Third_Party\FreeRTOS\Source\tasks.o
                0x0800b664                xTaskGetTickCountFromISR
 .text.xTaskIncrementTick
                0x0800b674      0x15c C:\Users\AUTcomp\STM32CubeIDE\workspace_1.17.0\greenhouseOS\build\Release\Middlewares\Third_Party\FreeRTOS\Source\tasks.o
                0x0800b674                xTaskIncrementTick
 .text.xTaskResumeAll.part.0
                0x0800b7d0      0x10c C:\Users\AUTcomp\STM32CubeIDE\workspace_1.17.0\greenhouseOS\build\Release\Middlewares\Third_Party\FreeRTOS\Source\tasks.o
 .text.xTaskResumeAll
                0x0800b8dc       0x20 C:\Users\AUTcomp\STM32CubeIDE\workspace_1.17.0\greenhouseOS\build\Release\Middlewares\Third_Party\FreeRTOS\Source\tasks.o
                0x0800b8dc                xTaskResumeAll
 .text.vTaskDelay
                0x0800b8fc       0x64 C:\Users\AUTcomp\STM32CubeIDE\workspace_1.17.0\greenhouseOS\build\Release\Middlewares\Third_Party\FreeRTOS\Source\tasks.o
                0x0800b8fc                vTaskDelay
 .text.vTaskSwitchContext
                0x0800b960       0x9c C:\Users\AUTcomp\STM32CubeIDE\workspace_1.17.0\greenhouseOS\build\Release\Middlewares\Third_Party\FreeRTOS\Source\tasks.o
                0x0800b960                vTaskSwitchContext
 .text.vTaskPlaceOnEventList