../Core/Src/gh_config_storage.c:52:13:topo_runtime_clear	4	static
../Core/Src/gh_config_storage.c:66:13:topo_safe_mul_u32	24	static
../Core/Src/gh_config_storage.c:80:13:topo_section_bounds	32	static
../Core/Src/gh_config_storage.c:120:13:topo_ranges_overlap	16	static
../Core/Src/gh_config_storage.c:133:6:GH_TopologyV2_IsPayload	24	static
../Core/Src/gh_config_storage.c:146:6:GH_TopologyV2_ValidatePayload	224	static
../Core/Src/gh_config_storage.c:250:6:GH_TopologyV2_SyncRuntimeFromPayload	88	static
../Core/Src/gh_config_storage.c:275:6:GH_TopologyV2_SyncRuntimeFromConfig	16	static
../Core/Src/gh_config_storage.c:286:13:topology_staging_reset	8	static
../Core/Src/gh_config_storage.c:294:16:topology_required_chunks	16	static
../Core/Src/gh_config_storage.c:303:13:topology_all_chunks_received	24	static
../Core/Src/gh_config_storage.c:321:13:topo_flash_write_words	48	static
../Core/Src/gh_config_storage.c:340:13:topology_write_payload	48	static
../Core/Src/gh_config_storage.c:373:13:topology_slot_read	40	static
../Core/Src/gh_config_storage.c:410:13:cfg_write_slot_with_retries	32	static
../Core/Src/gh_config_storage.c:440:13:topology_write_slot_with_retries	32	static
../Core/Src/gh_config_storage.c:470:13:cfg_store_ab_with_fallback	32	static
../Core/Src/gh_config_storage.c:515:13:topology_store_ab_with_fallback	40	static
../Core/Src/gh_config_storage.c:583:6:GH_TopologyStorage_LoadActiveFromFlash	8224	static
../Core/Src/gh_config_storage.c:626:6:GH_ConfigStorage_PayloadValuesValid	24	static
../Core/Src/gh_config_storage.c:643:6:GH_ConfigStorage_ValidateRequest	24	static
../Core/Src/gh_config_storage.c:682:29:topology_process_chunk	296	static
../Core/Src/gh_config_storage.c:798:6:GH_ConfigStorageTask_Run	704	static
