../Core/Src/gh_modbus_map.c:31:13:addr_to_index	24	static
../Core/Src/gh_modbus_map.c:62:13:slave_to_base	24	static
../Core/Src/gh_modbus_map.c:74:13:bump_data_version	16	static
../Core/Src/gh_modbus_map.c:79:6:GH_ModbusMap_Init	16	static
../Core/Src/gh_modbus_map.c:98:6:GH_ModbusMap_UpdateAges	32	static
../Core/Src/gh_modbus_map.c:126:6:GH_ModbusMap_ReadRange	24	static
../Core/Src/gh_modbus_map.c:139:6:GH_ModbusMap_WriteSingle	24	static
../Core/Src/gh_modbus_map.c:150:6:GH_ModbusMap_WriteRange	24	static
../Core/Src/gh_modbus_map.c:163:6:GH_ModbusMap_UpdateTelemetry	32	static
../Core/Src/gh_modbus_map.c:189:6:GH_ModbusMap_ReportTimeout	24	static
../Core/Src/gh_modbus_map.c:202:6:GH_ModbusMap_UpdateDiag	32	static
../Core/Src/gh_modbus_map.c:217:6:GH_ModbusMap_GetApplyRequest	24	static
../Core/Src/gh_modbus_map.c:248:6:GH_ModbusMap_MarkApplyResult	24	static
../Core/Src/gh_modbus_map.c:262:11:GH_ModbusMap_GetBackingStore	4	static
../Core/Src/gh_modbus_map.c:267:10:GH_ModbusMap_GetBackingStoreSize	4	static
