../Core/Src/gh_modbus_map.c:52:13:map_ensure_mutex	8	static
../Core/Src/gh_modbus_map.c:68:13:map_lock	8	static
../Core/Src/gh_modbus_map.c:83:13:map_unlock	8	static
../Core/Src/gh_modbus_map.c:91:13:addr_to_index	24	static
../Core/Src/gh_modbus_map.c:122:13:slave_to_base	24	static
../Core/Src/gh_modbus_map.c:134:13:bump_data_version	16	static
../Core/Src/gh_modbus_map.c:139:17:cfg_index	16	static
../Core/Src/gh_modbus_map.c:144:13:cfg_set_u32	24	static
../Core/Src/gh_modbus_map.c:150:17:cfg_get_u32	24	static
../Core/Src/gh_modbus_map.c:156:13:cfg_report_result_nolock	16	static
../Core/Src/gh_modbus_map.c:165:6:GH_ModbusMap_ReportConfigResult	16	static
../Core/Src/gh_modbus_map.c:177:13:cfg_try_submit	160	static
../Core/Src/gh_modbus_map.c:218:13:cfg_maybe_submit_after_write	24	static
../Core/Src/gh_modbus_map.c:237:6:GH_ModbusMap_Init	16	static
../Core/Src/gh_modbus_map.c:269:6:GH_ModbusMap_UpdateAges	32	static
../Core/Src/gh_modbus_map.c:303:6:GH_ModbusMap_ReadRange	24	static
../Core/Src/gh_modbus_map.c:321:6:GH_ModbusMap_WriteSingle	24	static
../Core/Src/gh_modbus_map.c:338:6:GH_ModbusMap_WriteRange	24	static
../Core/Src/gh_modbus_map.c:357:6:GH_ModbusMap_UpdateTelemetry	32	static
../Core/Src/gh_modbus_map.c:388:6:GH_ModbusMap_ReportTimeout	32	static
../Core/Src/gh_modbus_map.c:426:6:GH_ModbusMap_UpdateDiag	32	static
../Core/Src/gh_modbus_map.c:446:6:GH_ModbusMap_GetApplyRequest	24	static
../Core/Src/gh_modbus_map.c:483:6:GH_ModbusMap_MarkApplyResult	24	static
../Core/Src/gh_modbus_map.c:502:11:GH_ModbusMap_GetBackingStore	4	static
../Core/Src/gh_modbus_map.c:507:10:GH_ModbusMap_GetBackingStoreSize	4	static
