../Core/Src/gh_modbus_map.c:88:13:map_ensure_mutex	8	static
../Core/Src/gh_modbus_map.c:104:13:map_lock	8	static
../Core/Src/gh_modbus_map.c:119:13:map_unlock	8	static
../Core/Src/gh_modbus_map.c:127:13:addr_to_index	24	static
../Core/Src/gh_modbus_map.c:158:13:slave_to_base	24	static
../Core/Src/gh_modbus_map.c:170:13:bump_data_version	16	static
../Core/Src/gh_modbus_map.c:175:17:cfg_index	16	static
../Core/Src/gh_modbus_map.c:180:17:dbg_index	16	static
../Core/Src/gh_modbus_map.c:185:13:cfg_set_u32	24	static
../Core/Src/gh_modbus_map.c:191:13:dbg_set_u32	24	static
../Core/Src/gh_modbus_map.c:197:17:cfg_get_u32	24	static
../Core/Src/gh_modbus_map.c:203:13:map_refresh_runtime_diag_nolock	8	static
../Core/Src/gh_modbus_map.c:223:13:cfg_report_result_nolock	16	static
../Core/Src/gh_modbus_map.c:232:6:GH_ModbusMap_ReportConfigResult	16	static
../Core/Src/gh_modbus_map.c:244:13:cfg_try_submit	160	static
../Core/Src/gh_modbus_map.c:285:13:cfg_maybe_submit_after_write	24	static
../Core/Src/gh_modbus_map.c:304:6:GH_ModbusMap_Init	16	static
../Core/Src/gh_modbus_map.c:337:6:GH_ModbusMap_UpdateAges	32	static
../Core/Src/gh_modbus_map.c:371:6:GH_ModbusMap_ReadRange	24	static
../Core/Src/gh_modbus_map.c:390:6:GH_ModbusMap_WriteSingle	24	static
../Core/Src/gh_modbus_map.c:407:6:GH_ModbusMap_WriteRange	24	static
../Core/Src/gh_modbus_map.c:426:6:GH_ModbusMap_UpdateTelemetry	32	static
../Core/Src/gh_modbus_map.c:457:6:GH_ModbusMap_ReportTimeout	32	static
../Core/Src/gh_modbus_map.c:495:6:GH_ModbusMap_UpdateDiag	32	static
../Core/Src/gh_modbus_map.c:515:6:GH_ModbusMap_GetApplyRequest	24	static
../Core/Src/gh_modbus_map.c:552:6:GH_ModbusMap_MarkApplyResult	24	static
../Core/Src/gh_modbus_map.c:571:11:GH_ModbusMap_GetBackingStore	4	static
../Core/Src/gh_modbus_map.c:576:10:GH_ModbusMap_GetBackingStoreSize	4	static
