../Core/Src/gh_modbus_map.c:166:13:map_ensure_mutex	8	static
../Core/Src/gh_modbus_map.c:182:13:map_lock	8	static
../Core/Src/gh_modbus_map.c:197:13:map_unlock	8	static
../Core/Src/gh_modbus_map.c:205:13:addr_to_index	24	static
../Core/Src/gh_modbus_map.c:236:13:slave_status_base	16	static
../Core/Src/gh_modbus_map.c:247:13:cmd_base	16	static
../Core/Src/gh_modbus_map.c:257:13:point_base	16	static
../Core/Src/gh_modbus_map.c:267:13:bump_slave_data_version_nolock	16	static
../Core/Src/gh_modbus_map.c:272:17:cfg_index	16	static
../Core/Src/gh_modbus_map.c:277:17:dbg_index	16	static
../Core/Src/gh_modbus_map.c:282:17:topo_index	16	static
../Core/Src/gh_modbus_map.c:287:17:dir_index	16	static
../Core/Src/gh_modbus_map.c:292:13:cfg_set_u32	24	static
../Core/Src/gh_modbus_map.c:298:13:dbg_set_u32	24	static
../Core/Src/gh_modbus_map.c:304:13:topo_set_u32	24	static
../Core/Src/gh_modbus_map.c:310:13:dir_set_u32	24	static
../Core/Src/gh_modbus_map.c:316:17:cfg_get_u32	24	static
../Core/Src/gh_modbus_map.c:322:17:topo_get_u32	24	static
../Core/Src/gh_modbus_map.c:328:13:map_refresh_point_modules_nolock	16	static
../Core/Src/gh_modbus_map.c:375:13:map_refresh_points_nolock	24	static
../Core/Src/gh_modbus_map.c:419:13:map_refresh_directory_nolock	24	static
../Core/Src/gh_modbus_map.c:448:13:map_refresh_runtime_diag_nolock	80	static
../Core/Src/gh_modbus_map.c:496:13:cfg_report_result_nolock	16	static
../Core/Src/gh_modbus_map.c:505:13:topo_report_result_nolock	24	static
../Core/Src/gh_modbus_map.c:516:6:GH_ModbusMap_ReportConfigResult	16	static
../Core/Src/gh_modbus_map.c:528:6:GH_ModbusMap_ReportTopologyResult	24	static
../Core/Src/gh_modbus_map.c:541:13:cfg_try_submit	160	static
../Core/Src/gh_modbus_map.c:582:13:topo_try_submit	280	static
../Core/Src/gh_modbus_map.c:635:13:cfg_maybe_submit_after_write	24	static
../Core/Src/gh_modbus_map.c:654:13:topo_maybe_submit_after_write	24	static
../Core/Src/gh_modbus_map.c:673:6:GH_ModbusMap_Init	16	static
../Core/Src/gh_modbus_map.c:729:6:GH_ModbusMap_UpdateAges	40	static
../Core/Src/gh_modbus_map.c:784:6:GH_ModbusMap_ReadRange	24	static
../Core/Src/gh_modbus_map.c:803:6:GH_ModbusMap_WriteSingle	24	static
../Core/Src/gh_modbus_map.c:822:6:GH_ModbusMap_WriteRange	24	static
../Core/Src/gh_modbus_map.c:842:6:GH_ModbusMap_UpdateTelemetry	32	static
../Core/Src/gh_modbus_map.c:870:6:GH_ModbusMap_ReportTimeout	32	static
../Core/Src/gh_modbus_map.c:907:6:GH_ModbusMap_UpdateDiag	32	static
../Core/Src/gh_modbus_map.c:927:6:GH_ModbusMap_GetApplyRequest	24	static
../Core/Src/gh_modbus_map.c:964:6:GH_ModbusMap_MarkApplyResult	24	static
../Core/Src/gh_modbus_map.c:984:11:GH_ModbusMap_GetBackingStore	4	static
../Core/Src/gh_modbus_map.c:989:10:GH_ModbusMap_GetBackingStoreSize	4	static
