../Core/Src/gh_modbus_master.c:48:13:gh_refresh_rtc_clock_registers	40	static
../Core/Src/gh_modbus_master.c:71:13:gh_apply_rtc_set_request	40	static
../Core/Src/gh_modbus_master.c:95:16:gh_slave_to_index	16	static
../Core/Src/gh_modbus_master.c:100:13:gh_slave_id_valid	16	static
../Core/Src/gh_modbus_master.c:105:16:gh_quality_fail_offline_cycles	16	static
../Core/Src/gh_modbus_master.c:120:13:gh_slave_enabled	24	static
../Core/Src/gh_modbus_master.c:133:13:gh_modbus_read_holding_retry	40	static
../Core/Src/gh_modbus_master.c:183:13:gh_modbus_write_single_retry	32	static
../Core/Src/gh_modbus_master.c:216:13:gh_modbus_write_multi_retry	40	static
../Core/Src/gh_modbus_master.c:259:13:gh_set_slave_quality	24	static
../Core/Src/gh_modbus_master.c:279:13:gh_set_points_quality_for_slave	24	static
../Core/Src/gh_modbus_master.c:306:13:gh_set_quality_for_slave	16	static
../Core/Src/gh_modbus_master.c:321:44:gh_find_policy_for_slave	24	static
../Core/Src/gh_modbus_master.c:343:16:gh_policy_map_error_reason	16	static
../Core/Src/gh_modbus_master.c:352:17:gh_policy_recover_cycles	16	static
../Core/Src/gh_modbus_master.c:361:17:gh_policy_link_loss_threshold	16	static
../Core/Src/gh_modbus_master.c:370:16:gh_policy_action_for_reason	16	static
../Core/Src/gh_modbus_master.c:388:16:gh_policy_apply_action	16	static
../Core/Src/gh_modbus_master.c:409:13:gh_policy_log_transition	40	static
../Core/Src/gh_modbus_master.c:439:13:gh_decode_point_value	40	static
../Core/Src/gh_modbus_master.c:512:13:gh_publish_points_from_request	40	static
../Core/Src/gh_modbus_master.c:557:16:gh_point_word_width	16	static
../Core/Src/gh_modbus_master.c:574:43:gh_find_point_binding_by_id	32	static
../Core/Src/gh_modbus_master.c:597:13:gh_command_ack_probe	72	static
../Core/Src/gh_modbus_master.c:640:13:gh_apply_request_legacy_execute	32	static
../Core/Src/gh_modbus_master.c:684:13:gh_apply_request_topology_execute	72	static
../Core/Src/gh_modbus_master.c:759:13:gh_apply_request_for_slave	64	static
../Core/Src/gh_modbus_master.c:797:13:gh_apply_requests_for_mask	40	static
../Core/Src/gh_modbus_master.c:816:13:gh_run_topology_cycle	272	static
../Core/Src/gh_modbus_master.c:1110:13:gh_run_legacy_cycle	112	static
../Core/Src/gh_modbus_master.c:1248:6:GH_ModbusMasterTask_Run	32	static
