../Core/Src/gh_modbus_master.c:136:13:gh_get_server_rtc_hhmm	40	static
../Core/Src/gh_modbus_master.c:157:17:gh_rtc_sync_next_token	16	static
../Core/Src/gh_modbus_master.c:169:13:gh_rtc_sync_wait_ack	40	static
../Core/Src/gh_modbus_master.c:202:13:gh_rtc_sync_send	40	static
../Core/Src/gh_modbus_master.c:224:13:gh_rtc_sync_publish_diag	24	static
../Core/Src/gh_modbus_master.c:234:13:gh_rtc_sync_invalidate_all	8	static
../Core/Src/gh_modbus_master.c:241:13:gh_module_id_is_zone	16	static
../Core/Src/gh_modbus_master.c:246:13:gh_module_id_is_weather	16	static
../Core/Src/gh_modbus_master.c:251:13:gh_weather_sync_invalidate_all	8	static
../Core/Src/gh_modbus_master.c:258:13:gh_update_weather_sync_snapshot	24	static
../Core/Src/gh_modbus_master.c:271:17:gh_weather_sync_next_token	16	static
../Core/Src/gh_modbus_master.c:283:13:gh_weather_sync_wait_ack	40	static
../Core/Src/gh_modbus_master.c:315:13:gh_weather_sync_send	64	static
../Core/Src/gh_modbus_master.c:349:13:gh_maybe_sync_slave_weather	24	static
../Core/Src/gh_modbus_master.c:409:13:gh_maybe_sync_slave_rtc	24	static
../Core/Src/gh_modbus_master.c:480:13:gh_refresh_rtc_clock_registers	16	static
../Core/Src/gh_modbus_master.c:502:13:gh_apply_rtc_set_request	40	static
../Core/Src/gh_modbus_master.c:527:16:gh_slave_to_index	16	static
../Core/Src/gh_modbus_master.c:532:13:gh_slave_id_valid	16	static
../Core/Src/gh_modbus_master.c:537:16:gh_quality_fail_offline_cycles	16	static
../Core/Src/gh_modbus_master.c:552:13:gh_modbus_read_holding_retry	40	static
../Core/Src/gh_modbus_master.c:602:13:gh_modbus_write_single_retry	32	static
../Core/Src/gh_modbus_master.c:635:13:gh_modbus_write_multi_retry	40	static
../Core/Src/gh_modbus_master.c:678:13:gh_set_slave_quality	24	static
../Core/Src/gh_modbus_master.c:698:13:gh_set_points_quality_for_slave	24	static
../Core/Src/gh_modbus_master.c:725:13:gh_set_quality_for_slave	16	static
../Core/Src/gh_modbus_master.c:740:44:gh_find_policy_for_slave	24	static
../Core/Src/gh_modbus_master.c:762:16:gh_policy_map_error_reason	16	static
../Core/Src/gh_modbus_master.c:771:17:gh_policy_recover_cycles	16	static
../Core/Src/gh_modbus_master.c:780:17:gh_policy_link_loss_threshold	16	static
../Core/Src/gh_modbus_master.c:789:16:gh_policy_action_for_reason	16	static
../Core/Src/gh_modbus_master.c:807:16:gh_policy_apply_action	16	static
../Core/Src/gh_modbus_master.c:828:13:gh_policy_log_transition	40	static
../Core/Src/gh_modbus_master.c:858:13:gh_decode_point_value	40	static
../Core/Src/gh_modbus_master.c:931:13:gh_publish_points_from_request	40	static
../Core/Src/gh_modbus_master.c:976:16:gh_point_word_width	16	static
../Core/Src/gh_modbus_master.c:993:43:gh_find_point_binding_by_id	32	static
../Core/Src/gh_modbus_master.c:1016:13:gh_command_ack_probe	72	static
../Core/Src/gh_modbus_master.c:1059:41:gh_find_command_profile	32	static
../Core/Src/gh_modbus_master.c:1083:13:gh_hhmm_is_valid	24	static
../Core/Src/gh_modbus_master.c:1091:16:gh_command_kind	16	static
../Core/Src/gh_modbus_master.c:1101:41:gh_find_next_schedule_step	32	static
../Core/Src/gh_modbus_master.c:1139:13:gh_validate_schedule_step	24	static
../Core/Src/gh_modbus_master.c:1185:13:gh_execute_data_driven_step	48	static
../Core/Src/gh_modbus_master.c:1287:13:gh_schedule_verify_apply_status	72	static
../Core/Src/gh_modbus_master.c:1344:13:gh_execute_data_driven_command	48	static
../Core/Src/gh_modbus_master.c:1423:13:gh_process_data_driven_command	88	static
../Core/Src/gh_modbus_master.c:1469:13:gh_service_pending_commands_during_idle	40	static
../Core/Src/gh_modbus_master.c:1488:34:gh_run_topology_cycle	280	static
../Core/Src/gh_modbus_master.c:1845:13:gh_run_safe_mode	48	static
../Core/Src/gh_modbus_master.c:1905:6:GH_ModbusMasterTask_Run	40	static
