../Core/Src/gh_modbus_map.c:187:13:map_ensure_mutex	8	static
../Core/Src/gh_modbus_map.c:203:13:map_lock	8	static
../Core/Src/gh_modbus_map.c:218:13:map_unlock	8	static
../Core/Src/gh_modbus_map.c:226:13:addr_to_index	24	static
../Core/Src/gh_modbus_map.c:257:13:slave_status_base	16	static
../Core/Src/gh_modbus_map.c:268:13:point_base	16	static
../Core/Src/gh_modbus_map.c:278:13:bump_slave_data_version_nolock	16	static
../Core/Src/gh_modbus_map.c:283:17:cfg_index	16	static
../Core/Src/gh_modbus_map.c:288:17:dbg_index	16	static
../Core/Src/gh_modbus_map.c:293:17:topo_index	16	static
../Core/Src/gh_modbus_map.c:298:17:dir_index	16	static
../Core/Src/gh_modbus_map.c:303:13:cfg_set_u32	24	static
../Core/Src/gh_modbus_map.c:309:13:dbg_set_u32	24	static
../Core/Src/gh_modbus_map.c:315:13:topo_set_u32	24	static
../Core/Src/gh_modbus_map.c:321:13:dir_set_u32	24	static
../Core/Src/gh_modbus_map.c:327:17:cfg_get_u32	24	static
../Core/Src/gh_modbus_map.c:333:17:topo_get_u32	24	static
../Core/Src/gh_modbus_map.c:339:13:map_refresh_point_modules_nolock	16	static
../Core/Src/gh_modbus_map.c:386:13:map_refresh_points_nolock	24	static
../Core/Src/gh_modbus_map.c:430:13:map_refresh_directory_nolock	24	static
../Core/Src/gh_modbus_map.c:459:13:map_refresh_runtime_diag_nolock	80	static
../Core/Src/gh_modbus_map.c:507:13:cfg_report_result_nolock	16	static
../Core/Src/gh_modbus_map.c:516:13:topo_report_result_nolock	24	static
../Core/Src/gh_modbus_map.c:527:6:GH_ModbusMap_ReportConfigResult	16	static
../Core/Src/gh_modbus_map.c:539:6:GH_ModbusMap_ReportTopologyResult	24	static
../Core/Src/gh_modbus_map.c:552:13:cfg_try_submit	160	static
../Core/Src/gh_modbus_map.c:593:13:topo_try_submit	280	static
../Core/Src/gh_modbus_map.c:646:13:cfg_maybe_submit_after_write	24	static
../Core/Src/gh_modbus_map.c:665:13:topo_maybe_submit_after_write	24	static
../Core/Src/gh_modbus_map.c:684:13:cmd_validate_write_nolock	40	static
../Core/Src/gh_modbus_map.c:723:13:cmd_validate_request_nolock	16	static
../Core/Src/gh_modbus_map.c:750:13:cmd_try_submit	80	static
../Core/Src/gh_modbus_map.c:788:13:cmd_maybe_submit_after_write	24	static
../Core/Src/gh_modbus_map.c:808:13:dir_maybe_submit_rtc_set_after_write	24	static
../Core/Src/gh_modbus_map.c:844:6:GH_ModbusMap_Init	16	static
../Core/Src/gh_modbus_map.c:918:6:GH_ModbusMap_UpdateAges	40	static
../Core/Src/gh_modbus_map.c:973:6:GH_ModbusMap_UpdateRtcTime	16	static
../Core/Src/gh_modbus_map.c:990:6:GH_ModbusMap_GetRtcSetRequest	16	static
../Core/Src/gh_modbus_map.c:1014:6:GH_ModbusMap_MarkRtcSetResult	24	static
../Core/Src/gh_modbus_map.c:1036:6:GH_ModbusMap_ReportRtcSyncDiag	24	static
../Core/Src/gh_modbus_map.c:1057:6:GH_ModbusMap_ReadRange	24	static
../Core/Src/gh_modbus_map.c:1076:6:GH_ModbusMap_WriteSingle	24	static
../Core/Src/gh_modbus_map.c:1104:6:GH_ModbusMap_WriteRange	24	static
../Core/Src/gh_modbus_map.c:1131:6:GH_ModbusMap_UpdateTelemetry	32	static
../Core/Src/gh_modbus_map.c:1159:6:GH_ModbusMap_ReportTimeout	32	static
../Core/Src/gh_modbus_map.c:1196:6:GH_ModbusMap_UpdateDiag	32	static
../Core/Src/gh_modbus_map.c:1216:6:GH_ModbusMap_GetDataDrivenCommandRequest	32	static
../Core/Src/gh_modbus_map.c:1237:6:GH_ModbusMap_MarkDataDrivenCommandResult	24	static
../Core/Src/gh_modbus_map.c:1267:11:GH_ModbusMap_GetBackingStore	4	static
../Core/Src/gh_modbus_map.c:1272:10:GH_ModbusMap_GetBackingStoreSize	4	static
