../Core/Src/gh_modbus_master.c:108:13:gh_get_server_rtc_hhmm	40	static
../Core/Src/gh_modbus_master.c:129:17:gh_rtc_sync_next_token	16	static
../Core/Src/gh_modbus_master.c:141:13:gh_rtc_sync_wait_ack	40	static
../Core/Src/gh_modbus_master.c:174:13:gh_rtc_sync_send	40	static
../Core/Src/gh_modbus_master.c:196:13:gh_rtc_sync_publish_diag	24	static
../Core/Src/gh_modbus_master.c:206:13:gh_rtc_sync_invalidate_all	8	static
../Core/Src/gh_modbus_master.c:213:13:gh_maybe_sync_slave_rtc	24	static
../Core/Src/gh_modbus_master.c:284:13:gh_refresh_rtc_clock_registers	16	static
../Core/Src/gh_modbus_master.c:306:13:gh_apply_rtc_set_request	40	static
../Core/Src/gh_modbus_master.c:331:16:gh_slave_to_index	16	static
../Core/Src/gh_modbus_master.c:336:13:gh_slave_id_valid	16	static
../Core/Src/gh_modbus_master.c:341:16:gh_quality_fail_offline_cycles	16	static
../Core/Src/gh_modbus_master.c:356:13:gh_modbus_read_holding_retry	40	static
../Core/Src/gh_modbus_master.c:406:13:gh_modbus_write_single_retry	32	static
../Core/Src/gh_modbus_master.c:439:13:gh_modbus_write_multi_retry	40	static
../Core/Src/gh_modbus_master.c:482:13:gh_set_slave_quality	24	static
../Core/Src/gh_modbus_master.c:502:13:gh_set_points_quality_for_slave	24	static
../Core/Src/gh_modbus_master.c:529:13:gh_set_quality_for_slave	16	static
../Core/Src/gh_modbus_master.c:544:44:gh_find_policy_for_slave	24	static
../Core/Src/gh_modbus_master.c:566:16:gh_policy_map_error_reason	16	static
../Core/Src/gh_modbus_master.c:575:17:gh_policy_recover_cycles	16	static
../Core/Src/gh_modbus_master.c:584:17:gh_policy_link_loss_threshold	16	static
../Core/Src/gh_modbus_master.c:593:16:gh_policy_action_for_reason	16	static
../Core/Src/gh_modbus_master.c:611:16:gh_policy_apply_action	16	static
../Core/Src/gh_modbus_master.c:632:13:gh_policy_log_transition	40	static
../Core/Src/gh_modbus_master.c:662:13:gh_decode_point_value	40	static
../Core/Src/gh_modbus_master.c:735:13:gh_publish_points_from_request	40	static
../Core/Src/gh_modbus_master.c:780:16:gh_point_word_width	16	static
../Core/Src/gh_modbus_master.c:797:43:gh_find_point_binding_by_id	32	static
../Core/Src/gh_modbus_master.c:820:13:gh_command_ack_probe	72	static
../Core/Src/gh_modbus_master.c:863:41:gh_find_command_profile	32	static
../Core/Src/gh_modbus_master.c:887:13:gh_hhmm_is_valid	24	static
../Core/Src/gh_modbus_master.c:895:16:gh_command_kind	16	static
../Core/Src/gh_modbus_master.c:905:41:gh_find_next_schedule_step	32	static
../Core/Src/gh_modbus_master.c:943:13:gh_validate_schedule_step	24	static
../Core/Src/gh_modbus_master.c:989:13:gh_execute_data_driven_step	48	static
../Core/Src/gh_modbus_master.c:1091:13:gh_schedule_verify_apply_status	72	static
../Core/Src/gh_modbus_master.c:1148:13:gh_execute_data_driven_command	48	static
../Core/Src/gh_modbus_master.c:1227:13:gh_process_data_driven_command	88	static
../Core/Src/gh_modbus_master.c:1273:13:gh_service_pending_commands_during_idle	40	static
../Core/Src/gh_modbus_master.c:1292:34:gh_run_topology_cycle	272	static
../Core/Src/gh_modbus_master.c:1610:13:gh_run_safe_mode	48	static
../Core/Src/gh_modbus_master.c:1670:6:GH_ModbusMasterTask_Run	40	static
