../Core/Src/gh_modbus_tcp_server.c:64:17:gh_tcp_get_u16_be	16	static
../Core/Src/gh_modbus_tcp_server.c:69:13:gh_tcp_set_u16_be	16	static
../Core/Src/gh_modbus_tcp_server.c:75:13:gh_tcp_network_ready	4	static
../Core/Src/gh_modbus_tcp_server.c:80:13:gh_tcp_diag_note_recv_err	16	static
../Core/Src/gh_modbus_tcp_server.c:86:13:gh_tcp_diag_note_send_err	16	static
../Core/Src/gh_modbus_tcp_server.c:92:13:gh_tcp_reset_rx_state	4	static
../Core/Src/gh_modbus_tcp_server.c:98:13:gh_tcp_close_client	8	static
../Core/Src/gh_modbus_tcp_server.c:110:13:gh_tcp_close_listener	8	static
../Core/Src/gh_modbus_tcp_server.c:121:13:gh_tcp_note_link_up	8	static
../Core/Src/gh_modbus_tcp_server.c:141:13:gh_tcp_note_link_down	8	static
../Core/Src/gh_modbus_tcp_server.c:164:13:gh_tcp_ensure_listener	16	static
../Core/Src/gh_modbus_tcp_server.c:203:13:gh_tcp_append_netbuf	24	static
../Core/Src/gh_modbus_tcp_server.c:238:17:gh_tcp_normalize_address	16	static
../Core/Src/gh_modbus_tcp_server.c:247:17:gh_tcp_build_exception_pdu	16	static
../Core/Src/gh_modbus_tcp_server.c:254:13:gh_tcp_send_pdu	32	static
../Core/Src/gh_modbus_tcp_server.c:294:13:gh_tcp_handle_fc3	32	static
../Core/Src/gh_modbus_tcp_server.c:338:13:gh_tcp_handle_fc6	32	static
../Core/Src/gh_modbus_tcp_server.c:366:13:gh_tcp_handle_fc16	40	static
../Core/Src/gh_modbus_tcp_server.c:410:13:gh_tcp_process_request	24	static
../Core/Src/gh_modbus_tcp_server.c:441:13:gh_tcp_process_rx_buffer	32	static
../Core/Src/gh_modbus_tcp_server.c:499:13:gh_tcp_service_client	24	static
../Core/Src/gh_modbus_tcp_server.c:562:6:GH_ModbusTcpServerTask_Run	24	static
../Core/Src/gh_modbus_tcp_server.c:623:10:GH_ModbusTcpServer_GetWorkerStackHwmWords	16	static
../Core/Src/gh_modbus_tcp_server.c:640:6:GH_ModbusTcpServer_GetDiag	24	static
../Core/Src/gh_modbus_tcp_server.c:652:6:GH_ModbusTcpServer_ClearDiag	8	static
