../Core/Src/gh_modbus_map.c:185:13:map_ensure_mutex	8	static
../Core/Src/gh_modbus_map.c:201:13:map_lock	8	static
../Core/Src/gh_modbus_map.c:216:13:map_unlock	8	static
../Core/Src/gh_modbus_map.c:224:13:addr_to_index	24	static
../Core/Src/gh_modbus_map.c:255:13:slave_status_base	16	static
../Core/Src/gh_modbus_map.c:266:13:cmd_base	16	static
../Core/Src/gh_modbus_map.c:276:13:point_base	16	static
../Core/Src/gh_modbus_map.c:286:13:bump_slave_data_version_nolock	16	static
../Core/Src/gh_modbus_map.c:291:17:cfg_index	16	static
../Core/Src/gh_modbus_map.c:296:17:dbg_index	16	static
../Core/Src/gh_modbus_map.c:301:17:topo_index	16	static
../Core/Src/gh_modbus_map.c:306:17:dir_index	16	static
../Core/Src/gh_modbus_map.c:311:13:cfg_set_u32	24	static
../Core/Src/gh_modbus_map.c:317:13:dbg_set_u32	24	static
../Core/Src/gh_modbus_map.c:323:13:topo_set_u32	24	static
../Core/Src/gh_modbus_map.c:329:13:dir_set_u32	24	static
../Core/Src/gh_modbus_map.c:335:17:cfg_get_u32	24	static
../Core/Src/gh_modbus_map.c:341:17:topo_get_u32	24	static
../Core/Src/gh_modbus_map.c:347:13:map_refresh_point_modules_nolock	16	static
../Core/Src/gh_modbus_map.c:394:13:map_refresh_points_nolock	24	static
../Core/Src/gh_modbus_map.c:438:13:map_refresh_directory_nolock	24	static
../Core/Src/gh_modbus_map.c:467:13:map_refresh_runtime_diag_nolock	80	static
../Core/Src/gh_modbus_map.c:515:13:cfg_report_result_nolock	16	static
../Core/Src/gh_modbus_map.c:524:13:topo_report_result_nolock	24	static
../Core/Src/gh_modbus_map.c:535:6:GH_ModbusMap_ReportConfigResult	16	static
../Core/Src/gh_modbus_map.c:547:6:GH_ModbusMap_ReportTopologyResult	24	static
../Core/Src/gh_modbus_map.c:560:13:cfg_try_submit	160	static
../Core/Src/gh_modbus_map.c:601:13:topo_try_submit	280	static
../Core/Src/gh_modbus_map.c:654:13:cfg_maybe_submit_after_write	24	static
../Core/Src/gh_modbus_map.c:673:13:topo_maybe_submit_after_write	24	static
../Core/Src/gh_modbus_map.c:692:13:dir_maybe_submit_rtc_set_after_write	24	static
../Core/Src/gh_modbus_map.c:728:6:GH_ModbusMap_Init	16	static
../Core/Src/gh_modbus_map.c:790:6:GH_ModbusMap_UpdateAges	40	static
../Core/Src/gh_modbus_map.c:845:6:GH_ModbusMap_UpdateRtcTime	16	static
../Core/Src/gh_modbus_map.c:862:6:GH_ModbusMap_GetRtcSetRequest	16	static
../Core/Src/gh_modbus_map.c:886:6:GH_ModbusMap_MarkRtcSetResult	24	static
../Core/Src/gh_modbus_map.c:908:6:GH_ModbusMap_ReportRtcSyncDiag	24	static
../Core/Src/gh_modbus_map.c:929:6:GH_ModbusMap_ReadRange	24	static
../Core/Src/gh_modbus_map.c:948:6:GH_ModbusMap_WriteSingle	24	static
../Core/Src/gh_modbus_map.c:968:6:GH_ModbusMap_WriteRange	24	static
../Core/Src/gh_modbus_map.c:989:6:GH_ModbusMap_UpdateTelemetry	32	static
../Core/Src/gh_modbus_map.c:1017:6:GH_ModbusMap_ReportTimeout	32	static
../Core/Src/gh_modbus_map.c:1054:6:GH_ModbusMap_UpdateDiag	32	static
../Core/Src/gh_modbus_map.c:1074:6:GH_ModbusMap_GetApplyRequest	24	static
../Core/Src/gh_modbus_map.c:1111:6:GH_ModbusMap_MarkApplyResult	24	static
../Core/Src/gh_modbus_map.c:1131:11:GH_ModbusMap_GetBackingStore	4	static
../Core/Src/gh_modbus_map.c:1136:10:GH_ModbusMap_GetBackingStoreSize	4	static
