../Core/Src/gh_modbus_map.c:51:13:addr_to_index	24	static
../Core/Src/gh_modbus_map.c:82:13:slave_to_base	24	static
../Core/Src/gh_modbus_map.c:94:13:bump_data_version	16	static
../Core/Src/gh_modbus_map.c:99:17:cfg_index	16	static
../Core/Src/gh_modbus_map.c:104:13:cfg_set_u32	24	static
../Core/Src/gh_modbus_map.c:110:17:cfg_get_u32	24	static
../Core/Src/gh_modbus_map.c:116:6:GH_ModbusMap_ReportConfigResult	16	static
../Core/Src/gh_modbus_map.c:125:13:cfg_try_submit	160	static
../Core/Src/gh_modbus_map.c:166:13:cfg_maybe_submit_after_write	24	static
../Core/Src/gh_modbus_map.c:185:6:GH_ModbusMap_Init	16	static
../Core/Src/gh_modbus_map.c:210:6:GH_ModbusMap_UpdateAges	32	static
../Core/Src/gh_modbus_map.c:238:6:GH_ModbusMap_ReadRange	24	static
../Core/Src/gh_modbus_map.c:251:6:GH_ModbusMap_WriteSingle	24	static
../Core/Src/gh_modbus_map.c:263:6:GH_ModbusMap_WriteRange	24	static
../Core/Src/gh_modbus_map.c:277:6:GH_ModbusMap_UpdateTelemetry	32	static
../Core/Src/gh_modbus_map.c:303:6:GH_ModbusMap_ReportTimeout	24	static
../Core/Src/gh_modbus_map.c:316:6:GH_ModbusMap_UpdateDiag	32	static
../Core/Src/gh_modbus_map.c:331:6:GH_ModbusMap_GetApplyRequest	24	static
../Core/Src/gh_modbus_map.c:362:6:GH_ModbusMap_MarkApplyResult	24	static
../Core/Src/gh_modbus_map.c:376:11:GH_ModbusMap_GetBackingStore	4	static
../Core/Src/gh_modbus_map.c:381:10:GH_ModbusMap_GetBackingStoreSize	4	static
