../Core/Src/gh_modbus_master.c:88:13:gh_get_server_rtc_hhmm	40	static
../Core/Src/gh_modbus_master.c:109:17:gh_rtc_sync_next_token	16	static
../Core/Src/gh_modbus_master.c:121:13:gh_rtc_sync_wait_ack	40	static
../Core/Src/gh_modbus_master.c:154:13:gh_rtc_sync_send	40	static
../Core/Src/gh_modbus_master.c:176:13:gh_rtc_sync_publish_diag	24	static
../Core/Src/gh_modbus_master.c:186:13:gh_maybe_sync_slave_rtc	24	static
../Core/Src/gh_modbus_master.c:257:13:gh_refresh_rtc_clock_registers	16	static
../Core/Src/gh_modbus_master.c:279:13:gh_apply_rtc_set_request	40	static
../Core/Src/gh_modbus_master.c:303:16:gh_slave_to_index	16	static
../Core/Src/gh_modbus_master.c:308:13:gh_slave_id_valid	16	static
../Core/Src/gh_modbus_master.c:313:16:gh_quality_fail_offline_cycles	16	static
../Core/Src/gh_modbus_master.c:328:13:gh_slave_enabled	24	static
../Core/Src/gh_modbus_master.c:341:13:gh_modbus_read_holding_retry	40	static
../Core/Src/gh_modbus_master.c:391:13:gh_modbus_write_single_retry	32	static
../Core/Src/gh_modbus_master.c:424:13:gh_modbus_write_multi_retry	40	static
../Core/Src/gh_modbus_master.c:467:13:gh_set_slave_quality	24	static
../Core/Src/gh_modbus_master.c:487:13:gh_set_points_quality_for_slave	24	static
../Core/Src/gh_modbus_master.c:514:13:gh_set_quality_for_slave	16	static
../Core/Src/gh_modbus_master.c:529:44:gh_find_policy_for_slave	24	static
../Core/Src/gh_modbus_master.c:551:16:gh_policy_map_error_reason	16	static
../Core/Src/gh_modbus_master.c:560:17:gh_policy_recover_cycles	16	static
../Core/Src/gh_modbus_master.c:569:17:gh_policy_link_loss_threshold	16	static
../Core/Src/gh_modbus_master.c:578:16:gh_policy_action_for_reason	16	static
../Core/Src/gh_modbus_master.c:596:16:gh_policy_apply_action	16	static
../Core/Src/gh_modbus_master.c:617:13:gh_policy_log_transition	40	static
../Core/Src/gh_modbus_master.c:647:13:gh_decode_point_value	40	static
../Core/Src/gh_modbus_master.c:720:13:gh_publish_points_from_request	40	static
../Core/Src/gh_modbus_master.c:765:16:gh_point_word_width	16	static
../Core/Src/gh_modbus_master.c:782:43:gh_find_point_binding_by_id	32	static
../Core/Src/gh_modbus_master.c:805:13:gh_command_ack_probe	72	static
../Core/Src/gh_modbus_master.c:848:13:gh_apply_request_legacy_execute	32	static
../Core/Src/gh_modbus_master.c:892:13:gh_apply_request_topology_execute	72	static
../Core/Src/gh_modbus_master.c:967:13:gh_apply_request_for_slave	64	static
../Core/Src/gh_modbus_master.c:1005:13:gh_apply_requests_for_mask	40	static
../Core/Src/gh_modbus_master.c:1024:13:gh_run_topology_cycle	272	static
../Core/Src/gh_modbus_master.c:1323:13:gh_run_legacy_cycle	112	static
../Core/Src/gh_modbus_master.c:1466:6:GH_ModbusMasterTask_Run	32	static
