../Core/Src/gh_modbus_map.c:201:13:map_ensure_mutex	8	static
../Core/Src/gh_modbus_map.c:217:13:map_lock	8	static
../Core/Src/gh_modbus_map.c:232:13:map_unlock	8	static
../Core/Src/gh_modbus_map.c:240:13:addr_to_index	24	static
../Core/Src/gh_modbus_map.c:271:13:slave_status_base	16	static
../Core/Src/gh_modbus_map.c:282:13:cmd_base	16	static
../Core/Src/gh_modbus_map.c:292:13:sched_base	16	static
../Core/Src/gh_modbus_map.c:302:13:point_base	16	static
../Core/Src/gh_modbus_map.c:312:13:bump_slave_data_version_nolock	16	static
../Core/Src/gh_modbus_map.c:317:17:cfg_index	16	static
../Core/Src/gh_modbus_map.c:322:17:dbg_index	16	static
../Core/Src/gh_modbus_map.c:327:17:topo_index	16	static
../Core/Src/gh_modbus_map.c:332:17:dir_index	16	static
../Core/Src/gh_modbus_map.c:337:13:cfg_set_u32	24	static
../Core/Src/gh_modbus_map.c:343:13:dbg_set_u32	24	static
../Core/Src/gh_modbus_map.c:349:13:topo_set_u32	24	static
../Core/Src/gh_modbus_map.c:355:13:dir_set_u32	24	static
../Core/Src/gh_modbus_map.c:361:17:cfg_get_u32	24	static
../Core/Src/gh_modbus_map.c:367:17:topo_get_u32	24	static
../Core/Src/gh_modbus_map.c:373:13:map_refresh_point_modules_nolock	16	static
../Core/Src/gh_modbus_map.c:420:13:map_refresh_points_nolock	24	static
../Core/Src/gh_modbus_map.c:464:13:map_refresh_directory_nolock	24	static
../Core/Src/gh_modbus_map.c:495:13:map_refresh_runtime_diag_nolock	80	static
../Core/Src/gh_modbus_map.c:543:13:cfg_report_result_nolock	16	static
../Core/Src/gh_modbus_map.c:552:13:topo_report_result_nolock	24	static
../Core/Src/gh_modbus_map.c:563:6:GH_ModbusMap_ReportConfigResult	16	static
../Core/Src/gh_modbus_map.c:575:6:GH_ModbusMap_ReportTopologyResult	24	static
../Core/Src/gh_modbus_map.c:588:13:cfg_try_submit	160	static
../Core/Src/gh_modbus_map.c:629:13:topo_try_submit	280	static
../Core/Src/gh_modbus_map.c:682:13:cfg_maybe_submit_after_write	24	static
../Core/Src/gh_modbus_map.c:701:13:topo_maybe_submit_after_write	24	static
../Core/Src/gh_modbus_map.c:720:13:dir_maybe_submit_rtc_set_after_write	24	static
../Core/Src/gh_modbus_map.c:756:6:GH_ModbusMap_Init	24	static
../Core/Src/gh_modbus_map.c:825:6:GH_ModbusMap_UpdateAges	40	static
../Core/Src/gh_modbus_map.c:880:6:GH_ModbusMap_UpdateRtcTime	16	static
../Core/Src/gh_modbus_map.c:897:6:GH_ModbusMap_GetRtcSetRequest	16	static
../Core/Src/gh_modbus_map.c:921:6:GH_ModbusMap_MarkRtcSetResult	24	static
../Core/Src/gh_modbus_map.c:943:6:GH_ModbusMap_ReportRtcSyncDiag	24	static
../Core/Src/gh_modbus_map.c:964:6:GH_ModbusMap_ReadRange	24	static
../Core/Src/gh_modbus_map.c:983:6:GH_ModbusMap_WriteSingle	24	static
../Core/Src/gh_modbus_map.c:1003:6:GH_ModbusMap_WriteRange	24	static
../Core/Src/gh_modbus_map.c:1024:6:GH_ModbusMap_UpdateTelemetry	32	static
../Core/Src/gh_modbus_map.c:1052:6:GH_ModbusMap_ReportTimeout	32	static
../Core/Src/gh_modbus_map.c:1089:6:GH_ModbusMap_UpdateDiag	32	static
../Core/Src/gh_modbus_map.c:1109:6:GH_ModbusMap_GetApplyRequest	24	static
../Core/Src/gh_modbus_map.c:1146:6:GH_ModbusMap_MarkApplyResult	24	static
../Core/Src/gh_modbus_map.c:1166:6:GH_ModbusMap_GetScheduleApplyRequest	32	static
../Core/Src/gh_modbus_map.c:1210:6:GH_ModbusMap_MarkScheduleApplyResult	24	static
../Core/Src/gh_modbus_map.c:1235:11:GH_ModbusMap_GetBackingStore	4	static
../Core/Src/gh_modbus_map.c:1240:10:GH_ModbusMap_GetBackingStoreSize	4	static
