../Core/Src/gh_modbus_master.c:102:13:gh_get_server_rtc_hhmm	40	static
../Core/Src/gh_modbus_master.c:123:17:gh_rtc_sync_next_token	16	static
../Core/Src/gh_modbus_master.c:135:13:gh_rtc_sync_wait_ack	40	static
../Core/Src/gh_modbus_master.c:168:13:gh_rtc_sync_send	40	static
../Core/Src/gh_modbus_master.c:190:13:gh_rtc_sync_publish_diag	24	static
../Core/Src/gh_modbus_master.c:200:13:gh_maybe_sync_slave_rtc	24	static
../Core/Src/gh_modbus_master.c:271:13:gh_refresh_rtc_clock_registers	16	static
../Core/Src/gh_modbus_master.c:293:13:gh_apply_rtc_set_request	40	static
../Core/Src/gh_modbus_master.c:317:16:gh_slave_to_index	16	static
../Core/Src/gh_modbus_master.c:322:13:gh_slave_id_valid	16	static
../Core/Src/gh_modbus_master.c:327:16:gh_quality_fail_offline_cycles	16	static
../Core/Src/gh_modbus_master.c:342:13:gh_slave_enabled	24	static
../Core/Src/gh_modbus_master.c:355:13:gh_modbus_read_holding_retry	40	static
../Core/Src/gh_modbus_master.c:405:13:gh_modbus_write_single_retry	32	static
../Core/Src/gh_modbus_master.c:438:13:gh_modbus_write_multi_retry	40	static
../Core/Src/gh_modbus_master.c:481:13:gh_hhmm_is_valid	24	static
../Core/Src/gh_modbus_master.c:489:17:gh_schedule_event_for_io_error	16	static
../Core/Src/gh_modbus_master.c:503:13:gh_schedule_publish_failure	32	static
../Core/Src/gh_modbus_master.c:514:13:gh_apply_schedule_request_execute	96	static
../Core/Src/gh_modbus_master.c:636:13:gh_set_slave_quality	24	static
../Core/Src/gh_modbus_master.c:656:13:gh_set_points_quality_for_slave	24	static
../Core/Src/gh_modbus_master.c:683:13:gh_set_quality_for_slave	16	static
../Core/Src/gh_modbus_master.c:698:44:gh_find_policy_for_slave	24	static
../Core/Src/gh_modbus_master.c:720:16:gh_policy_map_error_reason	16	static
../Core/Src/gh_modbus_master.c:729:17:gh_policy_recover_cycles	16	static
../Core/Src/gh_modbus_master.c:738:17:gh_policy_link_loss_threshold	16	static
../Core/Src/gh_modbus_master.c:747:16:gh_policy_action_for_reason	16	static
../Core/Src/gh_modbus_master.c:765:16:gh_policy_apply_action	16	static
../Core/Src/gh_modbus_master.c:786:13:gh_policy_log_transition	40	static
../Core/Src/gh_modbus_master.c:816:13:gh_decode_point_value	40	static
../Core/Src/gh_modbus_master.c:889:13:gh_publish_points_from_request	40	static
../Core/Src/gh_modbus_master.c:934:16:gh_point_word_width	16	static
../Core/Src/gh_modbus_master.c:951:43:gh_find_point_binding_by_id	32	static
../Core/Src/gh_modbus_master.c:974:13:gh_command_ack_probe	72	static
../Core/Src/gh_modbus_master.c:1017:13:gh_apply_request_legacy_execute	32	static
../Core/Src/gh_modbus_master.c:1061:13:gh_apply_request_topology_execute	72	static
../Core/Src/gh_modbus_master.c:1136:13:gh_apply_request_for_slave	112	static
../Core/Src/gh_modbus_master.c:1186:13:gh_apply_requests_for_mask	40	static
../Core/Src/gh_modbus_master.c:1205:13:gh_run_topology_cycle	272	static
../Core/Src/gh_modbus_master.c:1504:13:gh_run_legacy_cycle	112	static
../Core/Src/gh_modbus_master.c:1647:6:GH_ModbusMasterTask_Run	32	static
