../Core/Src/gh_modbus_map.c:176:13:map_ensure_mutex	8	static
../Core/Src/gh_modbus_map.c:192:13:map_lock	8	static
../Core/Src/gh_modbus_map.c:207:13:map_unlock	8	static
../Core/Src/gh_modbus_map.c:215:13:addr_to_index	24	static
../Core/Src/gh_modbus_map.c:246:13:slave_status_base	16	static
../Core/Src/gh_modbus_map.c:257:13:cmd_base	16	static
../Core/Src/gh_modbus_map.c:267:13:point_base	16	static
../Core/Src/gh_modbus_map.c:277:13:bump_slave_data_version_nolock	16	static
../Core/Src/gh_modbus_map.c:282:17:cfg_index	16	static
../Core/Src/gh_modbus_map.c:287:17:dbg_index	16	static
../Core/Src/gh_modbus_map.c:292:17:topo_index	16	static
../Core/Src/gh_modbus_map.c:297:17:dir_index	16	static
../Core/Src/gh_modbus_map.c:302:13:cfg_set_u32	24	static
../Core/Src/gh_modbus_map.c:308:13:dbg_set_u32	24	static
../Core/Src/gh_modbus_map.c:314:13:topo_set_u32	24	static
../Core/Src/gh_modbus_map.c:320:13:dir_set_u32	24	static
../Core/Src/gh_modbus_map.c:326:17:cfg_get_u32	24	static
../Core/Src/gh_modbus_map.c:332:17:topo_get_u32	24	static
../Core/Src/gh_modbus_map.c:338:13:map_refresh_point_modules_nolock	16	static
../Core/Src/gh_modbus_map.c:385:13:map_refresh_points_nolock	24	static
../Core/Src/gh_modbus_map.c:429:13:map_refresh_directory_nolock	24	static
../Core/Src/gh_modbus_map.c:458:13:map_refresh_runtime_diag_nolock	80	static
../Core/Src/gh_modbus_map.c:506:13:cfg_report_result_nolock	16	static
../Core/Src/gh_modbus_map.c:515:13:topo_report_result_nolock	24	static
../Core/Src/gh_modbus_map.c:526:6:GH_ModbusMap_ReportConfigResult	16	static
../Core/Src/gh_modbus_map.c:538:6:GH_ModbusMap_ReportTopologyResult	24	static
../Core/Src/gh_modbus_map.c:551:13:cfg_try_submit	160	static
../Core/Src/gh_modbus_map.c:592:13:topo_try_submit	280	static
../Core/Src/gh_modbus_map.c:645:13:cfg_maybe_submit_after_write	24	static
../Core/Src/gh_modbus_map.c:664:13:topo_maybe_submit_after_write	24	static
../Core/Src/gh_modbus_map.c:683:13:dir_maybe_submit_rtc_set_after_write	24	static
../Core/Src/gh_modbus_map.c:719:6:GH_ModbusMap_Init	16	static
../Core/Src/gh_modbus_map.c:781:6:GH_ModbusMap_UpdateAges	40	static
../Core/Src/gh_modbus_map.c:836:6:GH_ModbusMap_UpdateRtcTime	16	static
../Core/Src/gh_modbus_map.c:853:6:GH_ModbusMap_GetRtcSetRequest	16	static
../Core/Src/gh_modbus_map.c:877:6:GH_ModbusMap_MarkRtcSetResult	24	static
../Core/Src/gh_modbus_map.c:899:6:GH_ModbusMap_ReadRange	24	static
../Core/Src/gh_modbus_map.c:918:6:GH_ModbusMap_WriteSingle	24	static
../Core/Src/gh_modbus_map.c:938:6:GH_ModbusMap_WriteRange	24	static
../Core/Src/gh_modbus_map.c:959:6:GH_ModbusMap_UpdateTelemetry	32	static
../Core/Src/gh_modbus_map.c:987:6:GH_ModbusMap_ReportTimeout	32	static
../Core/Src/gh_modbus_map.c:1024:6:GH_ModbusMap_UpdateDiag	32	static
../Core/Src/gh_modbus_map.c:1044:6:GH_ModbusMap_GetApplyRequest	24	static
../Core/Src/gh_modbus_map.c:1081:6:GH_ModbusMap_MarkApplyResult	24	static
../Core/Src/gh_modbus_map.c:1101:11:GH_ModbusMap_GetBackingStore	4	static
../Core/Src/gh_modbus_map.c:1106:10:GH_ModbusMap_GetBackingStoreSize	4	static
