../Core/Src/main.c:244:6:task_heartbeat_kick	16	static
../Core/Src/main.c:251:13:sensors_init_defaults	16	static
../Core/Src/main.c:263:13:flash_write_words	48	static
../Core/Src/main.c:282:13:config_slot_read	24	static
../Core/Src/main.c:306:6:config_write_to_slot	88	static
../Core/Src/main.c:345:13:config_load_or_default	288	static
../Core/Src/main.c:376:6:publish_event	24	static
../Core/Src/main.c:392:5:main	8	static
../Core/Src/main.c:482:6:SystemClock_Config	88	static
../Core/Src/main.c:525:13:MX_RTC_Init	32	static
../Core/Src/main.c:586:13:MX_USART2_UART_Init	8	static
../Core/Src/main.c:619:13:MX_GPIO_Init	48	static
../Core/Src/main.c:647:6:StartControlTask	152	static
../Core/Src/main.c:664:6:StartModbusMasterTask	16	static
../Core/Src/main.c:669:6:StartModbusTcpServerTask	16	static
../Core/Src/main.c:674:6:StartConfigStorageTask	16	static
../Core/Src/main.c:679:6:StartHealthWatchdogTask	32	static
../Core/Src/main.c:737:6:StartDefaultTask	16	static
../Core/Src/main.c:760:6:HAL_TIM_PeriodElapsedCallback	16	static
../Core/Src/main.c:777:6:Error_Handler	4	static,ignoring_inline_asm
