../Drivers/CMSIS/Include/core_cm4.h:1938:34:__NVIC_SystemReset	4	static
../Core/Src/main.c:165:6:task_heartbeat_kick	16	static
../Core/Src/main.c:172:13:store_reset_reason	56	static
../Core/Src/main.c:182:13:iwdg_init	24	static
../Core/Src/main.c:204:13:iwdg_refresh	4	static
../Core/Src/main.c:209:17:task_stack_hwm_words	24	static
../Core/Src/main.c:227:13:sensors_init_defaults	16	static
../Core/Src/main.c:239:13:flash_write_words	48	static
../Core/Src/main.c:258:13:config_slot_read	24	static
../Core/Src/main.c:282:6:config_write_to_slot	88	static
../Core/Src/main.c:321:13:config_load_or_default	288	static
../Core/Src/main.c:352:6:publish_event	24	static
../Core/Src/main.c:368:5:main	8	static
../Core/Src/main.c:459:6:SystemClock_Config	88	static
../Core/Src/main.c:502:13:MX_RTC_Init	32	static
../Core/Src/main.c:563:13:MX_USART2_UART_Init	8	static
../Core/Src/main.c:596:13:MX_IWDG_Init	8	static
../Core/Src/main.c:609:13:MX_GPIO_Init	48	static
../Core/Src/main.c:637:6:StartControlTask	160	static
../Core/Src/main.c:658:6:StartModbusMasterTask	16	static
../Core/Src/main.c:663:6:StartModbusTcpServerTask	16	static
../Core/Src/main.c:668:6:StartConfigStorageTask	16	static
../Core/Src/main.c:673:6:StartHealthWatchdogTask	32	static
../Core/Src/main.c:748:6:StartDefaultTask	16	static
../Core/Src/main.c:771:6:HAL_TIM_PeriodElapsedCallback	16	static
../Core/Src/main.c:788:6:Error_Handler	8	static
