../Core/Src/main.c:82:17:modbus_crc16	24	static
../Core/Src/main.c:107:26:modbus_send_test	24	static
../Core/Src/main.c:142:5:main	8	static
../Core/Src/main.c:224:6:SystemClock_Config	88	static
../Core/Src/main.c:267:13:MX_RTC_Init	32	static
../Core/Src/main.c:328:13:MX_USART2_UART_Init	8	static
../Core/Src/main.c:361:13:MX_GPIO_Init	40	static
../Core/Src/main.c:396:6:StartDefaultTask	16	static
../Core/Src/main.c:421:6:HAL_TIM_PeriodElapsedCallback	16	static
../Core/Src/main.c:438:6:Error_Handler	4	static,ignoring_inline_asm
