../Drivers/CMSIS/Include/core_cm4.h:1938:34:__NVIC_SystemReset	4	static,ignoring_inline_asm
../Core/Src/main.c:164:6:task_heartbeat_kick	16	static
../Core/Src/main.c:171:13:store_reset_reason	56	static
../Core/Src/main.c:181:13:iwdg_init	24	static
../Core/Src/main.c:203:13:iwdg_refresh	4	static
../Core/Src/main.c:208:13:sensors_init_defaults	16	static
../Core/Src/main.c:220:13:flash_write_words	48	static
../Core/Src/main.c:239:13:config_slot_read	24	static
../Core/Src/main.c:263:6:config_write_to_slot	88	static
../Core/Src/main.c:302:13:config_load_or_default	288	static
../Core/Src/main.c:333:6:publish_event	24	static
../Core/Src/main.c:349:5:main	8	static
../Core/Src/main.c:440:6:SystemClock_Config	88	static
../Core/Src/main.c:483:13:MX_RTC_Init	32	static
../Core/Src/main.c:544:13:MX_USART2_UART_Init	8	static
../Core/Src/main.c:577:13:MX_IWDG_Init	8	static
../Core/Src/main.c:590:13:MX_GPIO_Init	48	static
../Core/Src/main.c:618:6:StartControlTask	152	static
../Core/Src/main.c:635:6:StartModbusMasterTask	16	static
../Core/Src/main.c:640:6:StartModbusTcpServerTask	16	static
../Core/Src/main.c:645:6:StartConfigStorageTask	16	static
../Core/Src/main.c:650:6:StartHealthWatchdogTask	32	static
../Core/Src/main.c:717:6:StartDefaultTask	16	static
../Core/Src/main.c:740:6:HAL_TIM_PeriodElapsedCallback	16	static
../Core/Src/main.c:757:6:Error_Handler	8	static,ignoring_inline_asm
