../Core/Src/main.c:404:17:modbus_crc16	24	static
../Core/Src/main.c:428:17:crc32_compute	32	static
../Core/Src/main.c:451:13:task_heartbeat_kick	16	static
../Core/Src/main.c:458:13:float_in_range	16	static
../Core/Src/main.c:463:13:rs485_set_tx	16	static
../Core/Src/main.c:468:13:uart_drain_rx	24	static
../Core/Src/main.c:477:13:modbus_read_holding_registers	112	static
../Core/Src/main.c:538:13:sensors_init_defaults	16	static
../Core/Src/main.c:550:13:flash_write_words	48	static
../Core/Src/main.c:569:13:config_slot_read	24	static
../Core/Src/main.c:593:13:config_write_to_slot	88	static
../Core/Src/main.c:632:13:config_load_or_default	288	static
../Core/Src/main.c:663:24:validate_config_payload	32	static
../Core/Src/main.c:687:13:enqueue_tx	832	static
../Core/Src/main.c:703:13:net_send_frame	856	static
../Core/Src/main.c:729:13:publish_event	48	static
../Core/Src/main.c:743:13:event_store	24	static
../Core/Src/main.c:770:24:event_find	24	static
../Core/Src/main.c:785:13:event_ack	24	static
../Core/Src/main.c:795:13:send_event_record	40	static
../Core/Src/main.c:815:13:process_rx_message	440	static
../Core/Src/main.c:910:13:process_rx_stream	48	static
../Core/Src/main.c:956:13:send_events_backlog	24	static
../Core/Src/main.c:976:5:main	8	static
../Core/Src/main.c:1071:6:SystemClock_Config	88	static
../Core/Src/main.c:1114:13:MX_RTC_Init	32	static
../Core/Src/main.c:1175:13:MX_USART2_UART_Init	8	static
../Core/Src/main.c:1208:13:MX_GPIO_Init	48	static
../Core/Src/main.c:1236:6:StartControlTask	152	static
../Core/Src/main.c:1252:6:StartModbusMasterTask	96	static
../Core/Src/main.c:1304:6:StartNetServerTask	1096	static
../Core/Src/main.c:1380:6:StartTelemetryTask	776	static
../Core/Src/main.c:1401:6:StartEventTask	56	static
../Core/Src/main.c:1451:6:StartConfigStorageTask	304	static
../Core/Src/main.c:1494:6:StartHealthWatchdogTask	24	static
../Core/Src/main.c:1528:6:StartDefaultTask	16	static
../Core/Src/main.c:1552:6:HAL_TIM_PeriodElapsedCallback	16	static
../Core/Src/main.c:1569:6:Error_Handler	4	static,ignoring_inline_asm
