../Core/Src/Modbus.c:120:17:TCPgetIdleCycleLimit	32	static
../Core/Src/Modbus.c:147:6:RingAdd	16	static
../Core/Src/Modbus.c:166:9:RingGetAllBytes	16	static
../Core/Src/Modbus.c:172:9:RingGetNBytes	32	static
../Core/Src/Modbus.c:190:9:RingCountBytes	16	static
../Core/Src/Modbus.c:195:6:RingClear	16	static
../Core/Src/Modbus.c:228:6:ModbusInit	24	static
../Core/Src/Modbus.c:346:6:ModbusStart	16	static
../Core/Src/Modbus.c:472:6:vTimerCallbackT35	32	static
../Core/Src/Modbus.c:491:6:vTimerCallbackTimeout	24	static
../Core/Src/Modbus.c:510:6:TCPwaitConnData	56	static
../Core/Src/Modbus.c:663:7:TCPinitserver	24	static
../Core/Src/Modbus.c:703:6:StartTaskModbusSlave	24	static
../Core/Src/Modbus.c:859:6:ModbusQuery	16	static
../Core/Src/Modbus.c:872:10:ModbusQueryV2	16	static
../Core/Src/Modbus.c:891:6:ModbusQueryInject	16	static
../Core/Src/Modbus.c:901:6:ModbusCloseConn	16	static
../Core/Src/Modbus.c:912:6:ModbusCloseConnNull	16	static
../Core/Src/Modbus.c:925:6:ModbusTcpGetDiag	24	static
../Core/Src/Modbus.c:933:6:ModbusTcpClearDiag	4	static
../Core/Src/Modbus.c:961:8:SendQuery	24	static
../Core/Src/Modbus.c:1070:21:TCPconnectserver	24	static
../Core/Src/Modbus.c:1114:20:TCPgetRxBuffer	48	static
../Core/Src/Modbus.c:1171:6:StartTaskModbusMaster	80	static
../Core/Src/Modbus.c:1325:6:get_FC1	32	static
../Core/Src/Modbus.c:1350:6:get_FC3	32	static
../Core/Src/Modbus.c:1371:9:validateAnswer	24	static
../Core/Src/Modbus.c:1426:9:getRxBuffer	24	static
../Core/Src/Modbus.c:1467:9:validateRequest	24	static
../Core/Src/Modbus.c:1585:10:word	24	static
../Core/Src/Modbus.c:1603:10:calcCRC	32	static
../Core/Src/Modbus.c:1636:6:buildException	24	static
../Core/Src/Modbus.c:1662:13:sendTxBuffer	64	static
../Core/Src/Modbus.c:1835:8:process_FC1	32	static
../Core/Src/Modbus.c:1891:8:process_FC3	272	static
../Core/Src/Modbus.c:1947:8:process_FC5	24	static
../Core/Src/Modbus.c:1981:8:process_FC6	24	static
../Core/Src/Modbus.c:2020:8:process_FC15	32	static
../Core/Src/Modbus.c:2077:8:process_FC16	288	static
