../Core/Src/Modbus.c:122:17:TCPgetIdleCycleLimit	32	static
../Core/Src/Modbus.c:142:13:TCPclearClientRx	16	static
../Core/Src/Modbus.c:150:13:TCPappendNetbufData	24	static
../Core/Src/Modbus.c:180:13:TCPextractFrame	24	static
../Core/Src/Modbus.c:255:6:RingAdd	16	static
../Core/Src/Modbus.c:274:9:RingGetAllBytes	16	static
../Core/Src/Modbus.c:280:9:RingGetNBytes	32	static
../Core/Src/Modbus.c:298:9:RingCountBytes	16	static
../Core/Src/Modbus.c:303:6:RingClear	16	static
../Core/Src/Modbus.c:336:6:ModbusInit	32	static
../Core/Src/Modbus.c:497:6:ModbusStart	24	static
../Core/Src/Modbus.c:623:6:vTimerCallbackT35	32	static
../Core/Src/Modbus.c:642:6:vTimerCallbackTimeout	24	static
../Core/Src/Modbus.c:661:6:TCPwaitConnData	40	static
../Core/Src/Modbus.c:789:7:TCPinitserver	24	static
../Core/Src/Modbus.c:825:6:StartTaskModbusSlave	24	static
../Core/Src/Modbus.c:981:6:ModbusQuery	16	static
../Core/Src/Modbus.c:995:10:ModbusQueryV2	16	static
../Core/Src/Modbus.c:1015:6:ModbusQueryInject	16	static
../Core/Src/Modbus.c:1025:6:ModbusCloseConn	16	static
../Core/Src/Modbus.c:1036:6:ModbusCloseConnNull	16	static
../Core/Src/Modbus.c:1050:6:ModbusTcpGetDiag	24	static
../Core/Src/Modbus.c:1058:6:ModbusTcpClearDiag	4	static
../Core/Src/Modbus.c:1086:8:SendQuery	24	static
../Core/Src/Modbus.c:1195:21:TCPconnectserver	24	static
../Core/Src/Modbus.c:1236:20:TCPgetRxBuffer	48	static
../Core/Src/Modbus.c:1293:6:StartTaskModbusMaster	80	static
../Core/Src/Modbus.c:1447:6:get_FC1	32	static
../Core/Src/Modbus.c:1472:6:get_FC3	32	static
../Core/Src/Modbus.c:1493:9:validateAnswer	24	static
../Core/Src/Modbus.c:1548:9:getRxBuffer	24	static
../Core/Src/Modbus.c:1589:9:validateRequest	24	static
../Core/Src/Modbus.c:1707:10:word	24	static
../Core/Src/Modbus.c:1725:10:calcCRC	32	static
../Core/Src/Modbus.c:1758:6:buildException	24	static
../Core/Src/Modbus.c:1784:13:sendTxBuffer	64	static
../Core/Src/Modbus.c:1957:8:process_FC1	32	static
../Core/Src/Modbus.c:2013:8:process_FC3	272	static
../Core/Src/Modbus.c:2069:8:process_FC5	24	static
../Core/Src/Modbus.c:2103:8:process_FC6	24	static
../Core/Src/Modbus.c:2142:8:process_FC15	32	static
../Core/Src/Modbus.c:2199:8:process_FC16	288	static
