../Drivers/CMSIS/Include/core_cm4.h:1938:34:__NVIC_SystemReset	4	static,ignoring_inline_asm
../Core/Src/stm32f4xx_it.c:72:6:NMI_Handler	8	static,ignoring_inline_asm
../Core/Src/stm32f4xx_it.c:86:6:HardFault_Handler	8	static,ignoring_inline_asm
../Core/Src/stm32f4xx_it.c:98:6:MemManage_Handler	8	static,ignoring_inline_asm
../Core/Src/stm32f4xx_it.c:110:6:BusFault_Handler	8	static,ignoring_inline_asm
../Core/Src/stm32f4xx_it.c:122:6:UsageFault_Handler	8	static,ignoring_inline_asm
../Core/Src/stm32f4xx_it.c:134:6:DebugMon_Handler	4	static
../Core/Src/stm32f4xx_it.c:154:6:TIM1_UP_TIM10_IRQHandler	8	static
../Core/Src/stm32f4xx_it.c:168:6:USART2_IRQHandler	8	static
../Core/Src/stm32f4xx_it.c:182:6:ETH_IRQHandler	8	static
