../Core/Src/gh_modbus_map.c:175:13:map_ensure_mutex	8	static
../Core/Src/gh_modbus_map.c:191:13:map_lock	8	static
../Core/Src/gh_modbus_map.c:206:13:map_unlock	8	static
../Core/Src/gh_modbus_map.c:214:13:addr_to_index	24	static
../Core/Src/gh_modbus_map.c:245:13:slave_status_base	16	static
../Core/Src/gh_modbus_map.c:256:13:point_base	16	static
../Core/Src/gh_modbus_map.c:266:13:bump_slave_data_version_nolock	16	static
../Core/Src/gh_modbus_map.c:271:17:cfg_index	16	static
../Core/Src/gh_modbus_map.c:276:17:dbg_index	16	static
../Core/Src/gh_modbus_map.c:281:17:topo_index	16	static
../Core/Src/gh_modbus_map.c:286:17:trace_index	16	static
../Core/Src/gh_modbus_map.c:291:17:dir_index	16	static
../Core/Src/gh_modbus_map.c:296:13:cfg_set_u32	24	static
../Core/Src/gh_modbus_map.c:302:13:dbg_set_u32	24	static
../Core/Src/gh_modbus_map.c:308:13:topo_set_u32	24	static
../Core/Src/gh_modbus_map.c:314:13:dir_set_u32	24	static
../Core/Src/gh_modbus_map.c:320:17:cfg_get_u32	24	static
../Core/Src/gh_modbus_map.c:326:17:topo_get_u32	24	static
../Core/Src/gh_modbus_map.c:332:13:trace_set_u32	16	static
../Core/Src/gh_modbus_map.c:338:13:map_refresh_tcp_trace_nolock	264	static
../Core/Src/gh_modbus_map.c:377:13:map_refresh_point_modules_nolock	16	static
../Core/Src/gh_modbus_map.c:424:13:map_refresh_points_nolock	24	static
../Core/Src/gh_modbus_map.c:468:13:map_refresh_directory_nolock	24	static
../Core/Src/gh_modbus_map.c:497:13:map_refresh_runtime_diag_nolock	80	static
../Core/Src/gh_modbus_map.c:546:13:cfg_report_result_nolock	16	static
../Core/Src/gh_modbus_map.c:555:13:topo_report_result_nolock	24	static
../Core/Src/gh_modbus_map.c:566:6:GH_ModbusMap_ReportConfigResult	16	static
../Core/Src/gh_modbus_map.c:578:6:GH_ModbusMap_ReportTopologyResult	24	static
../Core/Src/gh_modbus_map.c:591:13:cfg_try_submit	160	static
../Core/Src/gh_modbus_map.c:632:13:topo_try_submit	280	static
../Core/Src/gh_modbus_map.c:685:13:cfg_maybe_submit_after_write	24	static
../Core/Src/gh_modbus_map.c:704:13:topo_maybe_submit_after_write	24	static
../Core/Src/gh_modbus_map.c:723:13:cmd_validate_write_nolock	40	static
../Core/Src/gh_modbus_map.c:762:13:cmd_validate_request_nolock	16	static
../Core/Src/gh_modbus_map.c:789:13:cmd_try_submit	80	static
../Core/Src/gh_modbus_map.c:827:13:cmd_maybe_submit_after_write	24	static
../Core/Src/gh_modbus_map.c:847:13:dir_maybe_submit_rtc_set_after_write	24	static
../Core/Src/gh_modbus_map.c:883:6:GH_ModbusMap_Init	16	static
../Core/Src/gh_modbus_map.c:957:6:GH_ModbusMap_UpdateAges	40	static
../Core/Src/gh_modbus_map.c:1012:6:GH_ModbusMap_UpdateRtcTime	16	static
../Core/Src/gh_modbus_map.c:1029:6:GH_ModbusMap_GetRtcSetRequest	16	static
../Core/Src/gh_modbus_map.c:1053:6:GH_ModbusMap_MarkRtcSetResult	24	static
../Core/Src/gh_modbus_map.c:1075:6:GH_ModbusMap_ReportRtcSyncDiag	24	static
../Core/Src/gh_modbus_map.c:1096:6:GH_ModbusMap_ReadRange	24	static
../Core/Src/gh_modbus_map.c:1115:6:GH_ModbusMap_WriteSingle	24	static
../Core/Src/gh_modbus_map.c:1143:6:GH_ModbusMap_WriteRange	24	static
../Core/Src/gh_modbus_map.c:1170:6:GH_ModbusMap_UpdateTelemetry	32	static
../Core/Src/gh_modbus_map.c:1198:6:GH_ModbusMap_ReportTimeout	32	static
../Core/Src/gh_modbus_map.c:1235:6:GH_ModbusMap_UpdateDiag	32	static
../Core/Src/gh_modbus_map.c:1255:6:GH_ModbusMap_GetDataDrivenCommandRequest	32	static
../Core/Src/gh_modbus_map.c:1276:6:GH_ModbusMap_MarkDataDrivenCommandResult	24	static
../Core/Src/gh_modbus_map.c:1306:11:GH_ModbusMap_GetBackingStore	4	static
../Core/Src/gh_modbus_map.c:1311:10:GH_ModbusMap_GetBackingStoreSize	4	static
