../Core/Src/Modbus.c:127:17:TCPreadBeU16	16	static
../Core/Src/Modbus.c:137:17:TCPpeekTransactionId	16	static
../Core/Src/Modbus.c:147:17:TCPpeekMbapLength	16	static
../Core/Src/Modbus.c:161:13:TCPdecodeRequestFields	32	static
../Core/Src/Modbus.c:211:13:TCPtraceRecord	32	static
../Core/Src/Modbus.c:258:17:TCPgetIdleCycleLimit	32	static
../Core/Src/Modbus.c:278:13:TCPclearClientRx	16	static
../Core/Src/Modbus.c:291:13:TCPappendNetbufData	24	static
../Core/Src/Modbus.c:321:13:TCPextractFrame	88	static
../Core/Src/Modbus.c:449:6:RingAdd	16	static
../Core/Src/Modbus.c:468:9:RingGetAllBytes	16	static
../Core/Src/Modbus.c:474:9:RingGetNBytes	32	static
../Core/Src/Modbus.c:492:9:RingCountBytes	16	static
../Core/Src/Modbus.c:497:6:RingClear	16	static
../Core/Src/Modbus.c:530:6:ModbusInit	32	static
../Core/Src/Modbus.c:691:6:ModbusStart	24	static
../Core/Src/Modbus.c:817:6:vTimerCallbackT35	32	static
../Core/Src/Modbus.c:836:6:vTimerCallbackTimeout	24	static
../Core/Src/Modbus.c:855:6:TCPwaitConnData	104	static
../Core/Src/Modbus.c:1119:7:TCPinitserver	24	static
../Core/Src/Modbus.c:1155:6:StartTaskModbusSlave	24	static
../Core/Src/Modbus.c:1311:6:ModbusQuery	16	static
../Core/Src/Modbus.c:1325:10:ModbusQueryV2	16	static
../Core/Src/Modbus.c:1345:6:ModbusQueryInject	16	static
../Core/Src/Modbus.c:1355:6:ModbusCloseConn	16	static
../Core/Src/Modbus.c:1366:6:ModbusCloseConnNull	16	static
../Core/Src/Modbus.c:1380:6:ModbusTcpGetDiag	24	static
../Core/Src/Modbus.c:1388:6:ModbusTcpClearDiag	8	static
../Core/Src/Modbus.c:1402:6:ModbusTcpGetTrace	32	static
../Core/Src/Modbus.c:1428:6:ModbusTcpClearTrace	8	static
../Core/Src/Modbus.c:1453:8:SendQuery	24	static
../Core/Src/Modbus.c:1562:21:TCPconnectserver	24	static
../Core/Src/Modbus.c:1603:20:TCPgetRxBuffer	48	static
../Core/Src/Modbus.c:1660:6:StartTaskModbusMaster	80	static
../Core/Src/Modbus.c:1814:6:get_FC1	32	static
../Core/Src/Modbus.c:1839:6:get_FC3	32	static
../Core/Src/Modbus.c:1860:9:validateAnswer	24	static
../Core/Src/Modbus.c:1915:9:getRxBuffer	24	static
../Core/Src/Modbus.c:1956:9:validateRequest	24	static
../Core/Src/Modbus.c:2074:10:word	24	static
../Core/Src/Modbus.c:2092:10:calcCRC	32	static
../Core/Src/Modbus.c:2125:6:buildException	24	static
../Core/Src/Modbus.c:2151:13:sendTxBuffer	120	static
../Core/Src/Modbus.c:2372:8:process_FC1	32	static
../Core/Src/Modbus.c:2428:8:process_FC3	272	static
../Core/Src/Modbus.c:2484:8:process_FC5	24	static
../Core/Src/Modbus.c:2518:8:process_FC6	24	static
../Core/Src/Modbus.c:2557:8:process_FC15	32	static
../Core/Src/Modbus.c:2614:8:process_FC16	288	static
